Archive member included because of file (symbol)

../../wlan_bsp_cpu_high/mb_high/lib\libxil.a(xil_printf.o)
                              ./wlan_mac_high_framework/wlan_exp_common.o (xil_printf)
../../wlan_bsp_cpu_high/mb_high/lib\libxil.a(_exception_handler.o)
                              c:/xilinx/14.4/ise_ds/edk/gnu/microblaze/nt64/bin/../lib/gcc/microblaze-xilinx-elf/4.6.2/../../../../microblaze-xilinx-elf/lib/bs/m/le/crt0.o (_exception_handler)
../../wlan_bsp_cpu_high/mb_high/lib\libxil.a(_program_clean.o)
                              c:/xilinx/14.4/ise_ds/edk/gnu/microblaze/nt64/bin/../lib/gcc/microblaze-xilinx-elf/4.6.2/../../../../microblaze-xilinx-elf/lib/bs/m/le/crtinit.o (_program_clean)
../../wlan_bsp_cpu_high/mb_high/lib\libxil.a(_program_init.o)
                              c:/xilinx/14.4/ise_ds/edk/gnu/microblaze/nt64/bin/../lib/gcc/microblaze-xilinx-elf/4.6.2/../../../../microblaze-xilinx-elf/lib/bs/m/le/crtinit.o (_program_init)
../../wlan_bsp_cpu_high/mb_high/lib\libxil.a(hw_exception_handler.o)
                              c:/xilinx/14.4/ise_ds/edk/gnu/microblaze/nt64/bin/../lib/gcc/microblaze-xilinx-elf/4.6.2/../../../../microblaze-xilinx-elf/lib/bs/m/le/crt0.o (_hw_exception_handler)
../../wlan_bsp_cpu_high/mb_high/lib\libxil.a(microblaze_interrupt_handler.o)
                              c:/xilinx/14.4/ise_ds/edk/gnu/microblaze/nt64/bin/../lib/gcc/microblaze-xilinx-elf/4.6.2/../../../../microblaze-xilinx-elf/lib/bs/m/le/crt0.o (_interrupt_handler)
../../wlan_bsp_cpu_high/mb_high/lib\libxil.a(microblaze_interrupts_g.o)
                              ../../wlan_bsp_cpu_high/mb_high/lib\libxil.a(microblaze_interrupt_handler.o) (MB_InterruptVectorTable)
../../wlan_bsp_cpu_high/mb_high/lib\libxil.a(outbyte.o)
                              ../../wlan_bsp_cpu_high/mb_high/lib\libxil.a(xil_printf.o) (outbyte)
../../wlan_bsp_cpu_high/mb_high/lib\libxil.a(xil_assert.o)
                              ./wlan_mac_high_framework/wlan_mac_schedule.o (Xil_Assert)
../../wlan_bsp_cpu_high/mb_high/lib\libxil.a(xil_exception.o)
                              ./wlan_mac_high_framework/wlan_mac_high.o (Xil_ExceptionInit)
../../wlan_bsp_cpu_high/mb_high/lib\libxil.a(xil_io.o)
                              ./wlan_mac_high_framework/wlan_exp_node.o (Xil_EndianSwap16)
../../wlan_bsp_cpu_high/mb_high/lib\libxil.a(xilnet_eth.o)
                              ./wlan_mac_high_framework/wlan_exp_transport.o (xilnet_eth_set_inf_hw_info)
../../wlan_bsp_cpu_high/mb_high/lib\libxil.a(xilnet_ip.o)
                              ../../wlan_bsp_cpu_high/mb_high/lib\libxil.a(xilnet_eth.o) (xilnet_ip)
../../wlan_bsp_cpu_high/mb_high/lib\libxil.a(xilnet_udp.o)
                              ../../wlan_bsp_cpu_high/mb_high/lib\libxil.a(xilnet_ip.o) (xilnet_udp)
../../wlan_bsp_cpu_high/mb_high/lib\libxil.a(xilnet_config.o)
                              ../../wlan_bsp_cpu_high/mb_high/lib\libxil.a(xilnet_eth.o) (xilnet_init_eth_device_struct)
../../wlan_bsp_cpu_high/mb_high/lib\libxil.a(xilnet_xilsock.o)
                              ./wlan_mac_high_framework/wlan_exp_transport.o (xilsock_socket)
../../wlan_bsp_cpu_high/mb_high/lib\libxil.a(xaxicdma.o)
                              ./wlan_mac_high_framework/wlan_mac_high.o (XAxiCdma_CfgInitialize)
../../wlan_bsp_cpu_high/mb_high/lib\libxil.a(xaxicdma_bdring.o)
                              ../../wlan_bsp_cpu_high/mb_high/lib\libxil.a(xaxicdma.o) (XAxiCdma_BdRingGetCurrBd)
../../wlan_bsp_cpu_high/mb_high/lib\libxil.a(xaxicdma_intr.o)
                              ../../wlan_bsp_cpu_high/mb_high/lib\libxil.a(xaxicdma.o) (XAxiCdma_IntrGetEnabled)
../../wlan_bsp_cpu_high/mb_high/lib\libxil.a(xaxicdma_sinit.o)
                              ./wlan_mac_high_framework/wlan_mac_high.o (XAxiCdma_LookupConfig)
../../wlan_bsp_cpu_high/mb_high/lib\libxil.a(xaxiethernet.o)
                              ./wlan_mac_high_framework/wlan_exp_transport.o (XAxiEthernet_Start)
../../wlan_bsp_cpu_high/mb_high/lib\libxil.a(xaxiethernet_sinit.o)
                              ./wlan_mac_high_framework/wlan_exp_transport.o (XAxiEthernet_LookupConfig)
../../wlan_bsp_cpu_high/mb_high/lib\libxil.a(xaxidma.o)
                              ./wlan_mac_high_framework/wlan_mac_eth_util.o (XAxiDma_CfgInitialize)
../../wlan_bsp_cpu_high/mb_high/lib\libxil.a(xaxidma_bd.o)
                              ./wlan_mac_high_framework/wlan_mac_eth_util.o (XAxiDma_BdSetLength)
../../wlan_bsp_cpu_high/mb_high/lib\libxil.a(xaxidma_bdring.o)
                              ./wlan_mac_high_framework/wlan_mac_eth_util.o (XAxiDma_BdRingCreate)
../../wlan_bsp_cpu_high/mb_high/lib\libxil.a(xaxidma_sinit.o)
                              ./wlan_mac_high_framework/wlan_mac_eth_util.o (XAxiDma_LookupConfig)
../../wlan_bsp_cpu_high/mb_high/lib\libxil.a(xintc.o)
                              ./wlan_mac_high_framework/wlan_mac_high.o (XIntc_Initialize)
[...]
Memory Configuration

Name             Origin             Length             Attributes
mb_high_ilmb_bram_cntlr_0_mb_high_dlmb_bram_cntlr_0 0x00000050         0x0001ffb0
mb_high_ilmb_bram_cntlr_1_mb_high_dlmb_bram_cntlr_1 0x00020000         0x00020000
mb_high_init_bram_ctrl_S_AXI_BASEADDR 0x50000000         0x00001000
pkt_buff_tx_bram_ctrl_S_AXI_BASEADDR 0xbf570000         0x00010000
pkt_buff_rx_bram_ctrl_S_AXI_BASEADDR 0xbf560000         0x00010000
mac_log_bram_ctrl_S_AXI_BASEADDR 0x90000000         0x00002000
mb_high_aux_bram_ctrl_S_AXI_BASEADDR 0xbf540000         0x00010000
ddr3_sodimm_S_AXI_BASEADDR 0xc0000000         0x40000000
*default*        0x00000000         0xffffffff

Linker script and memory map

LOAD c:/xilinx/14.4/ise_ds/edk/gnu/microblaze/nt64/bin/../lib/gcc/microblaze-xilinx-elf/4.6.2/../../../../microblaze-xilinx-elf/lib/bs/m/le/crt0.o
LOAD c:/xilinx/14.4/ise_ds/edk/gnu/microblaze/nt64/bin/../lib/gcc/microblaze-xilinx-elf/4.6.2/bs/m/le/crti.o
LOAD c:/xilinx/14.4/ise_ds/edk/gnu/microblaze/nt64/bin/../lib/gcc/microblaze-xilinx-elf/4.6.2/bs/m/le/crtbegin.o
LOAD c:/xilinx/14.4/ise_ds/edk/gnu/microblaze/nt64/bin/../lib/gcc/microblaze-xilinx-elf/4.6.2/../../../../microblaze-xilinx-elf/lib/bs/m/le/crtinit.o
                [0x00001000]                _STACK_SIZE = DEFINED (_STACK_SIZE)?_STACK_SIZE:0x1000
                [0x00004000]                _HEAP_SIZE = DEFINED (_HEAP_SIZE)?_HEAP_SIZE:0x4000

.vectors.reset  0x00000000        0x8
 *(.vectors.reset)
 .vectors.reset
                0x00000000        0x8 c:/xilinx/14.4/ise_ds/edk/gnu/microblaze/nt64/bin/../lib/gcc/microblaze-xilinx-elf/4.6.2/../../../../microblaze-xilinx-elf/lib/bs/m/le/crt0.o
                0x00000000                _start

.vectors.sw_exception
                0x00000008        0x8
 *(.vectors.sw_exception)
 .vectors.sw_exception
                0x00000008        0x8 c:/xilinx/14.4/ise_ds/edk/gnu/microblaze/nt64/bin/../lib/gcc/microblaze-xilinx-elf/4.6.2/../../../../microblaze-xilinx-elf/lib/bs/m/le/crt0.o

.vectors.interrupt
                0x00000010        0x8
 *(.vectors.interrupt)
 .vectors.interrupt
                0x00000010        0x8 c:/xilinx/14.4/ise_ds/edk/gnu/microblaze/nt64/bin/../lib/gcc/microblaze-xilinx-elf/4.6.2/../../../../microblaze-xilinx-elf/lib/bs/m/le/crt0.o

.vectors.hw_exception
                0x00000020        0x8
 *(.vectors.hw_exception)
 .vectors.hw_exception
                0x00000020        0x8 c:/xilinx/14.4/ise_ds/edk/gnu/microblaze/nt64/bin/../lib/gcc/microblaze-xilinx-elf/4.6.2/../../../../microblaze-xilinx-elf/lib/bs/m/le/crt0.o

.text_bram_1    0x00020000    0x10388
 *wlan_mac_high_framework*(.text)
 .text          0x00020000      0x310 ./wlan_mac_high_framework/wlan_exp_common.o
                0x00020000                wlan_exp_print_header
                0x00020114                wlan_exp_print_mac_address
                0x00020190                wlan_exp_set_print_level
                0x000201e0                wlan_exp_get_mac_addr
                0x00020214                wlan_exp_put_mac_addr
                0x0002025c                wlan_exp_configure
                0x000202b8                get_station_status
 .text          0x00020310     0x57b8 ./wlan_mac_high_framework/wlan_exp_node.o
                0x00020310                find_statistics_txrx_entry
                0x0002034c                find_station_info_entry
                0x00020388                node_ltg_cleanup
                0x000203a8                zero_bss_info_entry
                0x000203d0                zero_txrx_stats_entry
                0x000203f8                zero_station_info_entry
                0x00020420                copy_bss_info_to_dest_entry
                0x00020510                copy_statistics_txrx_to_dest_entry
                0x00020610                copy_station_info_to_dest_entry
                0x00020700                wlan_exp_null_process_callback
                0x00020764                wlan_exp_null_init_callback
                0x000207c4                wlan_exp_null_callback
                0x00020824                wlan_exp_get_id_in_bss_info
                0x00020878                wlan_exp_get_id_in_statistics
                0x000208e0                wlan_exp_get_id_in_associated_stations
                0x00020974                node_sendEarlyResp
                0x00020a10                node_process_buffer_cmds
                0x00020fe4                wlan_exp_reset_all_callbacks
                0x00021044                wlan_exp_set_init_callback
                0x00021054                wlan_exp_set_process_callback
                0x00021064                wlan_exp_set_reset_station_statistics_callback
                0x00021074                wlan_exp_set_purge_all_data_tx_queue_callback
                0x00021084                wlan_exp_set_reset_all_associations_callback
                0x00021094                wlan_exp_set_reset_bss_info_callback
                0x000210a4                wlan_exp_set_timebase_adjust_callback
                0x000210b4                wlan_exp_set_tx_cmd_add_association_callback
                0x000210c4                node_init_system_monitor
                0x00021160                node_init_parameters
                0x000211f4                node_get_parameters
                0x0002137c                node_get_parameter_values
                0x00021408                node_info_set_wlan_hw_addr
                0x00021454                wlan_exp_node_init
                0x0002170c                wn_get_node_id
                0x0002171c                wn_get_serial_number
                0x0002172c                wn_get_curr_temp
                0x0002173c                wn_get_min_temp
                0x0002174c                wn_get_max_temp
                0x0002175c                create_wn_cmd_log_entry
                0x00021854                node_process_tx_power
                0x00021a10                node_process_tx_rate
                0x00021bdc                node_process_tx_ant_mode
                0x00021d84                node_processCmd
                0x00025918                node_rxFromTransport
 .text          0x00025ac8     0x1174 ./wlan_mac_high_framework/wlan_exp_transport.o
                0x00025ac8                transport_null_callback
                0x00025ad0                transport_processCmd
                0x00025c1c                transport_close
                0x00025c78                transport_set_hw_info
                0x00025d0c                transport_get_hw_addr
                0x00025d2c                transport_get_ip_addr
                0x00025d4c                transport_config_socket
                0x00025e9c                transport_config_sockets
                0x00025f4c                transport_setReceiveCallback
                0x00025f5c                transport_poll
                0x00025f7c                transport_send
                0x0002616c                transport_receiveCallback
                0x00026380                transport_create_async_msg
                0x0002646c                transport_create_async_msg_w_cmd
                0x00026590                transport_linkStatus
                0x00026618                transport_init_parameters
                0x0002669c                transport_init
                0x00026aa4                transport_get_parameters
 .text          0x00026c3c      0x2a0 ./wlan_mac_high_framework/wlan_mac_addr_filter.o
                0x00026c3c                wlan_mac_addr_filter_init
                0x00026c64                wlan_mac_addr_filter_reset
                0x00026cd8                wlan_mac_addr_filter_add
                0x00026dd4                addr_is_allowed
                0x00026e18                wlan_mac_addr_is_warp
                0x00026e44                wlan_mac_addr_filter_is_allowed
 .text          0x00026edc      0x9a4 ./wlan_mac_high_framework/wlan_mac_bss_info.o
                0x00026edc                bss_info_init
                0x00026fb8                bss_info_init_finish
                0x00026fec                print_bss_info
                0x00027164                bss_info_checkout
                0x000271bc                bss_info_checkin
                0x000271e8                wlan_mac_high_find_bss_info_SSID
                0x00027244                wlan_mac_high_find_bss_info_BSSID
                0x000272a0                wlan_mac_high_find_bss_info_oldest_unowned
                0x000272cc                wlan_mac_high_clear_bss_info
                0x0002737c                wlan_mac_high_create_bss_info
                0x000274dc                bss_info_timestamp_check
                0x00027588                bss_info_rx_process
                0x00027870                wlan_mac_high_get_bss_info_list
 .text          0x00027880      0x18c ./wlan_mac_high_framework/wlan_mac_dl_list.o
                0x00027880                dl_entry_insertAfter
                0x000278b4                dl_entry_insertBefore
                0x000278e8                dl_entry_insertBeginning
                0x00027930                dl_entry_insertEnd
                0x00027968                dl_entry_remove
                0x000279d0                dl_list_init
 .text          0x00027a0c      0xc20 ./wlan_mac_high_framework/wlan_mac_entries.o
                0x00027a0c                wlan_exp_log_get_entry_en_mask
                0x00027a1c                wlan_exp_log_set_entry_en_mask
                0x00027a2c                wlan_exp_log_set_mac_payload_len
                0x00027a70                wlan_exp_log_create_entry
                0x00027a90                wlan_exp_log_get_txrx_entry_sizes
                0x00027c40                wlan_exp_log_create_rx_entry
                0x000280f8                wlan_exp_log_create_tx_entry
                0x00028274                wlan_exp_log_create_tx_low_entry
 .text          0x0002862c     0x1104 ./wlan_mac_high_framework/wlan_mac_eth_util.o
                0x0002862c                wlan_mac_util_set_eth_rx_callback
                0x0002863c                wlan_mac_util_set_eth_encap_mode
                0x0002864c                eth_get_num_rx_bd
                0x0002865c                wlan_eth_setup_interrupt
                0x000286d8                wlan_eth_dma_init
                0x00028a2c                wlan_eth_init
                0x00028b5c                wlan_eth_dma_send
                0x00028d2c                wlan_mpdu_eth_send
                0x00029180                wlan_eth_encap
                0x00029420                wlan_eth_dma_update
                0x000295a8                wlan_poll_eth_rx
                0x000296f8                eth_rx_interrupt_handler
 .text          0x00029730      0xf6c ./wlan_mac_high_framework/wlan_mac_event_log.o
                0x00029730                event_log_config_wrap
                0x0002976c                event_log_config_logging
                0x000297a8                event_log_get_data
                0x00029868                event_log_get_size
                0x000298a4                event_log_get_capacity
                0x000298b4                event_log_get_next_entry_index
                0x000298cc                event_log_get_oldest_entry_index
                0x000298e4                event_log_get_total_size
                0x00029938                event_log_get_num_wraps
                0x00029948                event_log_get_flags
                0x0002996c                event_log_update_type
                0x000299e8                print_event_log_size
                0x00029a78                wn_transmit_log_entry
                0x00029b20                add_node_info_entry
                0x00029c08                event_log_reset
                0x00029c84                event_log_move_oldest_address
                0x00029d20                event_log_increment_oldest_address
                0x00029dc4                event_log_get_next_empty_address
                0x0002a154                event_log_get_next_empty_entry
                0x0002a208                event_log_init
                0x0002a31c                add_txrx_statistics_to_log
                0x0002a3c0                add_all_txrx_statistics_to_log
                0x0002a430                add_station_info_to_log
                0x0002a4ec                add_station_info_w_stats_to_log
                0x0002a53c                add_all_station_info_to_log
                0x0002a5e0                add_temperature_to_log
 .text          0x0002a69c     0x2e5c ./wlan_mac_high_framework/wlan_mac_high.o
                0x0002a69c                wlan_mac_high_gpio_handler
                0x0002a754                wlan_mac_high_uart_rx_handler
                0x0002a79c                wlan_mac_high_heap_init
                0x0002a86c                wlan_mac_high_interrupt_init
                0x0002aa5c                wlan_mac_high_interrupt_restore_state
                0x0002aac0                wlan_mac_high_interrupt_stop
                0x0002ab20                wlan_mac_high_find_station_info_AID
                0x0002ab48                wlan_mac_high_find_station_info_ADDR
                0x0002aba0                wlan_mac_high_find_statistics_ADDR
                0x0002ac28                wlan_mac_high_get_user_io_state
                0x0002ac50                wlan_mac_high_set_pb_u_callback
                0x0002ac60                wlan_mac_high_set_pb_m_callback
                0x0002ac70                wlan_mac_high_set_pb_d_callback
                0x0002ac80                wlan_mac_high_set_uart_rx_callback
                0x0002ac90                wlan_mac_high_set_mpdu_tx_done_callback
                0x0002aca0                wlan_mac_high_set_mpdu_rx_callback
                0x0002acb0                wlan_mac_high_set_poll_tx_queues_callback
                0x0002acc0                wlan_mac_high_set_mpdu_dequeue_callback
                0x0002acd0                get_usec_timestamp
                0x0002ad98                wlan_mac_high_display_mallinfo
                0x0002aea8                wlan_mac_high_malloc
                0x0002af04                wlan_mac_high_calloc
                0x0002af50                wlan_mac_high_realloc
                0x0002afac                wlan_mac_high_free
                0x0002afe0                wlan_mac_high_enable_hex_pwm
                0x0002b000                wlan_mac_high_disable_hex_pwm
                0x0002b020                wlan_mac_high_write_hex_display
                0x0002b0e8                wlan_mac_high_set_node_error_status
                0x0002b138                sevenSegmentMap
                0x0002b158                wlan_mac_high_right_shift_test
                0x0002b218                wlan_mac_high_cdma_finish_transfer
                0x0002b244                wlan_mac_high_cdma_start_transfer
                0x0002b364                wlan_mac_high_mpdu_transmit
                0x0002b57c                wlan_mac_high_get_unique_seq
                0x0002b598                wlan_mac_high_get_hw_info
                0x0002b5a8                wlan_mac_high_get_eeprom_mac_addr
                0x0002b5b8                wlan_mac_high_valid_tagged_rate
                0x0002b684                wlan_mac_high_tagged_rate_to_readable_rate
                0x0002b810                wlan_mac_high_setup_tx_header
                0x0002b81c                wlan_mac_high_setup_tx_frame_info
                0x0002b898                wlan_mac_high_set_srand
                0x0002b8d4                wlan_mac_high_set_channel
                0x0002b944                wlan_mac_high_set_rx_ant_mode
                0x0002b9b4                wlan_mac_high_set_tx_ctrl_pow
                0x0002b9f0                wlan_mac_high_set_rx_filter_mode
                0x0002ba2c                wlan_mac_high_write_low_mem
                0x0002ba78                wlan_mac_high_read_low_mem
                0x0002bb20                wlan_mac_high_read_low_param
                0x0002bbe0                wlan_mac_high_set_dsss
                0x0002bc24                wlan_mac_high_set_timestamp
                0x0002bc68                wlan_mac_high_set_timestamp_delta
                0x0002bcb0                wlan_mac_high_request_low_state
                0x0002bce4                wlan_mac_high_is_ready_for_tx
                0x0002bcfc                wlan_mac_high_lock_new_tx_packet_buffer
                0x0002bdbc                wlan_mac_high_release_tx_packet_buffer
                0x0002be44                wlan_mac_high_process_ipc_msg
                0x0002c12c                wlan_mac_high_ipc_rx
                0x0002c16c                wlan_mac_high_is_cpu_low_initialized
                0x0002c194                wlan_mac_high_pkt_type
                0x0002c228                wlan_mac_high_set_debug_gpio
                0x0002c278                wlan_mac_high_clear_debug_gpio
                0x0002c2cc                str2num
                0x0002c34c                usleep
                0x0002c3ac                wlan_mac_high_memory_test
                0x0002c690                wlan_mac_high_blink_hex_display
                0x0002c8a4                wlan_mac_high_init
                0x0002cc54                wlan_mac_high_is_valid_association
                0x0002cc80                wlan_mac_high_set_max_associations
                0x0002ccb4                wlan_mac_high_get_max_associations
                0x0002ccc4                wlan_mac_high_print_associations
                0x0002cd70                wlan_mac_high_remove_association
                0x0002cea8                wlan_mac_high_add_statistics
                0x0002d074                wlan_mac_high_add_association
                0x0002d35c                wlan_mac_high_reset_statistics
                0x0002d3fc                wlan_mac_high_update_tx_statistics
 .text          0x0002d4f8     0x1324 ./wlan_mac_high_framework/wlan_mac_ltg.o
                0x0002d4f8                wlan_mac_ltg_sched_set_callback
                0x0002d508                ltg_sched_create_l
                0x0002d574                ltg_sched_stop_l
                0x0002d608                ltg_sched_stop_all
                0x0002d674                ltg_sched_check
                0x0002d86c                ltg_sched_destroy_params
                0x0002d8b8                ltg_sched_destroy_l
                0x0002d904                ltg_sched_remove_all
                0x0002d9b0                ltg_sched_start_l
                0x0002dbbc                ltg_sched_start_all
                0x0002dc60                ltg_sched_create
                0x0002dee0                ltg_sched_find_tg_schedule
                0x0002df0c                ltg_sched_remove
                0x0002dfb8                wlan_mac_ltg_sched_init
                0x0002e028                ltg_sched_get_callback_arg
                0x0002e068                ltg_sched_get_params
                0x0002e0a8                ltg_sched_get_state
                0x0002e188                ltg_sched_stop
                0x0002e1f4                ltg_sched_start
                0x0002e260                wlan_create_ltg_frame
                0x0002e2e8                ltg_sched_deserialize
                0x0002e590                ltg_payload_deserialize
 .text          0x0002e81c      0xdc4 ./wlan_mac_high_framework/wlan_mac_packet_types.o
                0x0002e81c                wlan_create_beacon_probe_resp_frame
                0x0002eb08                wlan_create_measurement_req_frame
                0x0002ec24                wlan_create_channel_switch_announcement_frame
                0x0002ed04                wlan_create_probe_req_frame
                0x0002eea0                wlan_create_auth_frame
                0x0002ef64                wlan_create_deauth_frame
                0x0002f020                wlan_create_reassoc_assoc_req_frame
                0x0002f304                wlan_create_association_response_frame
                0x0002f420                wlan_create_data_frame
                0x0002f4d8                wlan_create_rts_frame
                0x0002f550                wlan_create_cts_frame
                0x0002f598                wlan_create_ack_frame
 .text          0x0002f5e0      0x55c ./wlan_mac_high_framework/wlan_mac_queue.o
                0x0002f5e0                queue_init
                0x0002f704                queue_total_size
                0x0002f714                enqueue_after_tail
                0x0002f830                dequeue_from_head
                0x0002f890                queue_num_free
                0x0002f8a0                queue_num_queued
                0x0002f8d0                queue_checkout
                0x0002f920                queue_checkin
                0x0002f94c                purge_queue
                0x0002fa1c                queue_checkout_list
                0x0002fab0                dequeue_transmit_checkin
 .text          0x0002fb3c      0x84c ./wlan_mac_high_framework/wlan_mac_schedule.o
                0x0002fb3c                timer_handler
                0x0002fdf0                XTmrCtr_CustomInterruptHandler
                0x0002fec4                wlan_mac_schedule_init
                0x0002ffbc                wlan_mac_schedule_setup_interrupt
                0x00030010                wlan_mac_schedule_event_repeated
                0x00030214                find_schedule
                0x00030284                wlan_mac_remove_schedule

.text           0x00000050    0x1bb44
 *(.text)
 .text          0x00000050       0x34 c:/xilinx/14.4/ise_ds/edk/gnu/microblaze/nt64/bin/../lib/gcc/microblaze-xilinx-elf/4.6.2/../../../../microblaze-xilinx-elf/lib/bs/m/le/crt0.o
                0x00000050                _start1
                0x00000080                _exit
 .text          0x00000084        0x0 c:/xilinx/14.4/ise_ds/edk/gnu/microblaze/nt64/bin/../lib/gcc/microblaze-xilinx-elf/4.6.2/bs/m/le/crti.o
 .text          0x00000084      0x118 c:/xilinx/14.4/ise_ds/edk/gnu/microblaze/nt64/bin/../lib/gcc/microblaze-xilinx-elf/4.6.2/bs/m/le/crtbegin.o
 .text          0x0000019c       0xb0 c:/xilinx/14.4/ise_ds/edk/gnu/microblaze/nt64/bin/../lib/gcc/microblaze-xilinx-elf/4.6.2/../../../../microblaze-xilinx-elf/lib/bs/m/le/crtinit.o
                0x0000019c                _crtinit
 .text          0x0000024c      0x604 ./wlan_mac_common/wlan_mac_ipc_util.o
                0x0000024c                nullCallback
                0x00000254                MailboxIntrHandler
                0x000002d8                wlan_lib_mailbox_setup_interrupt
                0x00000380                wlan_lib_mailbox_set_rx_callback
                0x00000390                wlan_lib_mac_rate_to_mbps
                0x000003b4                wlan_lib_channel_verify
                0x000003dc                lock_pkt_buf_tx
                0x00000428                lock_pkt_buf_rx
                0x00000474                unlock_pkt_buf_tx
                0x000004c0                unlock_pkt_buf_rx
                0x0000050c                wlan_lib_init
                0x000005c0                status_pkt_buf_tx
                0x0000060c                status_pkt_buf_rx
                0x00000658                ipc_mailbox_write_msg
                0x00000708                ipc_mailbox_read_isempty
                0x00000730                ipc_mailbox_read_msg
 .text          0x00000850      0xf24 ./src/wlan_exp_node_ap.o
                0x00000850                wlan_exp_node_ap_processCmd
 .text          0x00001774     0x1b54 ./src/wlan_mac_ap.o
                0x00001774                up_button
                0x0000177c                association_timestamp_adjust
                0x000017c8                mpdu_dequeue
                0x00001a70                purge_all_data_tx_queue
                0x00001ad0                reset_bss_info
                0x00001b58                reset_station_statistics
                0x00001b80                ethernet_receive
                0x00001d5c                beacon_transmit
                0x00001e20                ltg_event
                0x000020c0                mpdu_transmit_done
                0x00002200                poll_tx_queues
                0x000023f4                send_channel_switch_announcement
                0x000024c0                get_station_info_list
                0x000024d8                get_statistics
                0x000024e8                get_wlan_mac_addr
                0x000024f8                ap_write_hex_display
                0x000025ec                deauthenticate_station
                0x00002734                deauthenticate_stations
                0x00002774                reset_all_associations
                0x000027a4                association_timestamp_check
                0x000028e4                mpdu_rx_process
 .text          0x000032c8     0x1324 ./src/wlan_mac_ap_uart_menu.o
                0x000032c8                chan_util
                0x0000334c                scan_traffic
                0x00003384                print_station_status
                0x00003630                print_ssid_menu
                0x0000369c                print_queue_status
                0x000037bc                print_menu
                0x000038fc                print_all_observed_statistics
                0x00003a98                stop_periodic_print
                0x00003ad8                start_periodic_print
                0x00003b34                stop_periodic_channel_sweep
                0x00003ba8                start_periodic_channel_sweep
                0x00003c08                stop_periodic_util
                0x00003c48                start_periodic_util
                0x00003cbc                uart_rx
                0x00004588                is_qwerty_row
                0x000045c0                qwerty_row_to_number
 .text          0x000045ec     0x13b4 ./src/wlan_mac_chan_util.o
                0x000045ec                wlan_mac_high_init_mpdu_info
                0x000045f4                wlan_mac_high_init_chan_info
                0x00004650                wlan_mac_high_init_chan_data
                0x00004688                wlan_mac_high_init_chan_state
                0x000046a0                wlan_mac_high_reset_chan_info
                0x000046d4                wlan_mac_high_refresh_chan_info
                0x0000471c                get_mpdu_duration
                0x000047ac                print_chan_data
                0x000048c8                set_mac_chan_state
                0x00004930                is_known_mac
                0x000049b8                set_mac_chan_info
                0x00004b48                copy_user_entry
                0x00004bd8                remove_user_at_index
                0x00004cd4                remove_inactive_users
                0x00004d54                get_tot_mpdu
                0x00004d6c                sort_users
                0x00004f80                get_avg_mpdu
                0x00004fdc                get_avg_duration
                0x00005038                print_chan_util
                0x00005438                get_mac_chan_util
                0x00005534                get_mac_channel_index
                0x0000556c                set_mac_chan_data
                0x000055c8                wlan_mac_high_refresh_chan_data
                0x000055fc                scan_traffic_sweep
                0x00005738                get_channel_band
                0x00005780                extract_mpdu_info
                0x000058f8                capture_mpdu
 .text          0x000059a0      0x604 ../../wlan_bsp_cpu_high/mb_high/lib\libxil.a(xil_printf.o)
                0x00005b8c                xil_printf
 .text          0x00005fa4        0x8 ../../wlan_bsp_cpu_high/mb_high/lib\libxil.a(_exception_handler.o)
                0x00005fa4                _exception_handler
 .text          0x00005fac        0x8 ../../wlan_bsp_cpu_high/mb_high/lib\libxil.a(_program_clean.o)
                0x00005fac                _program_clean
 .text          0x00005fb4        0x8 ../../wlan_bsp_cpu_high/mb_high/lib\libxil.a(_program_init.o)
                0x00005fb4                _program_init
 *fill*         0x00005fbc        0x4 00
 .text          0x00005fc0      0x480 ../../wlan_bsp_cpu_high/mb_high/lib\libxil.a(hw_exception_handler.o)
                0x00005fc0                _hw_exception_handler
 .text          0x00006440       0xb8 ../../wlan_bsp_cpu_high/mb_high/lib\libxil.a(microblaze_interrupt_handler.o)
                0x00006440                _interrupt_handler
                0x00006440                __interrupt_handler
                0x000064e4                microblaze_register_handler
 .text          0x000064f8        0x0 ../../wlan_bsp_cpu_high/mb_high/lib\libxil.a(microblaze_interrupts_g.o)
 .text          0x000064f8       0x2c ../../wlan_bsp_cpu_high/mb_high/lib\libxil.a(outbyte.o)
                0x000064f8                outbyte
 .text          0x00006524       0x48 ../../wlan_bsp_cpu_high/mb_high/lib\libxil.a(xil_assert.o)
                0x00006524                Xil_Assert
                0x0000655c                Xil_AssertSetCallback
 .text          0x0000656c       0xe8 ../../wlan_bsp_cpu_high/mb_high/lib\libxil.a(xil_exception.o)
                0x00006574                Xil_ExceptionInit
                0x0000657c                Xil_ExceptionEnable
                0x000065a8                Xil_ExceptionDisable
                0x000065d4                Xil_ExceptionRegisterHandler
                0x0000660c                Xil_ExceptionRemoveHandler
 .text          0x00006654      0x118 ../../wlan_bsp_cpu_high/mb_high/lib\libxil.a(xil_io.o)
                0x00006654                Xil_EndianSwap16
                0x00006670                Xil_EndianSwap32
                0x000066a8                Xil_In16BE
                0x000066d0                Xil_In32BE
                0x0000670c                Xil_Out16BE
                0x0000672c                Xil_Out32BE
 .text          0x0000676c      0xf5c ../../wlan_bsp_cpu_high/mb_high/lib\libxil.a(xilnet_eth.o)
                0x0000676c                xilnet_eth_print_err_msg
                0x0000685c                xilnet_eth_set_inf_hw_info
                0x000068f8                xilnet_eth_device_init
                0x00006ac0                xilnet_eth_get_inf_ip_addr
                0x00006b40                xilnet_eth_get_inf_hw_addr
                0x00006bc0                xilnet_eth_device_start
                0x00006c8c                xilnet_eth_init_hw_addr
                0x00006db8                xilnet_eth_recv_frame
                0x00006fa4                xilnet_eth_get_hw_addr
                0x00007064                xilnet_eth_send_frame
                0x00007290                xilnet_eth_init_hw_addr_tbl
                0x000072cc                xilnet_eth_find_old_entry
                0x000073a4                xilnet_eth_add_hw_tbl_entry
                0x000074e0                xilnet_eth_update_hw_tbl
 .text          0x000076c8      0x3e8 ../../wlan_bsp_cpu_high/mb_high/lib\libxil.a(xilnet_ip.o)
                0x000076c8                xilnet_ip_init
                0x00007764                xilnet_ip
                0x000078fc                xilnet_ip_calc_chksum
                0x00007980                xilnet_ip_header
 .text          0x00007ab0      0x3d0 ../../wlan_bsp_cpu_high/mb_high/lib\libxil.a(xilnet_udp.o)
                0x00007ab0                xilnet_udp
                0x00007c14                xilnet_udp_header
                0x00007c84                xilnet_udp_tcp_calc_chksum
                0x00007d8c                xilnet_udp_init_conns
                0x00007db8                xilnet_udp_open_conn
                0x00007e34                xilnet_udp_close_conn
 .text          0x00007e80      0x170 ../../wlan_bsp_cpu_high/mb_high/lib\libxil.a(xilnet_config.o)
                0x00007e80                xilnet_init_eth_device_struct
 .text          0x00007ff0      0x7d0 ../../wlan_bsp_cpu_high/mb_high/lib\libxil.a(xilnet_xilsock.o)
                0x00007ff0                xilsock_print_error_msg
                0x00008030                xilsock_init
                0x000080d0                xilsock_rel_socket
                0x00008128                xilsock_socket
                0x0000823c                xilsock_bind
                0x0000835c                xilsock_listen
                0x000083b0                xilsock_recv
                0x0000849c                xilsock_send
                0x000084c8                xilsock_recvfrom
                0x00008600                xilsock_sendto
                0x000086fc                xilsock_close
 .text          0x000087c0      0x570 ../../wlan_bsp_cpu_high/mb_high/lib\libxil.a(xaxicdma.o)
                0x000087c0                XAxiCdma_GetError
                0x000087d0                XAxiCdma_Reset
                0x000087f8                XAxiCdma_ResetIsDone
                0x00008810                XAxiCdma_CfgInitialize
                0x000088f0                XAxiCdma_IsBusy
                0x00008908                XAxiCdma_IsSimpleMode
                0x00008920                XAxiCdma_SwitchMode
                0x00008a2c                XAxiCdma_SimpleTransfer
                0x00008b88                XAxiCdma_SetCoalesce
                0x00008c1c                XAxiCdma_GetCoalesce
                0x00008c54                XAxiCdma_DumpRegisters
 .text          0x00008d30      0xab8 ../../wlan_bsp_cpu_high/mb_high/lib\libxil.a(xaxicdma_bdring.o)
                0x00008d30                XAxiCdma_BdRingCntCalc
                0x00008d6c                XAxiCdma_BdRingMemCalc
                0x00008d80                XAxiCdma_BdRingGetCnt
                0x00008d88                XAxiCdma_BdRingGetFreeCnt
                0x00008d90                XAxiCdma_BdRingSnapShotCurrBd
                0x00008de0                XAxiCdma_BdRingGetCurrBd
                0x00008df0                XAxiCdma_BdRingNext
                0x00008e38                XAxiCdma_BdRingPrev
                0x00008e80                XAxiCdma_BdRingCreate
                0x000090c4                XAxiCdma_BdRingClone
                0x0000918c                XAxiCdma_BdRingAlloc
                0x000091f4                XAxiCdma_BdRingUnAlloc
                0x0000927c                XAxiCdma_BdRingToHw
                0x000094fc                XAxiCdma_BdRingFromHw
                0x00009654                XAxiCdma_BdRingFree
                0x00009734                XAxiCdma_BdRingStartTransfer
 .text          0x000097e8      0x194 ../../wlan_bsp_cpu_high/mb_high/lib\libxil.a(xaxicdma_intr.o)
                0x000097e8                XAxiCdma_IntrEnable
                0x00009804                XAxiCdma_IntrGetEnabled
                0x00009814                XAxiCdma_IntrDisable
                0x00009834                XAxiCdma_IntrHandler
 .text          0x0000997c       0x24 ../../wlan_bsp_cpu_high/mb_high/lib\libxil.a(xaxicdma_sinit.o)
                0x0000997c                XAxiCdma_LookupConfig
 .text          0x000099a0     0x135c ../../wlan_bsp_cpu_high/mb_high/lib\libxil.a(xaxiethernet.o)
                0x00009a84                XAxiEthernet_Start
                0x00009b80                XAxiEthernet_Stop
                0x00009c48                XAxiEthernet_SetMacAddress
                0x00009dc8                XAxiEthernet_GetMacAddress
                0x00009efc                XAxiEthernet_SetOptions
                0x0000a1ac                XAxiEthernet_ClearOptions
                0x0000a454                XAxiEthernet_GetOptions
                0x0000a4f0                XAxiEthernet_GetOperatingSpeed
                0x0000a5d4                XAxiEthernet_SetOperatingSpeed
                0x0000a754                XAxiEthernet_SetBadFrmRcvOption
                0x0000a76c                XAxiEthernet_ClearBadFrmRcvOption
                0x0000a784                XAxiEthernet_DisableControlFrameLenCheck
                0x0000a7a0                XAxiEthernet_EnableControlFrameLenCheck
                0x0000a7bc                XAxiEthernet_PhySetMdioDivisor
                0x0000a884                XAxiEthernet_Reset
                0x0000aa28                XAxiEthernet_CfgInitialize
                0x0000aae8                XAxiEthernet_PhyRead
                0x0000abf4                XAxiEthernet_PhyWrite
 .text          0x0000acfc       0x40 ../../wlan_bsp_cpu_high/mb_high/lib\libxil.a(xaxiethernet_sinit.o)
                0x0000acfc                XAxiEthernet_LookupConfig
 .text          0x0000ad3c      0x758 ../../wlan_bsp_cpu_high/mb_high/lib\libxil.a(xaxidma.o)
                0x0000ad3c                XAxiDma_Reset
                0x0000ae4c                XAxiDma_ResetIsDone
                0x0000ae90                XAxiDma_CfgInitialize
                0x0000b070                XAxiDma_Pause
                0x0000b104                XAxiDma_Resume
                0x0000b318                XAxiDma_Busy
                0x0000b338                XAxiDma_SelectKeyHole
                0x0000b368                XAxiDma_SimpleTransfer
 .text          0x0000b494      0x280 ../../wlan_bsp_cpu_high/mb_high/lib\libxil.a(xaxidma_bd.o)
                0x0000b494                XAxiDma_BdSetLength
                0x0000b4c8                XAxiDma_BdSetBufAddr
                0x0000b528                XAxiDma_BdSetAppWord
                0x0000b55c                XAxiDma_BdGetAppWord
                0x0000b594                XAxiDma_BdSetCtrl
                0x0000b5b4                XAxiDma_DumpBd
 .text          0x0000b714      0xd48 ../../wlan_bsp_cpu_high/mb_high/lib\libxil.a(xaxidma_bdring.o)
                0x0000b714                XAxiDma_UpdateBdRingCDesc
                0x0000b804                XAxiDma_BdRingCreate
                0x0000b9dc                XAxiDma_BdRingClone
                0x0000bab4                XAxiDma_StartBdRingHw
                0x0000bbb8                XAxiDma_BdRingStart
                0x0000bbec                XAxiDma_BdRingSetCoalesce
                0x0000bc58                XAxiDma_BdRingGetCoalesce
                0x0000bc7c                XAxiDma_BdRingAlloc
                0x0000bcf4                XAxiDma_BdRingUnAlloc
                0x0000bd98                XAxiDma_BdRingToHw
                0x0000bfc8                XAxiDma_BdRingFromHw
                0x0000c14c                XAxiDma_BdRingFree
                0x0000c1c8                XAxiDma_BdRingCheck
                0x0000c338                XAxiDma_BdRingDumpRegs
 .text          0x0000c45c       0x24 ../../wlan_bsp_cpu_high/mb_high/lib\libxil.a(xaxidma_sinit.o)
                0x0000c45c                XAxiDma_LookupConfig
 .text          0x0000c480      0xc18 ../../wlan_bsp_cpu_high/mb_high/lib\libxil.a(xintc.o)
                0x0000c4d8                XIntc_Initialize
                0x0000c668                XIntc_Start
                0x0000c758                XIntc_Stop
                0x0000c7e8                XIntc_Connect
                0x0000c8f8                XIntc_Disconnect
                0x0000c9fc                XIntc_Enable
                0x0000cad8                XIntc_Disable
                0x0000cbb8                XIntc_Acknowledge
                0x0000cc8c                XIntc_LookupConfig
                0x0000ccb0                XIntc_ConnectFastHandler
                0x0000ceb4                XIntc_SetNormalIntrMode
 .text          0x0000d098        0x0 ../../wlan_bsp_cpu_high/mb_high/lib\libxil.a(xintc_g.o)
 .text          0x0000d098       0x7c ../../wlan_bsp_cpu_high/mb_high/lib\libxil.a(xintc_intr.o)
                0x0000d098                XIntc_VoidInterruptHandler
                0x0000d0b8                XIntc_InterruptHandler
 .text          0x0000d114      0x1e8 ../../wlan_bsp_cpu_high/mb_high/lib\libxil.a(xintc_l.o)
                0x0000d114                XIntc_DeviceInterruptHandler
                0x0000d20c                XIntc_LowLevelInterruptHandler
                0x0000d228                XIntc_SetIntrSvcOption
                0x0000d250                XIntc_RegisterHandler
                0x0000d284                XIntc_RegisterFastHandler
 .text          0x0000d2fc      0x41c ../../wlan_bsp_cpu_high/mb_high/lib\libxil.a(xgpio.o)
                0x0000d2fc                XGpio_CfgInitialize
                0x0000d370                XGpio_SetDataDirection
                0x0000d44c                XGpio_GetDataDirection
                0x0000d544                XGpio_DiscreteRead
                0x0000d63c                XGpio_DiscreteWrite
 .text          0x0000d718      0x5d8 ../../wlan_bsp_cpu_high/mb_high/lib\libxil.a(xgpio_intr.o)
                0x0000d718                XGpio_InterruptGlobalEnable
                0x0000d7e4                XGpio_InterruptGlobalDisable
                0x0000d8a8                XGpio_InterruptEnable
                0x0000d974                XGpio_InterruptDisable
                0x0000da44                XGpio_InterruptClear
                0x0000db10                XGpio_InterruptGetEnabled
                0x0000dc00                XGpio_InterruptGetStatus
 .text          0x0000dcf0       0xe8 ../../wlan_bsp_cpu_high/mb_high/lib\libxil.a(xgpio_sinit.o)
                0x0000dcf0                XGpio_LookupConfig
                0x0000dd30                XGpio_Initialize
 .text          0x0000ddd8      0x7cc ../../wlan_bsp_cpu_high/mb_high/lib\libxil.a(xtmrctr.o)
                0x0000ddd8                XTmrCtr_Initialize
                0x0000df10                XTmrCtr_Start
                0x0000e000                XTmrCtr_Stop
                0x0000e0dc                XTmrCtr_GetValue
                0x0000e1d0                XTmrCtr_SetResetValue
                0x0000e2a8                XTmrCtr_GetCaptureValue
                0x0000e39c                XTmrCtr_Reset
                0x0000e488                XTmrCtr_IsExpired
                0x0000e580                XTmrCtr_LookupConfig
 .text          0x0000e5a4        0x0 ../../wlan_bsp_cpu_high/mb_high/lib\libxil.a(xtmrctr_g.o)
 .text          0x0000e5a4      0x1c8 ../../wlan_bsp_cpu_high/mb_high/lib\libxil.a(xtmrctr_intr.o)
                0x0000e5a4                XTmrCtr_SetHandler
                0x0000e65c                XTmrCtr_InterruptHandler
 .text          0x0000e76c        0x0 ../../wlan_bsp_cpu_high/mb_high/lib\libxil.a(xtmrctr_l.o)
 .text          0x0000e76c      0x240 ../../wlan_bsp_cpu_high/mb_high/lib\libxil.a(xtmrctr_options.o)
                0x0000e76c                XTmrCtr_SetOptions
                0x0000e88c                XTmrCtr_GetOptions
 .text          0x0000e9ac      0x5e8 ../../wlan_bsp_cpu_high/mb_high/lib\libxil.a(xuartlite.o)
                0x0000e9e0                XUartLite_CfgInitialize
                0x0000ea7c                XUartLite_ResetFifos
                0x0000eb14                XUartLite_IsSending
                0x0000eb88                XUartLite_SendBuffer
                0x0000ec30                XUartLite_Send
                0x0000ed7c                XUartLite_ReceiveBuffer
                0x0000ee48                XUartLite_Recv
 .text          0x0000ef94      0x384 ../../wlan_bsp_cpu_high/mb_high/lib\libxil.a(xuartlite_intr.o)
                0x0000ef94                XUartLite_SetRecvHandler
                0x0000f04c                XUartLite_SetSendHandler
                0x0000f104                XUartLite_InterruptHandler
                0x0000f1fc                XUartLite_DisableInterrupt
                0x0000f288                XUartLite_EnableInterrupt
 .text          0x0000f318       0x38 ../../wlan_bsp_cpu_high/mb_high/lib\libxil.a(xuartlite_l.o)
                0x0000f318                XUartLite_SendByte
                0x0000f334                XUartLite_RecvByte
 .text          0x0000f350       0xb0 ../../wlan_bsp_cpu_high/mb_high/lib\libxil.a(xuartlite_sinit.o)
                0x0000f350                XUartLite_LookupConfig
                0x0000f374                XUartLite_Initialize
 .text          0x0000f400      0x188 ../../wlan_bsp_cpu_high/mb_high/lib\libxil.a(xuartlite_stats.o)
                0x0000f400                XUartLite_GetStats
                0x0000f4e8                XUartLite_ClearStats
 .text          0x0000f588      0xd28 ../../wlan_bsp_cpu_high/mb_high/lib\libxil.a(xmbox.o)
                0x0000f588                XMbox_CfgInitialize
                0x0000f6b8                XMbox_Read
                0x0000f8b8                XMbox_ReadBlocking
                0x0000f9fc                XMbox_Write
                0x0000fbf8                XMbox_WriteBlocking
                0x0000fd3c                XMbox_IsEmpty
                0x0000fdc0                XMbox_IsFull
                0x0000fe44                XMbox_Flush
                0x0000fed8                XMbox_SetInterruptEnable
                0x0000ff5c                XMbox_GetInterruptEnable
                0x0000fff4                XMbox_GetInterruptStatus
                0x0001008c                XMbox_ClearInterrupt
                0x00010110                XMbox_SetSendThreshold
                0x00010194                XMbox_SetReceiveThreshold
                0x00010218                XMbox_GetStatus
 .text          0x000102b0       0x24 ../../wlan_bsp_cpu_high/mb_high/lib\libxil.a(xmbox_sinit.o)
                0x000102b0                XMbox_LookupConfig
 .text          0x000102d4      0x6ec ../../wlan_bsp_cpu_high/mb_high/lib\libxil.a(xmutex.o)
                0x000102d4                XMutex_CfgInitialize
                0x00010424                XMutex_Lock
                0x000104cc                XMutex_Trylock
                0x00010598                XMutex_Unlock
                0x00010664                XMutex_IsLocked
                0x00010708                XMutex_GetStatus
                0x00010800                XMutex_GetUser
                0x000108fc                XMutex_SetUser
 .text          0x000109c0       0x24 ../../wlan_bsp_cpu_high/mb_high/lib\libxil.a(xmutex_sinit.o)
                0x000109c0                XMutex_LookupConfig
 .text          0x000109e4       0x50 ../../wlan_bsp_cpu_high/mb_high/lib\libxil.a(xbasic_types.o)
                0x000109e4                XAssert
                0x00010a1c                XAssertSetCallback
                0x00010a2c                XNullHandler
 .text          0x00010a34      0x450 ../../wlan_bsp_cpu_high/mb_high/lib\libxil.a(xllfifo.o)
                0x00010bc0                XLlFifo_iWrite_Aligned
                0x00010c8c                XLlFifo_iRead_Aligned
                0x00010d58                XLlFifo_Initialize
 .text          0x00010e84      0x3cc ../../wlan_bsp_cpu_high/mb_high/lib\libxil.a(xstreamer.o)
                0x00010e84                XStrm_RxInitialize
                0x00010ee8                XStrm_TxInitialize
                0x00010f4c                XStrm_RxGetLen
                0x00010f84                XStrm_Read
                0x000110d0                XStrm_TxSetLen
                0x0001112c                XStrm_Write
 .text          0x00011250       0x14 ../../wlan_bsp_cpu_high/mb_high/lib\libxil.a(microblaze_disable_exceptions.o)
                0x00011250                microblaze_disable_exceptions
 .text          0x00011264       0x20 ../../wlan_bsp_cpu_high/mb_high/lib\libxil.a(microblaze_disable_interrupts.o)
                0x00011264                microblaze_disable_interrupts
 .text          0x00011284       0x14 ../../wlan_bsp_cpu_high/mb_high/lib\libxil.a(microblaze_enable_exceptions.o)
                0x00011284                microblaze_enable_exceptions
 .text          0x00011298       0x20 ../../wlan_bsp_cpu_high/mb_high/lib\libxil.a(microblaze_enable_interrupts.o)
                0x00011298                microblaze_enable_interrupts
 .text          0x000112b8       0x30 ../../wlan_bsp_cpu_high/mb_high/lib\libxil.a(microblaze_invalidate_dcache_range.o)
                0x000112b8                microblaze_invalidate_dcache_range
 .text          0x000112e8      0x24c ../../wlan_bsp_cpu_high/mb_high/lib\libxil.a(xilnet_arp.o)
                0x000112e8                xilnet_arp_reply
                0x0001141c                xilnet_arp
 .text          0x00011534      0x124 ../../wlan_bsp_cpu_high/mb_high/lib\libxil.a(xilnet_icmp.o)
                0x00011534                xilnet_icmp_echo_reply
                0x0001161c                xilnet_icmp
 .text          0x00011658      0x2fc ../../wlan_bsp_cpu_high/mb_high/lib\libxil.a(xaxicdma_bd.o)
                0x00011658                XAxiCdma_BdClear
                0x00011680                XAxiCdma_BdClone
                0x0001174c                XAxiCdma_BdGetNextPtr
                0x00011754                XAxiCdma_BdSetNextPtr
                0x0001175c                XAxiCdma_BdGetSts
                0x00011770                XAxiCdma_BdClearSts
                0x00011778                XAxiCdma_BdSetSrcBufAddr
                0x000117a8                XAxiCdma_BdGetSrcBufAddr
                0x000117b0                XAxiCdma_BdSetDstBufAddr
                0x000117e0                XAxiCdma_BdGetDstBufAddr
                0x000117e8                XAxiCdma_BdSetLength
                0x00011814                XAxiCdma_BdGetLength
                0x0001181c                XAxiCdma_BdSetPhysAddr
                0x00011824                XAxiCdma_BdSetIsLite
                0x0001182c                XAxiCdma_BdSetHasDRE
                0x00011834                XAxiCdma_BdSetWordLen
                0x0001183c                XAxiCdma_BdSetMaxLen
                0x00011844                XAxiCdma_BdGetPhysAddr
                0x0001184c                XAxiCdma_DumpBd
 .text          0x00011954        0x0 ../../wlan_bsp_cpu_high/mb_high/lib\libxil.a(xaxicdma_g.o)
 .text          0x00011954        0x0 ../../wlan_bsp_cpu_high/mb_high/lib\libxil.a(xaxiethernet_g.o)
 .text          0x00011954        0x0 ../../wlan_bsp_cpu_high/mb_high/lib\libxil.a(xaxidma_g.o)
 .text          0x00011954        0x0 ../../wlan_bsp_cpu_high/mb_high/lib\libxil.a(xgpio_g.o)
 .text          0x00011954        0x0 ../../wlan_bsp_cpu_high/mb_high/lib\libxil.a(xuartlite_g.o)
 .text          0x00011954        0x0 ../../wlan_bsp_cpu_high/mb_high/lib\libxil.a(xmbox_g.o)
 .text          0x00011954        0x0 ../../wlan_bsp_cpu_high/mb_high/lib\libxil.a(xmutex_g.o)
 .text          0x00011954       0x88 c:/xilinx/14.4/ise_ds/edk/gnu/microblaze/nt64/bin/../lib/gcc/microblaze-xilinx-elf/4.6.2/bs/m/le\libgcc.a(_fixunssfsi.o)
                0x00011954                __fixunssfsi
 .text          0x000119dc       0xf4 c:/xilinx/14.4/ise_ds/edk/gnu/microblaze/nt64/bin/../lib/gcc/microblaze-xilinx-elf/4.6.2/bs/m/le\libgcc.a(_floatundisf.o)
                0x000119dc                __floatundisf
 .text          0x00011ad0      0x6d8 c:/xilinx/14.4/ise_ds/edk/gnu/microblaze/nt64/bin/../lib/gcc/microblaze-xilinx-elf/4.6.2/bs/m/le\libgcc.a(_udivdi3.o)
                0x00011ad0                __udivdi3
 .text          0x000121a8      0x2e8 c:/xilinx/14.4/ise_ds/edk/gnu/microblaze/nt64/bin/../lib/gcc/microblaze-xilinx-elf/4.6.2/bs/m/le\libgcc.a(_addsub_sf.o)
                0x000123d4                __addsf3
                0x0001242c                __subsf3
 .text          0x00012490      0x200 c:/xilinx/14.4/ise_ds/edk/gnu/microblaze/nt64/bin/../lib/gcc/microblaze-xilinx-elf/4.6.2/bs/m/le\libgcc.a(_mul_sf.o)
                0x00012490                __mulsf3
 .text          0x00012690      0x18c c:/xilinx/14.4/ise_ds/edk/gnu/microblaze/nt64/bin/../lib/gcc/microblaze-xilinx-elf/4.6.2/bs/m/le\libgcc.a(_div_sf.o)
                0x00012690                __divsf3
 .text          0x0001281c       0x6c c:/xilinx/14.4/ise_ds/edk/gnu/microblaze/nt64/bin/../lib/gcc/microblaze-xilinx-elf/4.6.2/bs/m/le\libgcc.a(_ge_sf.o)
                0x0001281c                __gesf2
 .text          0x00012888       0xb0 c:/xilinx/14.4/ise_ds/edk/gnu/microblaze/nt64/bin/../lib/gcc/microblaze-xilinx-elf/4.6.2/bs/m/le\libgcc.a(_sf_to_si.o)
                0x00012888                __fixsfsi
 .text          0x00012938        0x0 c:/xilinx/14.4/ise_ds/edk/gnu/microblaze/nt64/bin/../lib/gcc/microblaze-xilinx-elf/4.6.2/bs/m/le\libgcc.a(_thenan_sf.o)
 .text          0x00012938       0xe8 c:/xilinx/14.4/ise_ds/edk/gnu/microblaze/nt64/bin/../lib/gcc/microblaze-xilinx-elf/4.6.2/bs/m/le\libgcc.a(_usi_to_sf.o)
                0x00012938                __floatunsisf
 .text          0x00012a20      0x51c c:/xilinx/14.4/ise_ds/edk/gnu/microblaze/nt64/bin/../lib/gcc/microblaze-xilinx-elf/4.6.2/bs/m/le\libgcc.a(_addsub_df.o)
                0x00012e50                __adddf3
                0x00012ec0                __subdf3
 .text          0x00012f3c      0x41c c:/xilinx/14.4/ise_ds/edk/gnu/microblaze/nt64/bin/../lib/gcc/microblaze-xilinx-elf/4.6.2/bs/m/le\libgcc.a(_mul_df.o)
                0x00012f3c                __muldf3
 .text          0x00013358       0x7c c:/xilinx/14.4/ise_ds/edk/gnu/microblaze/nt64/bin/../lib/gcc/microblaze-xilinx-elf/4.6.2/bs/m/le\libgcc.a(_df_to_sf.o)
                0x00013358                __truncdfsf2
 .text          0x000133d4        0x0 c:/xilinx/14.4/ise_ds/edk/gnu/microblaze/nt64/bin/../lib/gcc/microblaze-xilinx-elf/4.6.2/bs/m/le\libgcc.a(_thenan_df.o)
 .text          0x000133d4      0x188 c:/xilinx/14.4/ise_ds/edk/gnu/microblaze/nt64/bin/../lib/gcc/microblaze-xilinx-elf/4.6.2/bs/m/le\libgcc.a(_usi_to_df.o)
                0x000133d4                __floatunsidf
 .text          0x0001355c       0x9c c:/xilinx/14.4/ise_ds/edk/gnu/microblaze/nt64/bin/../lib/gcc/microblaze-xilinx-elf/4.6.2/bs/m/le\libgcc.a(modsi3.o)
                0x0001355c                __modsi3
 .text          0x000135f8       0xa8 c:/xilinx/14.4/ise_ds/edk/gnu/microblaze/nt64/bin/../lib/gcc/microblaze-xilinx-elf/4.6.2/bs/m/le\libgcc.a(udivsi3.o)
                0x000135f8                __udivsi3
 .text          0x000136a0       0xbc c:/xilinx/14.4/ise_ds/edk/gnu/microblaze/nt64/bin/../lib/gcc/microblaze-xilinx-elf/4.6.2/bs/m/le\libgcc.a(umodsi3.o)
                0x000136a0                __umodsi3
 .text          0x0001375c       0x70 c:/xilinx/14.4/ise_ds/edk/gnu/microblaze/nt64/bin/../lib/gcc/microblaze-xilinx-elf/4.6.2/bs/m/le\libgcc.a(_muldi3.o)
                0x0001375c                __muldi3
 .text          0x000137cc        0x0 c:/xilinx/14.4/ise_ds/edk/gnu/microblaze/nt64/bin/../lib/gcc/microblaze-xilinx-elf/4.6.2/bs/m/le\libgcc.a(_clz.o)
 .text          0x000137cc       0x9c c:/xilinx/14.4/ise_ds/edk/gnu/microblaze/nt64/bin/../lib/gcc/microblaze-xilinx-elf/4.6.2/bs/m/le\libgcc.a(_clzsi2.o)
                0x000137cc                __clzsi2
 .text          0x00013868      0x184 c:/xilinx/14.4/ise_ds/edk/gnu/microblaze/nt64/bin/../lib/gcc/microblaze-xilinx-elf/4.6.2/bs/m/le\libgcc.a(_pack_sf.o)
                0x00013868                __pack_f
 .text          0x000139ec       0xc0 c:/xilinx/14.4/ise_ds/edk/gnu/microblaze/nt64/bin/../lib/gcc/microblaze-xilinx-elf/4.6.2/bs/m/le\libgcc.a(_unpack_sf.o)
                0x000139ec                __unpack_f
 .text          0x00013aac      0x100 c:/xilinx/14.4/ise_ds/edk/gnu/microblaze/nt64/bin/../lib/gcc/microblaze-xilinx-elf/4.6.2/bs/m/le\libgcc.a(_fpcmp_parts_sf.o)
                0x00013aac                __fpcmp_parts_f
 .text          0x00013bac       0x30 c:/xilinx/14.4/ise_ds/edk/gnu/microblaze/nt64/bin/../lib/gcc/microblaze-xilinx-elf/4.6.2/bs/m/le\libgcc.a(_make_sf.o)
                0x00013bac                __make_fp
 .text          0x00013bdc      0x308 c:/xilinx/14.4/ise_ds/edk/gnu/microblaze/nt64/bin/../lib/gcc/microblaze-xilinx-elf/4.6.2/bs/m/le\libgcc.a(_pack_df.o)
                0x00013bdc                __pack_d
 .text          0x00013ee4      0x130 c:/xilinx/14.4/ise_ds/edk/gnu/microblaze/nt64/bin/../lib/gcc/microblaze-xilinx-elf/4.6.2/bs/m/le\libgcc.a(_unpack_df.o)
                0x00013ee4                __unpack_d
 .text          0x00014014       0x48 c:/xilinx/14.4/ise_ds/edk/gnu/microblaze/nt64/bin/../lib/gcc/microblaze-xilinx-elf/4.6.2/bs/m/le\libgcc.a(_lshrdi3.o)
                0x00014014                __lshrdi3
 .text          0x0001405c       0x48 c:/xilinx/14.4/ise_ds/edk/gnu/microblaze/nt64/bin/../lib/gcc/microblaze-xilinx-elf/4.6.2/bs/m/le\libgcc.a(_ashldi3.o)
                0x0001405c                __ashldi3
 .text          0x000140a4        0x0 ../../wlan_bsp_cpu_high/mb_high/lib\libc.a(lib_a-ctype_.o)
 .text          0x000140a4       0x40 ../../wlan_bsp_cpu_high/mb_high/lib\libc.a(lib_a-exit.o)
                0x000140a4                exit
 .text          0x000140e4        0x0 ../../wlan_bsp_cpu_high/mb_high/lib\libc.a(lib_a-impure.o)
 .text          0x000140e4       0x58 ../../wlan_bsp_cpu_high/mb_high/lib\libc.a(lib_a-malloc.o)
                0x000140e4                malloc
                0x00014110                free
 .text          0x0001413c      0x8b0 ../../wlan_bsp_cpu_high/mb_high/lib\libc.a(lib_a-mallocr.o)
                0x0001413c                _malloc_r
 .text          0x000149ec       0xa0 ../../wlan_bsp_cpu_high/mb_high/lib\libc.a(lib_a-memcmp.o)
                0x000149ec                memcmp
 .text          0x00014a8c      0x1bc ../../wlan_bsp_cpu_high/mb_high/lib\libc.a(lib_a-memcpy.o)
                0x00014a8c                memcpy
 .text          0x00014c48      0x20c ../../wlan_bsp_cpu_high/mb_high/lib\libc.a(lib_a-memmove.o)
                0x00014c48                memmove
 .text          0x00014e54      0x1e4 ../../wlan_bsp_cpu_high/mb_high/lib\libc.a(lib_a-memset.o)
                0x00014e54                memset
 .text          0x00015038       0x10 ../../wlan_bsp_cpu_high/mb_high/lib\libc.a(lib_a-mlock.o)
                0x00015038                __malloc_lock
                0x00015040                __malloc_unlock
 .text          0x00015048      0x154 ../../wlan_bsp_cpu_high/mb_high/lib\libc.a(lib_a-mstats.o)
                0x00015048                mallinfo
                0x0001507c                malloc_stats
                0x000150a4                mallopt
                0x000150d4                _mstats_r
                0x00015134                mstats
 .text          0x0001519c      0x1dc ../../wlan_bsp_cpu_high/mb_high/lib\libc.a(lib_a-rand.o)
                0x0001519c                srand
                0x0001525c                rand
 .text          0x00015378       0x30 ../../wlan_bsp_cpu_high/mb_high/lib\libc.a(lib_a-realloc.o)
                0x00015378                realloc
 .text          0x000153a8      0x67c ../../wlan_bsp_cpu_high/mb_high/lib\libc.a(lib_a-reallocr.o)
                0x000153a8                _realloc_r
 .text          0x00015a24       0x5c ../../wlan_bsp_cpu_high/mb_high/lib\libc.a(lib_a-sbrkr.o)
                0x00015a24                _sbrk_r
 .text          0x00015a80       0xb0 ../../wlan_bsp_cpu_high/mb_high/lib\libc.a(lib_a-strcmp.o)
                0x00015a80                strcmp
 .text          0x00015b30       0x90 ../../wlan_bsp_cpu_high/mb_high/lib\libc.a(lib_a-strcpy.o)
                0x00015b30                strcpy
 .text          0x00015bc0       0x5c ../../wlan_bsp_cpu_high/mb_high/lib\libc.a(lib_a-strlen.o)
                0x00015bc0                strlen
 .text          0x00015c1c       0x80 ../../wlan_bsp_cpu_high/mb_high/lib\libc.a(lib_a-strrchr.o)
                0x00015c1c                strrchr
 .text          0x00015c9c      0x2e4 ../../wlan_bsp_cpu_high/mb_high/lib\libc.a(lib_a-__call_atexit.o)
                0x00015c9c                __call_exitprocs
 .text          0x00015f80      0x48c ../../wlan_bsp_cpu_high/mb_high/lib\libc.a(lib_a-findfp.o)
                0x00015f90                _cleanup_r
                0x00015fb8                __sfmoreglue
                0x00016028                _cleanup
                0x00016058                __sinit
                0x0001623c                __sfp
                0x0001638c                __sfp_lock_acquire
                0x00016394                __sfp_lock_release
                0x0001639c                __sinit_lock_acquire
                0x000163a4                __sinit_lock_release
                0x000163ac                __fp_lock_all
                0x000163dc                __fp_unlock_all
 .text          0x0001640c       0x78 ../../wlan_bsp_cpu_high/mb_high/lib\libc.a(lib_a-fiprintf.o)
                0x0001640c                _fiprintf_r
                0x0001643c                fiprintf
 .text          0x00016484      0x430 ../../wlan_bsp_cpu_high/mb_high/lib\libc.a(lib_a-freer.o)
                0x00016484                _malloc_trim_r
                0x000165d0                _free_r
 .text          0x000168b4      0x190 ../../wlan_bsp_cpu_high/mb_high/lib\libc.a(lib_a-fwalk.o)
                0x000168b4                _fwalk
                0x00016974                _fwalk_reent
 .text          0x00016a44      0x1c4 ../../wlan_bsp_cpu_high/mb_high/lib\libc.a(lib_a-mallinfor.o)
                0x00016a44                __malloc_update_mallinfo
                0x00016adc                _mallinfo_r
 .text          0x00016c08      0x12c ../../wlan_bsp_cpu_high/mb_high/lib\libc.a(lib_a-malloptr.o)
                0x00016c08                _mallopt_r
 .text          0x00016d34       0xd4 ../../wlan_bsp_cpu_high/mb_high/lib\libc.a(lib_a-mallstatsr.o)
                0x00016d34                _malloc_stats_r
 .text          0x00016e08      0x374 ../../wlan_bsp_cpu_high/mb_high/lib\libc.a(lib_a-reent.o)
                0x00016e08                cleanup_glue
                0x00016f54                _reclaim_reent
                0x000170f4                _wrapup_reent
 .text          0x0001717c      0x184 ../../wlan_bsp_cpu_high/mb_high/lib\libc.a(lib_a-stdio.o)
                0x0001717c                __sread
                0x000171d8                __seofread
                0x000171e0                __swrite
                0x00017278                __sseek
                0x000172dc                __sclose
 .text          0x00017300      0x1cc ../../wlan_bsp_cpu_high/mb_high/lib\libc.a(lib_a-strchr.o)
                0x00017300                strchr
 .text          0x000174cc     0x1c94 ../../wlan_bsp_cpu_high/mb_high/lib\libc.a(lib_a-vfiprintf.o)
                0x000174cc                __sprint_r
                0x000175c8                _vfiprintf_r
                0x0001912c                vfiprintf
 .text          0x00019160       0x64 ../../wlan_bsp_cpu_high/mb_high/lib\libc.a(lib_a-writer.o)
                0x00019160                _write_r
 .text          0x000191c4      0x1e4 ../../wlan_bsp_cpu_high/mb_high/lib\libc.a(lib_a-wsetup.o)
                0x000191c4                __swsetup_r
 .text          0x000193a8       0x5c ../../wlan_bsp_cpu_high/mb_high/lib\libc.a(lib_a-closer.o)
                0x000193a8                _close_r
 .text          0x00019404      0x1ac ../../wlan_bsp_cpu_high/mb_high/lib\libc.a(lib_a-fclose.o)
                0x00019404                _fclose_r
                0x00019588                fclose
 .text          0x000195b0      0x448 ../../wlan_bsp_cpu_high/mb_high/lib\libc.a(lib_a-fflush.o)
                0x000195b0                __sflush_r
                0x00019814                _fflush_r
                0x000198c8                fflush
 .text          0x000199f8      0x2b8 ../../wlan_bsp_cpu_high/mb_high/lib\libc.a(lib_a-fputwc.o)
                0x00019b94                _fputwc_r
                0x00019bd4                fputwc
 .text          0x00019cb0      0x568 ../../wlan_bsp_cpu_high/mb_high/lib\libc.a(lib_a-fvwrite.o)
                0x00019cb0                __sfvwrite_r
 .text          0x0001a218      0x184 ../../wlan_bsp_cpu_high/mb_high/lib\libc.a(lib_a-locale.o)
                0x0001a218                _setlocale_r
                0x0001a2ac                __locale_charset
                0x0001a2bc                __locale_mb_cur_max
                0x0001a2cc                __locale_msgcharset
                0x0001a2dc                __locale_cjk_lang
                0x0001a2e4                _localeconv_r
                0x0001a2f4                setlocale
                0x0001a38c                localeconv
 .text          0x0001a39c       0x64 ../../wlan_bsp_cpu_high/mb_high/lib\libc.a(lib_a-lseekr.o)
                0x0001a39c                _lseek_r
 .text          0x0001a400      0x1e4 ../../wlan_bsp_cpu_high/mb_high/lib\libc.a(lib_a-makebuf.o)
                0x0001a400                __smakebuf_r
 .text          0x0001a5e4       0xf8 ../../wlan_bsp_cpu_high/mb_high/lib\libc.a(lib_a-memchr.o)
                0x0001a5e4                memchr
 .text          0x0001a6dc       0x64 ../../wlan_bsp_cpu_high/mb_high/lib\libc.a(lib_a-readr.o)
                0x0001a6dc                _read_r
 .text          0x0001a740      0x208 ../../wlan_bsp_cpu_high/mb_high/lib\libc.a(lib_a-wbuf.o)
                0x0001a740                __swbuf_r
                0x0001a91c                __swbuf
 .text          0x0001a948      0x198 ../../wlan_bsp_cpu_high/mb_high/lib\libc.a(lib_a-wcrtomb.o)
                0x0001a948                _wcrtomb_r
                0x0001aa00                wcrtomb
 .text          0x0001aae0       0x90 ../../wlan_bsp_cpu_high/mb_high/lib\libc.a(lib_a-wctomb_r.o)
                0x0001aae0                __ascii_wctomb
                0x0001ab14                _wctomb_r
 .text          0x0001ab70       0x60 ../../wlan_bsp_cpu_high/mb_high/lib\libc.a(lib_a-fstatr.o)
                0x0001ab70                _fstat_r
 .text          0x0001abd0       0x5c ../../wlan_bsp_cpu_high/mb_high/lib\libc.a(lib_a-isattyr.o)
                0x0001abd0                _isatty_r
 .text          0x0001ac2c       0x14 ../../wlan_bsp_cpu_high/mb_high/lib\libxil.a(fstat.o)
                0x0001ac2c                fstat
 .text          0x0001ac40        0x8 ../../wlan_bsp_cpu_high/mb_high/lib\libxil.a(isatty.o)
                0x0001ac40                isatty
 .text          0x0001ac48       0x2c ../../wlan_bsp_cpu_high/mb_high/lib\libxil.a(lseek.o)
                0x0001ac48                lseek
 .text          0x0001ac74       0x64 ../../wlan_bsp_cpu_high/mb_high/lib\libxil.a(sbrk.o)
                0x0001ac74                sbrk
 .text          0x0001acd8       0x94 ../../wlan_bsp_cpu_high/mb_high/lib\libxil.a(write.o)
                0x0001acd8                write
 .text          0x0001ad6c       0x8c ../../wlan_bsp_cpu_high/mb_high/lib\libxil.a(read.o)
                0x0001ad6c                read
 .text          0x0001adf8        0x8 ../../wlan_bsp_cpu_high/mb_high/lib\libxil.a(close.o)
                0x0001adf8                close
 .text          0x0001ae00       0x10 ../../wlan_bsp_cpu_high/mb_high/lib\libxil.a(errno.o)
                0x0001ae00                __errno
 .text          0x0001ae10       0x2c ../../wlan_bsp_cpu_high/mb_high/lib\libxil.a(inbyte.o)
                0x0001ae10                inbyte
 .text          0x0001ae3c      0x69c c:/xilinx/14.4/ise_ds/edk/gnu/microblaze/nt64/bin/../lib/gcc/microblaze-xilinx-elf/4.6.2/bs/m/le\libgcc.a(_umoddi3.o)
                0x0001ae3c                __umoddi3
 .text          0x0001b4d8       0x4c c:/xilinx/14.4/ise_ds/edk/gnu/microblaze/nt64/bin/../lib/gcc/microblaze-xilinx-elf/4.6.2/bs/m/le/crtend.o
 .text          0x0001b524        0x0 c:/xilinx/14.4/ise_ds/edk/gnu/microblaze/nt64/bin/../lib/gcc/microblaze-xilinx-elf/4.6.2/bs/m/le/crtn.o
 *(.text.*)
 .text.startup  0x0001b524      0x670 ./src/wlan_mac_ap.o
                0x0001b524                main
 *wlan_mac_common*(.text)
 *(.gnu.linkonce.t.*)

.init           0x0001bb94       0x3c
 *(.init)
 .init          0x0001bb94       0x18 c:/xilinx/14.4/ise_ds/edk/gnu/microblaze/nt64/bin/../lib/gcc/microblaze-xilinx-elf/4.6.2/bs/m/le/crti.o
                0x0001bb94                __init
 .init          0x0001bbac        0xc c:/xilinx/14.4/ise_ds/edk/gnu/microblaze/nt64/bin/../lib/gcc/microblaze-xilinx-elf/4.6.2/bs/m/le/crtbegin.o
 .init          0x0001bbb8        0xc c:/xilinx/14.4/ise_ds/edk/gnu/microblaze/nt64/bin/../lib/gcc/microblaze-xilinx-elf/4.6.2/bs/m/le/crtend.o
 .init          0x0001bbc4        0xc c:/xilinx/14.4/ise_ds/edk/gnu/microblaze/nt64/bin/../lib/gcc/microblaze-xilinx-elf/4.6.2/bs/m/le/crtn.o

.fini           0x0001bbd0       0x20
 *(.fini)
 .fini          0x0001bbd0        0x8 c:/xilinx/14.4/ise_ds/edk/gnu/microblaze/nt64/bin/../lib/gcc/microblaze-xilinx-elf/4.6.2/bs/m/le/crti.o
                0x0001bbd0                __fini
 .fini          0x0001bbd8        0xc c:/xilinx/14.4/ise_ds/edk/gnu/microblaze/nt64/bin/../lib/gcc/microblaze-xilinx-elf/4.6.2/bs/m/le/crtbegin.o
 .fini          0x0001bbe4        0xc c:/xilinx/14.4/ise_ds/edk/gnu/microblaze/nt64/bin/../lib/gcc/microblaze-xilinx-elf/4.6.2/bs/m/le/crtn.o

.ctors          0x00030388        0x8
                0x00030388                __CTOR_LIST__ = .
                0x00030388                ___CTORS_LIST___ = .
 *crtbegin.o(.ctors)
 .ctors         0x00030388        0x4 c:/xilinx/14.4/ise_ds/edk/gnu/microblaze/nt64/bin/../lib/gcc/microblaze-xilinx-elf/4.6.2/bs/m/le/crtbegin.o
 *(EXCLUDE_FILE(*crtend.o) .ctors)
 *(SORT(.ctors.*))
 *(.ctors)
 .ctors         0x0003038c        0x4 c:/xilinx/14.4/ise_ds/edk/gnu/microblaze/nt64/bin/../lib/gcc/microblaze-xilinx-elf/4.6.2/bs/m/le/crtend.o
                0x00030390                __CTOR_END__ = .
                0x00030390                ___CTORS_END___ = .

.dtors          0x00030390        0x8
                0x00030390                __DTOR_LIST__ = .
                0x00030390                ___DTORS_LIST___ = .
 *crtbegin.o(.dtors)
 .dtors         0x00030390        0x4 c:/xilinx/14.4/ise_ds/edk/gnu/microblaze/nt64/bin/../lib/gcc/microblaze-xilinx-elf/4.6.2/bs/m/le/crtbegin.o
 *(EXCLUDE_FILE(*crtend.o) .dtors)
 *(SORT(.dtors.*))
 *(.dtors)
 .dtors         0x00030394        0x4 c:/xilinx/14.4/ise_ds/edk/gnu/microblaze/nt64/bin/../lib/gcc/microblaze-xilinx-elf/4.6.2/bs/m/le/crtend.o
                0x00030394                __DTOR_END__
                0x00030398                PROVIDE (__DTOR_END__, .)
                0x00030398                PROVIDE (___DTORS_END___, .)

.rodata         0x00030398     0x51ba
                0x00030398                __rodata_start = .
 *(.rodata)
 .rodata        0x00030398       0xb5 ./wlan_mac_high_framework/wlan_exp_common.o
 *fill*         0x0003044d        0x3 00
 .rodata        0x00030450      0xfbb ./wlan_mac_high_framework/wlan_exp_node.o
 *fill*         0x0003140b        0x1 00
 .rodata        0x0003140c      0x2db ./wlan_mac_high_framework/wlan_exp_transport.o
 *fill*         0x000316e7        0x1 00
 .rodata        0x000316e8      0x1bb ./wlan_mac_high_framework/wlan_mac_bss_info.o
 *fill*         0x000318a3        0x1 00
 .rodata        0x000318a4       0x6e ./wlan_mac_high_framework/wlan_mac_dl_list.o
 *fill*         0x00031912        0x2 00
 .rodata        0x00031914       0xea ./wlan_mac_high_framework/wlan_mac_entries.o
 *fill*         0x000319fe        0x2 00
 .rodata        0x00031a00      0x570 ./wlan_mac_high_framework/wlan_mac_eth_util.o
 .rodata        0x00031f70      0x3a0 ./wlan_mac_high_framework/wlan_mac_event_log.o
 .rodata        0x00032310      0xa50 ./wlan_mac_high_framework/wlan_mac_high.o
                0x00032d48                bcast_addr
 .rodata        0x00032d60      0x2ed ./wlan_mac_high_framework/wlan_mac_ltg.o
 *fill*         0x0003304d        0x3 00
 .rodata        0x00033050      0x1a6 ./wlan_mac_high_framework/wlan_mac_queue.o
 *fill*         0x000331f6        0x2 00
 .rodata        0x000331f8      0x135 ./wlan_mac_high_framework/wlan_mac_schedule.o
 *fill*         0x0003332d        0x3 00
 .rodata        0x00033330       0x70 ./wlan_mac_common/wlan_mac_ipc_util.o
 .rodata        0x000333a0      0x218 ./src/wlan_exp_node_ap.o
 .rodata        0x000335b8      0x292 ./src/wlan_mac_ap.o
 *fill*         0x0003384a        0x2 00
 .rodata        0x0003384c      0x7a5 ./src/wlan_mac_ap_uart_menu.o
 *fill*         0x00033ff1        0x3 00
 .rodata        0x00033ff4      0x439 ./src/wlan_mac_chan_util.o
 *fill*         0x0003442d        0x3 00
 .rodata        0x00034430      0x164 ../../wlan_bsp_cpu_high/mb_high/lib\libxil.a(xil_printf.o)
 .rodata        0x00034594      0x218 ../../wlan_bsp_cpu_high/mb_high/lib\libxil.a(xilnet_eth.o)
 .rodata        0x000347ac       0x49 ../../wlan_bsp_cpu_high/mb_high/lib\libxil.a(xilnet_ip.o)
 *fill*         0x000347f5        0x3 00
 .rodata        0x000347f8       0x57 ../../wlan_bsp_cpu_high/mb_high/lib\libxil.a(xilnet_config.o)
 *fill*         0x0003484f        0x1 00
 .rodata        0x00034850      0x238 ../../wlan_bsp_cpu_high/mb_high/lib\libxil.a(xilnet_xilsock.o)
 .rodata        0x00034a88       0xc7 ../../wlan_bsp_cpu_high/mb_high/lib\libxil.a(xaxicdma.o)
 *fill*         0x00034b4f        0x1 00
 .rodata        0x00034b50        0xf ../../wlan_bsp_cpu_high/mb_high/lib\libxil.a(xaxiethernet.o)
 *fill*         0x00034b5f        0x1 00
 .rodata        0x00034b60      0x12f ../../wlan_bsp_cpu_high/mb_high/lib\libxil.a(xaxidma_bd.o)
 *fill*         0x00034c8f        0x1 00
 .rodata        0x00034c90       0x6b ../../wlan_bsp_cpu_high/mb_high/lib\libxil.a(xaxidma_bdring.o)
 *fill*         0x00034cfb        0x1 00
 .rodata        0x00034cfc        0x8 ../../wlan_bsp_cpu_high/mb_high/lib\libxil.a(xintc.o)
 .rodata        0x00034d04        0xd ../../wlan_bsp_cpu_high/mb_high/lib\libxil.a(xintc_intr.o)
 *fill*         0x00034d11        0x3 00
 .rodata        0x00034d14        0x8 ../../wlan_bsp_cpu_high/mb_high/lib\libxil.a(xgpio.o)
 .rodata        0x00034d1c        0xd ../../wlan_bsp_cpu_high/mb_high/lib\libxil.a(xgpio_intr.o)
 *fill*         0x00034d29        0x3 00
 .rodata        0x00034d2c        0xe ../../wlan_bsp_cpu_high/mb_high/lib\libxil.a(xgpio_sinit.o)
 *fill*         0x00034d3a        0x2 00
 .rodata        0x00034d3c        0xa ../../wlan_bsp_cpu_high/mb_high/lib\libxil.a(xtmrctr.o)
 *fill*         0x00034d46        0x2 00
 .rodata        0x00034d48        0xf ../../wlan_bsp_cpu_high/mb_high/lib\libxil.a(xtmrctr_intr.o)
 *fill*         0x00034d57        0x1 00
 .rodata        0x00034d58       0x4c ../../wlan_bsp_cpu_high/mb_high/lib\libxil.a(xtmrctr_options.o)
 .rodata        0x00034da4        0xc ../../wlan_bsp_cpu_high/mb_high/lib\libxil.a(xuartlite.o)
 .rodata        0x00034db0       0x11 ../../wlan_bsp_cpu_high/mb_high/lib\libxil.a(xuartlite_intr.o)
 *fill*         0x00034dc1        0x3 00
 .rodata        0x00034dc4       0x12 ../../wlan_bsp_cpu_high/mb_high/lib\libxil.a(xuartlite_sinit.o)
 *fill*         0x00034dd6        0x2 00
 .rodata        0x00034dd8       0x12 ../../wlan_bsp_cpu_high/mb_high/lib\libxil.a(xuartlite_stats.o)
 *fill*         0x00034dea        0x2 00
 .rodata        0x00034dec        0x8 ../../wlan_bsp_cpu_high/mb_high/lib\libxil.a(xmbox.o)
 .rodata        0x00034df4        0x9 ../../wlan_bsp_cpu_high/mb_high/lib\libxil.a(xmutex.o)
 *fill*         0x00034dfd        0x3 00
 .rodata        0x00034e00        0xa ../../wlan_bsp_cpu_high/mb_high/lib\libxil.a(xllfifo.o)
 *fill*         0x00034e0a        0x2 00
 .rodata        0x00034e0c        0xc ../../wlan_bsp_cpu_high/mb_high/lib\libxil.a(xstreamer.o)
 .rodata        0x00034e18       0xeb ../../wlan_bsp_cpu_high/mb_high/lib\libxil.a(xaxicdma_bd.o)
 *fill*         0x00034f03        0x1 00
 .rodata        0x00034f04       0x10 c:/xilinx/14.4/ise_ds/edk/gnu/microblaze/nt64/bin/../lib/gcc/microblaze-xilinx-elf/4.6.2/bs/m/le\libgcc.a(_thenan_sf.o)
                0x00034f04                __thenan_sf
 .rodata        0x00034f14       0x14 c:/xilinx/14.4/ise_ds/edk/gnu/microblaze/nt64/bin/../lib/gcc/microblaze-xilinx-elf/4.6.2/bs/m/le\libgcc.a(_thenan_df.o)
                0x00034f14                __thenan_df
 .rodata        0x00034f28      0x100 c:/xilinx/14.4/ise_ds/edk/gnu/microblaze/nt64/bin/../lib/gcc/microblaze-xilinx-elf/4.6.2/bs/m/le\libgcc.a(_clz.o)
                0x00034f28                __clz_tab
 .rodata        0x00035028      0x284 ../../wlan_bsp_cpu_high/mb_high/lib\libc.a(lib_a-ctype_.o)
                0x00035028                _ctype_
 .rodata        0x000352ac        0x6 ../../wlan_bsp_cpu_high/mb_high/lib\libc.a(lib_a-impure.o)
                0x000352ac                _global_impure_ptr
 *fill*         0x000352b2        0x2 00
 .rodata        0x000352b4       0x21 ../../wlan_bsp_cpu_high/mb_high/lib\libc.a(lib_a-mstats.o)
 *fill*         0x000352d5        0x3 00
 .rodata        0x000352d8       0x60 ../../wlan_bsp_cpu_high/mb_high/lib\libc.a(lib_a-findfp.o)
                0x000352d8                __sf_fake_stderr
                0x000352f8                __sf_fake_stdout
                0x00035318                __sf_fake_stdin
 .rodata        0x00035338       0x51 ../../wlan_bsp_cpu_high/mb_high/lib\libc.a(lib_a-mallstatsr.o)
 *fill*         0x00035389        0x3 00
 .rodata        0x0003538c      0x1b4 ../../wlan_bsp_cpu_high/mb_high/lib\libc.a(lib_a-vfiprintf.o)
 .rodata        0x00035540       0x12 ../../wlan_bsp_cpu_high/mb_high/lib\libc.a(lib_a-locale.o)
 *(.rodata.*)
 *(.gnu.linkonce.r.*)
                0x00035552                __rodata_end = .

.rela.dyn       0x00035554        0x0
 .rela.text     0x00000000        0x0 c:/xilinx/14.4/ise_ds/edk/gnu/microblaze/nt64/bin/../lib/gcc/microblaze-xilinx-elf/4.6.2/../../../../microblaze-xilinx-elf/lib/bs/m/le/crt0.o
 .rela.vectors.sw_exception
                0x00000000        0x0 c:/xilinx/14.4/ise_ds/edk/gnu/microblaze/nt64/bin/../lib/gcc/microblaze-xilinx-elf/4.6.2/../../../../microblaze-xilinx-elf/lib/bs/m/le/crt0.o
 .rela.vectors.interrupt
                0x00000000        0x0 c:/xilinx/14.4/ise_ds/edk/gnu/microblaze/nt64/bin/../lib/gcc/microblaze-xilinx-elf/4.6.2/../../../../microblaze-xilinx-elf/lib/bs/m/le/crt0.o
 .rela.vectors.hw_exception
                0x00000000        0x0 c:/xilinx/14.4/ise_ds/edk/gnu/microblaze/nt64/bin/../lib/gcc/microblaze-xilinx-elf/4.6.2/../../../../microblaze-xilinx-elf/lib/bs/m/le/crt0.o
 .rela.text.startup
                0x00000000        0x0 c:/xilinx/14.4/ise_ds/edk/gnu/microblaze/nt64/bin/../lib/gcc/microblaze-xilinx-elf/4.6.2/../../../../microblaze-xilinx-elf/lib/bs/m/le/crt0.o
 .rela.data     0x00000000        0x0 c:/xilinx/14.4/ise_ds/edk/gnu/microblaze/nt64/bin/../lib/gcc/microblaze-xilinx-elf/4.6.2/../../../../microblaze-xilinx-elf/lib/bs/m/le/crt0.o

.sdata2         0x00035552        0x6
                0x00035558                . = ALIGN (0x8)
 *fill*         0x00035552        0x6 00
                0x00035558                __sdata2_start = .
 *(.sdata2)
 *(.sdata2.*)
 *(.gnu.linkonce.s2.*)
                0x00035558                . = ALIGN (0x8)
                0x00035558                __sdata2_end = .

.sbss2          0x00035558        0x0
                0x00035558                __sbss2_start = .
 *(.sbss2)
 *(.sbss2.*)
 *(.gnu.linkonce.sb2.*)
                0x00035558                __sbss2_end = .

.data           0x00035558      0x7b8
                0x00035558                . = ALIGN (0x4)
                0x00035558                __data_start = .
 *(.data)
 .data          0x00035558        0x0 c:/xilinx/14.4/ise_ds/edk/gnu/microblaze/nt64/bin/../lib/gcc/microblaze-xilinx-elf/4.6.2/../../../../microblaze-xilinx-elf/lib/bs/m/le/crt0.o
 .data          0x00035558        0x0 c:/xilinx/14.4/ise_ds/edk/gnu/microblaze/nt64/bin/../lib/gcc/microblaze-xilinx-elf/4.6.2/bs/m/le/crti.o
 .data          0x00035558        0x8 c:/xilinx/14.4/ise_ds/edk/gnu/microblaze/nt64/bin/../lib/gcc/microblaze-xilinx-elf/4.6.2/bs/m/le/crtbegin.o
                0x0003555c                __dso_handle
 .data          0x00035560        0x0 c:/xilinx/14.4/ise_ds/edk/gnu/microblaze/nt64/bin/../lib/gcc/microblaze-xilinx-elf/4.6.2/../../../../microblaze-xilinx-elf/lib/bs/m/le/crtinit.o
 .data          0x00035560       0x19 ./wlan_mac_high_framework/wlan_exp_common.o
                0x00035560                print_type_queue
                0x00035564                print_type_ltg
                0x00035568                print_type_stats
                0x0003556c                print_type_event_log
                0x00035570                print_type_transport
                0x00035574                print_type_node
                0x00035578                wlan_exp_print_level
 *fill*         0x00035579        0x3 00
 .data          0x0003557c       0x20 ./wlan_mac_high_framework/wlan_exp_node.o
                0x0003557c                wlan_exp_tx_cmd_add_association_callback
                0x00035580                wlan_exp_reset_bss_info_callback
                0x00035584                wlan_exp_reset_all_associations_callback
                0x00035588                wlan_exp_purge_all_data_tx_queue_callback
 .data          0x0003559c        0xc ./wlan_mac_high_framework/wlan_exp_transport.o
                0x0003559c                sock_async
                0x000355a0                sock_bcast
                0x000355a4                sock_unicast
 .data          0x000355a8        0xe ./wlan_mac_high_framework/wlan_mac_addr_filter.o
 .data          0x000355b6        0x0 ./wlan_mac_high_framework/wlan_mac_bss_info.o
 .data          0x000355b6        0x0 ./wlan_mac_high_framework/wlan_mac_dl_list.o
 *fill*         0x000355b6        0x2 00
 .data          0x000355b8        0x4 ./wlan_mac_high_framework/wlan_mac_entries.o
                0x000355b8                mac_payload_log_len
 .data          0x000355bc        0x0 ./wlan_mac_high_framework/wlan_mac_eth_util.o
 .data          0x000355bc        0x0 ./wlan_mac_high_framework/wlan_mac_event_log.o
 .data          0x000355bc        0x8 ./wlan_mac_high_framework/wlan_mac_high.o
                0x000355bc                right_shift_test
 .data          0x000355c4        0x0 ./wlan_mac_high_framework/wlan_mac_ltg.o
 .data          0x000355c4        0x0 ./wlan_mac_high_framework/wlan_mac_packet_types.o
 .data          0x000355c4        0x0 ./wlan_mac_high_framework/wlan_mac_queue.o
 .data          0x000355c4        0x0 ./wlan_mac_high_framework/wlan_mac_schedule.o
 .data          0x000355c4        0x0 ./wlan_mac_common/wlan_mac_ipc_util.o
 .data          0x000355c4        0x0 ./src/wlan_exp_node_ap.o
 .data          0x000355c4        0xf ./src/wlan_mac_ap.o
                0x000355c4                beacon_schedule_id
 *fill*         0x000355d3        0x1 00
 .data          0x000355d4        0x4 ./src/wlan_mac_ap_uart_menu.o
 .data          0x000355d8        0x0 ./src/wlan_mac_chan_util.o
 .data          0x000355d8        0x0 ../../wlan_bsp_cpu_high/mb_high/lib\libxil.a(xil_printf.o)
 .data          0x000355d8        0x0 ../../wlan_bsp_cpu_high/mb_high/lib\libxil.a(_exception_handler.o)
 .data          0x000355d8        0x0 ../../wlan_bsp_cpu_high/mb_high/lib\libxil.a(_program_clean.o)
 .data          0x000355d8        0x0 ../../wlan_bsp_cpu_high/mb_high/lib\libxil.a(_program_init.o)
 .data          0x000355d8       0x4c ../../wlan_bsp_cpu_high/mb_high/lib\libxil.a(hw_exception_handler.o)
                0x000355e4                MB_ExceptionVectorTable
 .data          0x00035624        0x0 ../../wlan_bsp_cpu_high/mb_high/lib\libxil.a(microblaze_interrupt_handler.o)
 .data          0x00035624        0x8 ../../wlan_bsp_cpu_high/mb_high/lib\libxil.a(microblaze_interrupts_g.o)
                0x00035624                MB_InterruptVectorTable
 .data          0x0003562c        0x0 ../../wlan_bsp_cpu_high/mb_high/lib\libxil.a(outbyte.o)
 .data          0x0003562c        0x4 ../../wlan_bsp_cpu_high/mb_high/lib\libxil.a(xil_assert.o)
                0x0003562c                Xil_AssertWait
 .data          0x00035630        0x0 ../../wlan_bsp_cpu_high/mb_high/lib\libxil.a(xil_exception.o)
 .data          0x00035630        0x0 ../../wlan_bsp_cpu_high/mb_high/lib\libxil.a(xil_io.o)
 .data          0x00035630        0x0 ../../wlan_bsp_cpu_high/mb_high/lib\libxil.a(xilnet_eth.o)
 .data          0x00035630        0x0 ../../wlan_bsp_cpu_high/mb_high/lib\libxil.a(xilnet_ip.o)
 .data          0x00035630        0x0 ../../wlan_bsp_cpu_high/mb_high/lib\libxil.a(xilnet_udp.o)
 .data          0x00035630        0x0 ../../wlan_bsp_cpu_high/mb_high/lib\libxil.a(xilnet_config.o)
 .data          0x00035630        0x0 ../../wlan_bsp_cpu_high/mb_high/lib\libxil.a(xilnet_xilsock.o)
 .data          0x00035630        0x0 ../../wlan_bsp_cpu_high/mb_high/lib\libxil.a(xaxicdma.o)
 .data          0x00035630        0x0 ../../wlan_bsp_cpu_high/mb_high/lib\libxil.a(xaxicdma_bdring.o)
 .data          0x00035630        0x0 ../../wlan_bsp_cpu_high/mb_high/lib\libxil.a(xaxicdma_intr.o)
 .data          0x00035630        0x0 ../../wlan_bsp_cpu_high/mb_high/lib\libxil.a(xaxicdma_sinit.o)
 .data          0x00035630        0x0 ../../wlan_bsp_cpu_high/mb_high/lib\libxil.a(xaxiethernet.o)
 .data          0x00035630        0x0 ../../wlan_bsp_cpu_high/mb_high/lib\libxil.a(xaxiethernet_sinit.o)
 .data          0x00035630        0x0 ../../wlan_bsp_cpu_high/mb_high/lib\libxil.a(xaxidma.o)
 .data          0x00035630        0x0 ../../wlan_bsp_cpu_high/mb_high/lib\libxil.a(xaxidma_bd.o)
 .data          0x00035630        0x0 ../../wlan_bsp_cpu_high/mb_high/lib\libxil.a(xaxidma_bdring.o)
 .data          0x00035630        0x0 ../../wlan_bsp_cpu_high/mb_high/lib\libxil.a(xaxidma_sinit.o)
 .data          0x00035630        0x0 ../../wlan_bsp_cpu_high/mb_high/lib\libxil.a(xintc.o)
 .data          0x00035630       0x68 ../../wlan_bsp_cpu_high/mb_high/lib\libxil.a(xintc_g.o)
                0x00035630                XIntc_ConfigTable
 .data          0x00035698        0x0 ../../wlan_bsp_cpu_high/mb_high/lib\libxil.a(xintc_intr.o)
 .data          0x00035698        0x0 ../../wlan_bsp_cpu_high/mb_high/lib\libxil.a(xintc_l.o)
 .data          0x00035698        0x0 ../../wlan_bsp_cpu_high/mb_high/lib\libxil.a(xgpio.o)
 .data          0x00035698        0x0 ../../wlan_bsp_cpu_high/mb_high/lib\libxil.a(xgpio_intr.o)
 .data          0x00035698        0x0 ../../wlan_bsp_cpu_high/mb_high/lib\libxil.a(xgpio_sinit.o)
 .data          0x00035698        0x0 ../../wlan_bsp_cpu_high/mb_high/lib\libxil.a(xtmrctr.o)
 .data          0x00035698        0x8 ../../wlan_bsp_cpu_high/mb_high/lib\libxil.a(xtmrctr_g.o)
                0x00035698                XTmrCtr_ConfigTable
 .data          0x000356a0        0x0 ../../wlan_bsp_cpu_high/mb_high/lib\libxil.a(xtmrctr_intr.o)
 .data          0x000356a0        0x2 ../../wlan_bsp_cpu_high/mb_high/lib\libxil.a(xtmrctr_l.o)
                0x000356a0                XTmrCtr_Offsets
 .data          0x000356a2        0x0 ../../wlan_bsp_cpu_high/mb_high/lib\libxil.a(xtmrctr_options.o)
 .data          0x000356a2        0x0 ../../wlan_bsp_cpu_high/mb_high/lib\libxil.a(xuartlite.o)
 .data          0x000356a2        0x0 ../../wlan_bsp_cpu_high/mb_high/lib\libxil.a(xuartlite_intr.o)
 .data          0x000356a2        0x0 ../../wlan_bsp_cpu_high/mb_high/lib\libxil.a(xuartlite_l.o)
 .data          0x000356a2        0x0 ../../wlan_bsp_cpu_high/mb_high/lib\libxil.a(xuartlite_sinit.o)
 .data          0x000356a2        0x0 ../../wlan_bsp_cpu_high/mb_high/lib\libxil.a(xuartlite_stats.o)
 .data          0x000356a2        0x0 ../../wlan_bsp_cpu_high/mb_high/lib\libxil.a(xmbox.o)
 .data          0x000356a2        0x0 ../../wlan_bsp_cpu_high/mb_high/lib\libxil.a(xmbox_sinit.o)
 .data          0x000356a2        0x0 ../../wlan_bsp_cpu_high/mb_high/lib\libxil.a(xmutex.o)
 .data          0x000356a2        0x0 ../../wlan_bsp_cpu_high/mb_high/lib\libxil.a(xmutex_sinit.o)
 *fill*         0x000356a2        0x2 00
 .data          0x000356a4        0x4 ../../wlan_bsp_cpu_high/mb_high/lib\libxil.a(xbasic_types.o)
                0x000356a4                XWaitInAssert
 .data          0x000356a8        0x0 ../../wlan_bsp_cpu_high/mb_high/lib\libxil.a(xllfifo.o)
 .data          0x000356a8        0x0 ../../wlan_bsp_cpu_high/mb_high/lib\libxil.a(xstreamer.o)
 .data          0x000356a8        0x0 ../../wlan_bsp_cpu_high/mb_high/lib\libxil.a(microblaze_disable_exceptions.o)
 .data          0x000356a8        0x0 ../../wlan_bsp_cpu_high/mb_high/lib\libxil.a(microblaze_disable_interrupts.o)
 .data          0x000356a8        0x0 ../../wlan_bsp_cpu_high/mb_high/lib\libxil.a(microblaze_enable_exceptions.o)
 .data          0x000356a8        0x0 ../../wlan_bsp_cpu_high/mb_high/lib\libxil.a(microblaze_enable_interrupts.o)
 .data          0x000356a8        0x0 ../../wlan_bsp_cpu_high/mb_high/lib\libxil.a(microblaze_invalidate_dcache_range.o)
 .data          0x000356a8        0x0 ../../wlan_bsp_cpu_high/mb_high/lib\libxil.a(xilnet_arp.o)
 .data          0x000356a8        0x0 ../../wlan_bsp_cpu_high/mb_high/lib\libxil.a(xilnet_icmp.o)
 .data          0x000356a8        0x0 ../../wlan_bsp_cpu_high/mb_high/lib\libxil.a(xaxicdma_bd.o)
 .data          0x000356a8       0x18 ../../wlan_bsp_cpu_high/mb_high/lib\libxil.a(xaxicdma_g.o)
                0x000356a8                XAxiCdma_ConfigTable
 .data          0x000356c0       0x48 ../../wlan_bsp_cpu_high/mb_high/lib\libxil.a(xaxiethernet_g.o)
                0x000356c0                XAxiEthernet_ConfigTable
 .data          0x00035708       0x30 ../../wlan_bsp_cpu_high/mb_high/lib\libxil.a(xaxidma_g.o)
                0x00035708                XAxiDma_ConfigTable
 .data          0x00035738       0x20 ../../wlan_bsp_cpu_high/mb_high/lib\libxil.a(xgpio_g.o)
                0x00035738                XGpio_ConfigTable
 .data          0x00035758       0x10 ../../wlan_bsp_cpu_high/mb_high/lib\libxil.a(xuartlite_g.o)
                0x00035758                XUartLite_ConfigTable
 .data          0x00035768        0xc ../../wlan_bsp_cpu_high/mb_high/lib\libxil.a(xmbox_g.o)
                0x00035768                XMbox_ConfigTable
 .data          0x00035774       0x10 ../../wlan_bsp_cpu_high/mb_high/lib\libxil.a(xmutex_g.o)
                0x00035774                XMutex_ConfigTable
 .data          0x00035784        0x0 c:/xilinx/14.4/ise_ds/edk/gnu/microblaze/nt64/bin/../lib/gcc/microblaze-xilinx-elf/4.6.2/bs/m/le\libgcc.a(_fixunssfsi.o)
 .data          0x00035784        0x0 c:/xilinx/14.4/ise_ds/edk/gnu/microblaze/nt64/bin/../lib/gcc/microblaze-xilinx-elf/4.6.2/bs/m/le\libgcc.a(_floatundisf.o)
 .data          0x00035784        0x0 c:/xilinx/14.4/ise_ds/edk/gnu/microblaze/nt64/bin/../lib/gcc/microblaze-xilinx-elf/4.6.2/bs/m/le\libgcc.a(_udivdi3.o)
 .data          0x00035784        0x0 c:/xilinx/14.4/ise_ds/edk/gnu/microblaze/nt64/bin/../lib/gcc/microblaze-xilinx-elf/4.6.2/bs/m/le\libgcc.a(_addsub_sf.o)
 .data          0x00035784        0x0 c:/xilinx/14.4/ise_ds/edk/gnu/microblaze/nt64/bin/../lib/gcc/microblaze-xilinx-elf/4.6.2/bs/m/le\libgcc.a(_mul_sf.o)
 .data          0x00035784        0x0 c:/xilinx/14.4/ise_ds/edk/gnu/microblaze/nt64/bin/../lib/gcc/microblaze-xilinx-elf/4.6.2/bs/m/le\libgcc.a(_div_sf.o)
 .data          0x00035784        0x0 c:/xilinx/14.4/ise_ds/edk/gnu/microblaze/nt64/bin/../lib/gcc/microblaze-xilinx-elf/4.6.2/bs/m/le\libgcc.a(_ge_sf.o)
 .data          0x00035784        0x0 c:/xilinx/14.4/ise_ds/edk/gnu/microblaze/nt64/bin/../lib/gcc/microblaze-xilinx-elf/4.6.2/bs/m/le\libgcc.a(_sf_to_si.o)
 .data          0x00035784        0x0 c:/xilinx/14.4/ise_ds/edk/gnu/microblaze/nt64/bin/../lib/gcc/microblaze-xilinx-elf/4.6.2/bs/m/le\libgcc.a(_thenan_sf.o)
 .data          0x00035784        0x0 c:/xilinx/14.4/ise_ds/edk/gnu/microblaze/nt64/bin/../lib/gcc/microblaze-xilinx-elf/4.6.2/bs/m/le\libgcc.a(_usi_to_sf.o)
 .data          0x00035784        0x0 c:/xilinx/14.4/ise_ds/edk/gnu/microblaze/nt64/bin/../lib/gcc/microblaze-xilinx-elf/4.6.2/bs/m/le\libgcc.a(_addsub_df.o)
 .data          0x00035784        0x0 c:/xilinx/14.4/ise_ds/edk/gnu/microblaze/nt64/bin/../lib/gcc/microblaze-xilinx-elf/4.6.2/bs/m/le\libgcc.a(_mul_df.o)
 .data          0x00035784        0x0 c:/xilinx/14.4/ise_ds/edk/gnu/microblaze/nt64/bin/../lib/gcc/microblaze-xilinx-elf/4.6.2/bs/m/le\libgcc.a(_df_to_sf.o)
 .data          0x00035784        0x0 c:/xilinx/14.4/ise_ds/edk/gnu/microblaze/nt64/bin/../lib/gcc/microblaze-xilinx-elf/4.6.2/bs/m/le\libgcc.a(_thenan_df.o)
 .data          0x00035784        0x0 c:/xilinx/14.4/ise_ds/edk/gnu/microblaze/nt64/bin/../lib/gcc/microblaze-xilinx-elf/4.6.2/bs/m/le\libgcc.a(_usi_to_df.o)
 .data          0x00035784        0x0 c:/xilinx/14.4/ise_ds/edk/gnu/microblaze/nt64/bin/../lib/gcc/microblaze-xilinx-elf/4.6.2/bs/m/le\libgcc.a(modsi3.o)
 .data          0x00035784        0x0 c:/xilinx/14.4/ise_ds/edk/gnu/microblaze/nt64/bin/../lib/gcc/microblaze-xilinx-elf/4.6.2/bs/m/le\libgcc.a(udivsi3.o)