Archive member included because of file (symbol)

../../wlan_bsp_cpu_high/mb_high/lib\libxil.a(xil_printf.o)
                              ./wlan_mac_high_framework/wlan_exp_common.o (xil_printf)
../../wlan_bsp_cpu_high/mb_high/lib\libxil.a(_exception_handler.o)
                              c:/xilinx/14.4/ise_ds/edk/gnu/microblaze/nt64/bin/../lib/gcc/microblaze-xilinx-elf/4.6.2/../../../../microblaze-xilinx-elf/lib/bs/m/le/crt0.o (_exception_handler)
../../wlan_bsp_cpu_high/mb_high/lib\libxil.a(_program_clean.o)
                              c:/xilinx/14.4/ise_ds/edk/gnu/microblaze/nt64/bin/../lib/gcc/microblaze-xilinx-elf/4.6.2/../../../../microblaze-xilinx-elf/lib/bs/m/le/crtinit.o (_program_clean)
../../wlan_bsp_cpu_high/mb_high/lib\libxil.a(_program_init.o)
                              c:/xilinx/14.4/ise_ds/edk/gnu/microblaze/nt64/bin/../lib/gcc/microblaze-xilinx-elf/4.6.2/../../../../microblaze-xilinx-elf/lib/bs/m/le/crtinit.o (_program_init)
../../wlan_bsp_cpu_high/mb_high/lib\libxil.a(hw_exception_handler.o)
                              c:/xilinx/14.4/ise_ds/edk/gnu/microblaze/nt64/bin/../lib/gcc/microblaze-xilinx-elf/4.6.2/../../../../microblaze-xilinx-elf/lib/bs/m/le/crt0.o (_hw_exception_handler)
../../wlan_bsp_cpu_high/mb_high/lib\libxil.a(microblaze_interrupt_handler.o)
                              c:/xilinx/14.4/ise_ds/edk/gnu/microblaze/nt64/bin/../lib/gcc/microblaze-xilinx-elf/4.6.2/../../../../microblaze-xilinx-elf/lib/bs/m/le/crt0.o (_interrupt_handler)
../../wlan_bsp_cpu_high/mb_high/lib\libxil.a(microblaze_interrupts_g.o)
                              ../../wlan_bsp_cpu_high/mb_high/lib\libxil.a(microblaze_interrupt_handler.o) (MB_InterruptVectorTable)
../../wlan_bsp_cpu_high/mb_high/lib\libxil.a(outbyte.o)
                              ../../wlan_bsp_cpu_high/mb_high/lib\libxil.a(xil_printf.o) (outbyte)
../../wlan_bsp_cpu_high/mb_high/lib\libxil.a(xil_exception.o)
                              ./wlan_mac_high_framework/wlan_mac_high.o (Xil_ExceptionInit)
../../wlan_bsp_cpu_high/mb_high/lib\libxil.a(xil_io.o)
                              ./wlan_mac_high_framework/wlan_exp_node.o (Xil_EndianSwap16)
../../wlan_bsp_cpu_high/mb_high/lib\libxil.a(WARP_ip_udp_init.o)
                              ./wlan_mac_high_framework/wlan_exp_transport.o (warp_ip_udp_init)
../../wlan_bsp_cpu_high/mb_high/lib\libxil.a(WARP_ip_udp_eth.o)
                              ./wlan_mac_high_framework/wlan_exp_transport.o (eth_set_interrupt_enable_callback)
../../wlan_bsp_cpu_high/mb_high/lib\libxil.a(WARP_ip_udp_ip_udp.o)
                              ../../wlan_bsp_cpu_high/mb_high/lib\libxil.a(WARP_ip_udp_init.o) (ipv4_init)
../../wlan_bsp_cpu_high/mb_high/lib\libxil.a(WARP_ip_udp_socket.o)
                              ./wlan_mac_high_framework/wlan_exp_transport.o (socket_socket)
../../wlan_bsp_cpu_high/mb_high/lib\libxil.a(xaxicdma.o)
                              ./wlan_mac_high_framework/wlan_mac_high.o (XAxiCdma_CfgInitialize)
../../wlan_bsp_cpu_high/mb_high/lib\libxil.a(xaxicdma_bdring.o)
                              ../../wlan_bsp_cpu_high/mb_high/lib\libxil.a(xaxicdma.o) (XAxiCdma_BdRingGetCurrBd)
../../wlan_bsp_cpu_high/mb_high/lib\libxil.a(xaxicdma_intr.o)
                              ../../wlan_bsp_cpu_high/mb_high/lib\libxil.a(xaxicdma.o) (XAxiCdma_IntrGetEnabled)
../../wlan_bsp_cpu_high/mb_high/lib\libxil.a(xaxicdma_sinit.o)
                              ./wlan_mac_high_framework/wlan_mac_high.o (XAxiCdma_LookupConfig)
../../wlan_bsp_cpu_high/mb_high/lib\libxil.a(xaxidma.o)
                              ../../wlan_bsp_cpu_high/mb_high/lib\libxil.a(WARP_ip_udp_eth.o) (XAxiDma_Reset)
../../wlan_bsp_cpu_high/mb_high/lib\libxil.a(xaxidma_bd.o)
                              ./wlan_mac_high_framework/wlan_mac_eth_util.o (XAxiDma_BdSetLength)
../../wlan_bsp_cpu_high/mb_high/lib\libxil.a(xaxidma_bdring.o)
                              ./wlan_mac_high_framework/wlan_mac_eth_util.o (XAxiDma_BdRingCreate)
../../wlan_bsp_cpu_high/mb_high/lib\libxil.a(xaxidma_sinit.o)
                              ./wlan_mac_high_framework/wlan_mac_eth_util.o (XAxiDma_LookupConfig)
../../wlan_bsp_cpu_high/mb_high/lib\libxil.a(xaxiethernet.o)
                              ./wlan_mac_high_framework/wlan_mac_eth_util.o (XAxiEthernet_Start)
../../wlan_bsp_cpu_high/mb_high/lib\libxil.a(xaxiethernet_sinit.o)
                              ./wlan_mac_high_framework/wlan_mac_eth_util.o (XAxiEthernet_LookupConfig)
../../wlan_bsp_cpu_high/mb_high/lib\libxil.a(xintc.o)
                              ./wlan_mac_high_framework/wlan_mac_high.o (XIntc_Initialize)
../../wlan_bsp_cpu_high/mb_high/lib\libxil.a(xintc_g.o)
                              ../../wlan_bsp_cpu_high/mb_high/lib\libxil.a(xintc.o) (XIntc_ConfigTable)
../../wlan_bsp_cpu_high/mb_high/lib\libxil.a(xintc_l.o)
                              ./wlan_mac_high_framework/wlan_mac_high.o (XIntc_DeviceInterruptHandler)
[...]
Memory Configuration

Name             Origin             Length             Attributes
mb_high_ilmb_bram_cntlr_0_mb_high_dlmb_bram_cntlr_0 0x00000050         0x0001ffb0
mb_high_ilmb_bram_cntlr_1_mb_high_dlmb_bram_cntlr_1 0x00020000         0x00020000
mb_high_init_bram_ctrl_S_AXI_BASEADDR 0x10000000         0x00001000
pkt_buff_rx_bram_ctrl_S_AXI_BASEADDR 0x90000000         0x00010000
pkt_buff_tx_bram_ctrl_S_AXI_BASEADDR 0x91000000         0x00010000
mb_high_aux_bram_ctrl_S_AXI_BASEADDR 0xa0000000         0x00010000
ddr3_sodimm_S_AXI_BASEADDR 0xc0000000         0x40000000
*default*        0x00000000         0xffffffff

Linker script and memory map

LOAD c:/xilinx/14.4/ise_ds/edk/gnu/microblaze/nt64/bin/../lib/gcc/microblaze-xilinx-elf/4.6.2/../../../../microblaze-xilinx-elf/lib/bs/m/le/crt0.o
LOAD c:/xilinx/14.4/ise_ds/edk/gnu/microblaze/nt64/bin/../lib/gcc/microblaze-xilinx-elf/4.6.2/bs/m/le/crti.o
LOAD c:/xilinx/14.4/ise_ds/edk/gnu/microblaze/nt64/bin/../lib/gcc/microblaze-xilinx-elf/4.6.2/bs/m/le/crtbegin.o
LOAD c:/xilinx/14.4/ise_ds/edk/gnu/microblaze/nt64/bin/../lib/gcc/microblaze-xilinx-elf/4.6.2/../../../../microblaze-xilinx-elf/lib/bs/m/le/crtinit.o
                [0x00001000]                _STACK_SIZE = DEFINED (_STACK_SIZE)?_STACK_SIZE:0x1000
                [0x00002000]                _HEAP_SIZE = DEFINED (_HEAP_SIZE)?_HEAP_SIZE:0x2000

.vectors.reset  0x00000000        0x8
 *(.vectors.reset)
 .vectors.reset
                0x00000000        0x8 c:/xilinx/14.4/ise_ds/edk/gnu/microblaze/nt64/bin/../lib/gcc/microblaze-xilinx-elf/4.6.2/../../../../microblaze-xilinx-elf/lib/bs/m/le/crt0.o
                0x00000000                _start

.vectors.sw_exception
                0x00000008        0x8
 *(.vectors.sw_exception)
 .vectors.sw_exception
                0x00000008        0x8 c:/xilinx/14.4/ise_ds/edk/gnu/microblaze/nt64/bin/../lib/gcc/microblaze-xilinx-elf/4.6.2/../../../../microblaze-xilinx-elf/lib/bs/m/le/crt0.o

.vectors.interrupt
                0x00000010        0x8
 *(.vectors.interrupt)
 .vectors.interrupt
                0x00000010        0x8 c:/xilinx/14.4/ise_ds/edk/gnu/microblaze/nt64/bin/../lib/gcc/microblaze-xilinx-elf/4.6.2/../../../../microblaze-xilinx-elf/lib/bs/m/le/crt0.o

.vectors.hw_exception
                0x00000020        0x8
 *(.vectors.hw_exception)
 .vectors.hw_exception
                0x00000020        0x8 c:/xilinx/14.4/ise_ds/edk/gnu/microblaze/nt64/bin/../lib/gcc/microblaze-xilinx-elf/4.6.2/../../../../microblaze-xilinx-elf/lib/bs/m/le/crt0.o

.text_bram_1    0x00020000    0x128c4
 *wlan_mac_high_framework*(.text)
 .text          0x00020000      0x668 ./wlan_mac_high_framework/wlan_exp_common.o
                0x00020000                wlan_exp_print_header
                0x00020114                print_mac_address
                0x00020180                print_mac_timestamp
                0x000201b8                wlan_exp_print_mac_address
                0x000201e4                wlan_exp_set_print_level
                0x00020234                wlan_exp_null_callback
                0x00020290                wlan_exp_get_mac_addr
                0x000202c4                wlan_exp_put_mac_addr
                0x0002030c                clear_ddr
                0x000203e4                wlan_exp_init_parameters
                0x00020440                wlan_exp_get_parameters
 .text          0x00020668     0x5eb8 ./wlan_mac_high_framework/wlan_exp_node.o
                0x00020668                wlan_exp_get_id_in_counts
                0x000206dc                wlan_exp_get_id_in_associated_stations
                0x00020778                find_counts_txrx
                0x00020798                find_station_info
                0x000207d0                ltg_cleanup
                0x000207f0                zero_bss_info
                0x00020814                zero_counts_txrx
                0x0002083c                zero_station_info
                0x00020860                copy_bss_info_to_dest
                0x0002097c                copy_station_info_to_dest
                0x00020a98                copy_counts_txrx_to_dest
                0x00020bfc                null_process_cmd_callback
                0x00020c60                wlan_exp_get_id_in_bss_info
                0x00020cb4                wlan_exp_node_set_type_design
                0x00020cd4                wlan_exp_node_set_type_high
                0x00020cfc                wlan_exp_node_set_type_low
                0x00020d1c                send_early_resp
                0x00020e08                process_buffer_cmds
                0x000213a8                transfer_log_data
                0x0002180c                wlan_exp_reset_all_callbacks
                0x0002185c                wlan_exp_set_process_node_cmd_callback
                0x0002186c                wlan_exp_set_purge_all_data_tx_queue_callback
                0x0002187c                wlan_exp_set_tx_cmd_add_association_callback
                0x0002188c                wlan_exp_set_process_user_cmd_callback
                0x0002189c                wlan_exp_set_beacon_ts_update_mode_callback
                0x000218ac                wlan_exp_set_process_config_bss_callback
                0x000218bc                wlan_exp_set_active_bss_info_getter_callback
                0x000218cc                node_init_parameters
                0x00021958                wlan_exp_node_init
                0x00021c24                node_get_parameters
                0x00021c60                node_get_parameter_values
                0x00021c98                node_get_node_id
                0x00021ca8                node_get_serial_number
                0x00021cb8                process_tx_power
                0x00021e9c                process_tx_rate
                0x0002211c                process_tx_ant_mode
                0x00022308                process_node_cmd
                0x00026364                process_hton_msg
 .text          0x00026520     0x176c ./wlan_mac_high_framework/wlan_exp_transport.o
                0x00026520                transport_eth_dev_info_init
                0x000266fc                transport_send
                0x000268cc                transport_receive
                0x00026bf0                transport_poll
                0x00026c78                transport_send_async
                0x00026d38                process_transport_cmd
                0x00026fbc                transport_set_process_hton_msg_callback
                0x00026fcc                transport_config_socket
                0x00027110                transport_config_sockets
                0x000271e8                transport_set_phy_link_speed
                0x00027314                transport_set_eth_phy_auto_negotiation
                0x000273c8                transport_check_device
                0x0002744c                transport_get_ethernet_status
                0x000274c0                transport_update_link_speed
                0x0002773c                transport_link_status
                0x00027768                transport_close
                0x000277dc                transport_set_hw_addr
                0x00027844                transport_get_hw_addr
                0x00027864                transport_set_ip_addr
                0x000278b8                transport_get_ip_addr
                0x000278d8                transport_reset_max_pkt_length
                0x000278f0                transport_init_parameters
                0x00027960                transport_init
                0x00027c48                transport_get_parameters
 .text          0x00027c8c       0x6c ./wlan_mac_high_framework/wlan_exp_user.o
                0x00027c8c                process_user_cmd
 .text          0x00027cf8      0x2c8 ./wlan_mac_high_framework/wlan_mac_addr_filter.o
                0x00027cf8                wlan_mac_addr_filter_init
                0x00027d20                wlan_mac_addr_filter_reset
                0x00027dd0                wlan_mac_addr_filter_add
                0x00027ecc                addr_is_allowed
                0x00027f10                wlan_mac_addr_is_warp
                0x00027f3c                wlan_mac_addr_filter_is_allowed
 .text          0x00027fc0      0xbcc ./wlan_mac_high_framework/wlan_mac_bss_info.o
                0x00027fc0                bss_info_init
                0x000280b0                bss_info_init_finish
                0x000280e4                print_bss_info
                0x000282a4                bss_info_checkout
                0x000282fc                bss_info_checkin
                0x00028328                wlan_mac_high_find_bss_info_SSID
                0x00028410                wlan_mac_high_find_bss_info_BSSID
                0x00028488                wlan_mac_high_find_bss_info_oldest
                0x000284c8                wlan_mac_high_clear_bss_info
                0x000285a0                wlan_mac_high_delete_bss_from_list
                0x00028614                wlan_mac_high_reset_network_list
                0x000286a4                wlan_mac_high_create_bss_info
                0x00028804                bss_info_timestamp_check
                0x000288b0                bss_info_rx_process
                0x00028b7c                wlan_mac_high_get_bss_info_list
 .text          0x00028b8c      0x494 ./wlan_mac_high_framework/wlan_mac_dl_list.o
                0x00028b8c                dl_list_init
                0x00028bc8                dl_entry_insertAfter
                0x00028c68                dl_entry_insertBefore
                0x00028d08                dl_entry_insertBeginning
                0x00028dac                dl_entry_insertEnd
                0x00028e04                dl_entry_move
                0x00028f68                dl_entry_remove
 .text          0x00029020     0x1118 ./wlan_mac_high_framework/wlan_mac_entries.o
                0x00029020                wlan_exp_log_get_entry_en_mask
                0x00029030                wlan_exp_log_set_entry_en_mask
                0x00029040                wlan_exp_log_reset_system_time_id
                0x00029058                wlan_exp_log_get_mac_payload_len
                0x00029068                wlan_exp_log_set_mac_payload_len
                0x000290ac                wlan_exp_log_create_entry
                0x000290cc                wlan_exp_log_get_txrx_entry_sizes
                0x0002927c                wlan_exp_log_create_rx_entry
                0x0002994c                wlan_exp_log_create_tx_high_entry
                0x00029aec                wlan_exp_log_create_tx_low_entry
                0x00029f00                add_node_info_entry
                0x00029fc0                add_time_info_entry
                0x0002a090                add_temperature_to_log
 .text          0x0002a138     0x134c ./wlan_mac_high_framework/wlan_mac_eth_util.o
                0x0002a138                init_rx_bd
                0x0002a21c                wlan_eth_dma_init
                0x0002a504                wlan_eth_init
                0x0002a664                wlan_mac_util_set_eth_rx_callback
                0x0002a674                wlan_mac_util_set_eth_encap_mode
                0x0002a684                eth_get_num_rx_bd
                0x0002a694                wlan_eth_setup_interrupt
                0x0002a710                wlan_eth_encap
                0x0002a994                wlan_process_eth_rx
                0x0002aa84                wlan_eth_dma_update
                0x0002ac30                wlan_process_all_eth_pkts
                0x0002ad84                eth_rx_interrupt_handler
                0x0002ae08                wlan_eth_dma_send
                0x0002afd8                wlan_mpdu_eth_send
 .text          0x0002b484      0xa20 ./wlan_mac_high_framework/wlan_mac_event_log.o
                0x0002b484                event_log_reset
                0x0002b500                event_log_config_wrap
                0x0002b53c                event_log_config_logging
                0x0002b578                event_log_init
                0x0002b678                event_log_get_data
                0x0002b754                event_log_get_size
                0x0002b790                event_log_get_capacity
                0x0002b7a0                event_log_get_next_entry_index
                0x0002b7b8                event_log_get_oldest_entry_index
                0x0002b7d0                event_log_get_total_size
                0x0002b824                event_log_get_num_wraps
                0x0002b834                event_log_get_flags
                0x0002b858                event_log_update_type
                0x0002b8d4                event_log_move_oldest_address
                0x0002b970                event_log_increment_oldest_address
                0x0002ba14                event_log_get_next_empty_address
                0x0002bda4                event_log_get_next_empty_entry
                0x0002be58                print_event_log_size
 .text          0x0002bea4     0x2400 ./wlan_mac_high_framework/wlan_mac_high.o
                0x0002bea4                wlan_mac_high_userio_gpio_handler
                0x0002bf5c                wlan_mac_high_uart_rx_handler
                0x0002bfa4                wlan_mac_high_heap_init
                0x0002c074                wlan_mac_high_cpu_ddr_linker_data_init
                0x0002c110                wlan_mac_high_interrupt_init
                0x0002c2e8                wlan_mac_high_interrupt_restore_state
                0x0002c34c                wlan_mac_high_interrupt_stop
                0x0002c3ac                wlan_mac_high_get_user_io_state
                0x0002c3d4                wlan_mac_high_set_pb_u_callback
                0x0002c3e4                wlan_mac_high_set_pb_m_callback
                0x0002c3f4                wlan_mac_high_set_pb_d_callback
                0x0002c404                wlan_mac_high_set_uart_rx_callback
                0x0002c414                wlan_mac_high_set_mpdu_tx_high_done_callback
                0x0002c424                wlan_mac_high_set_mpdu_tx_low_done_callback
                0x0002c434                wlan_mac_high_set_beacon_tx_done_callback
                0x0002c444                wlan_mac_high_set_mpdu_rx_callback
                0x0002c454                wlan_mac_high_set_poll_tx_queues_callback
                0x0002c464                wlan_mac_high_set_mpdu_dequeue_callback
                0x0002c474                wlan_mac_high_set_cpu_low_reboot_callback
                0x0002c484                wlan_mac_high_display_mallinfo
                0x0002c594                wlan_mac_high_malloc
                0x0002c5f0                wlan_mac_high_calloc
                0x0002c63c                wlan_mac_high_realloc
                0x0002c698                wlan_mac_high_free
                0x0002c6cc                wlan_mac_high_memory_test
                0x0002c9c0                wlan_mac_high_right_shift_test
                0x0002ca80                wlan_mac_high_cdma_finish_transfer
                0x0002caac                wlan_mac_high_cdma_start_transfer
                0x0002cc08                wlan_mac_high_mpdu_transmit
                0x0002cd70                wlan_mac_high_valid_tagged_rate
                0x0002ce3c                wlan_mac_high_tagged_rate_to_readable_rate
                0x0002cfc8                wlan_mac_high_setup_tx_header
                0x0002cfd4                wlan_mac_high_setup_tx_frame_info
                0x0002d064                wlan_mac_high_set_srand
                0x0002d0a8                wlan_mac_high_bss_channel_spec_to_radio_chan
                0x0002d0b4                wlan_mac_high_set_radio_channel
                0x0002d12c                wlan_mac_high_config_txrx_beacon
                0x0002d160                wlan_mac_high_set_rx_ant_mode
                0x0002d1d0                wlan_mac_high_set_tx_ctrl_pow
                0x0002d214                wlan_mac_high_set_rx_filter_mode
                0x0002d258                wlan_mac_high_write_low_mem
                0x0002d2a4                wlan_mac_high_read_low_mem
                0x0002d3d4                wlan_mac_high_write_low_param
                0x0002d420                wlan_mac_high_set_dsss
                0x0002d464                wlan_mac_high_process_ipc_msg
                0x0002d9e0                wlan_mac_high_ipc_rx
                0x0002da20                wlan_mac_high_request_low_state
                0x0002da50                wlan_mac_high_init
                0x0002df48                wlan_mac_high_is_cpu_low_initialized
                0x0002df70                wlan_mac_high_is_dequeue_allowed
                0x0002dff0                wlan_mac_high_get_empty_tx_packet_buffer
                0x0002e040                wlan_mac_high_is_pkt_ltg
                0x0002e084                wlan_mac_high_configure_beacon_tx_template
                0x0002e1f4                wlan_mac_high_update_beacon_tx_params
 .text          0x0002e2a4     0x1338 ./wlan_mac_high_framework/wlan_mac_ltg.o
                0x0002e2a4                wlan_mac_ltg_sched_set_callback
                0x0002e2b4                ltg_sched_create_l
                0x0002e320                ltg_sched_stop_l
                0x0002e3b4                ltg_sched_stop_all
                0x0002e420                ltg_sched_check
                0x0002e618                ltg_sched_destroy_params
                0x0002e664                ltg_sched_destroy_l
                0x0002e6b0                ltg_sched_remove_all
                0x0002e75c                ltg_sched_start_l
                0x0002e968                ltg_sched_start_all
                0x0002ea0c                ltg_sched_create
                0x0002ec8c                ltg_sched_find_tg_schedule
                0x0002eccc                ltg_sched_remove
                0x0002ed78                wlan_mac_ltg_sched_init
                0x0002ede8                ltg_sched_get_callback_arg
                0x0002ee28                ltg_sched_get_params
                0x0002ee68                ltg_sched_get_state
                0x0002ef48                ltg_sched_stop
                0x0002efb4                ltg_sched_start
                0x0002f020                wlan_create_ltg_frame
                0x0002f0a8                ltg_sched_deserialize
                0x0002f350                ltg_payload_deserialize
 .text          0x0002f5dc      0xd5c ./wlan_mac_high_framework/wlan_mac_packet_types.o
                0x0002f5dc                wlan_create_beacon_probe_resp_frame
                0x0002f9e0                wlan_create_probe_req_frame
                0x0002fb70                wlan_create_auth_frame
                0x0002fc34                wlan_create_deauth_disassoc_frame
                0x0002fcec                wlan_create_reassoc_assoc_req_frame
                0x0002ffe4                wlan_create_association_response_frame
                0x00030178                wlan_create_data_frame
                0x00030230                wlan_create_rts_frame
                0x000302a8                wlan_create_cts_frame
                0x000302f0                wlan_create_ack_frame
 .text          0x00030338      0x5ac ./wlan_mac_high_framework/wlan_mac_queue.o
                0x00030338                queue_init
                0x00030458                queue_total_size
                0x00030468                queue_num_free
                0x00030478                queue_num_queued
                0x000304a8                enqueue_after_tail
                0x000305f8                dequeue_from_head
                0x00030690                queue_checkout
                0x000306e8                queue_checkin
                0x00030718                purge_queue
                0x000307e4                queue_checkout_list
                0x00030814                queue_checkin_list
                0x0003083c                dequeue_transmit_checkin
                0x000308d4                queue_set_state_change_callback
 .text          0x000308e4      0x52c ./wlan_mac_high_framework/wlan_mac_scan.o
                0x000308e4                wlan_mac_scan_state_transition
                0x00030a00                wlan_mac_scan_init
                0x00030b7c                wlan_mac_scan_set_tx_probe_request_callback
                0x00030b8c                wlan_mac_scan_set_state_change_callback
                0x00030b9c                wlan_mac_scan_get_parameters
                0x00030bac                wlan_mac_scan_start
                0x00030c04                wlan_mac_scan_stop
                0x00030cd8                wlan_mac_scan_pause
                0x00030d94                wlan_mac_scan_resume
                0x00030ddc                wlan_mac_scan_is_scanning
                0x00030e00                wlan_mac_scan_get_num_scans
 .text          0x00030e10      0x974 ./wlan_mac_high_framework/wlan_mac_schedule.o
                0x00030e10                timer_interrupt_handler
                0x00030eb4                wlan_mac_schedule_init
                0x00030ffc                wlan_mac_schedule_setup_interrupt
                0x00031050                wlan_mac_schedule_enable
                0x00031168                wlan_mac_schedule_find
                0x000311a8                wlan_mac_remove_schedule
                0x00031308                schedule_handler
                0x000314a0                wlan_mac_schedule_disable_id
                0x0003156c                wlan_mac_schedule_event_repeated
 .text          0x00031784     0x1140 ./wlan_mac_high_framework/wlan_mac_station_info.o
                0x00031784                station_info_init
                0x00031864                station_info_init_finish
                0x00031898                station_info_rx_process_counts
                0x00031948                station_info_print
                0x00031c00                station_info_reset_all_counts_txrx
                0x00031c80                station_info_checkout
                0x00031cc8                station_info_checkin
                0x00031cf4                station_info_find_by_id
                0x00031d6c                station_info_find_by_addr
                0x00031de8                station_info_find_oldest
                0x00031e28                station_info_clear_txrx_counts
                0x00031e4c                txrx_counts_zero_all
                0x00031ea8                station_info_clear
                0x00031ee4                station_info_reset_all
                0x00031f74                station_info_create
                0x00032098                station_info_timestamp_check
                0x00032144                station_info_rx_process
                0x000322c4                station_info_tx_process
                0x000324bc                station_info_get_list
                0x000324cc                wlan_mac_high_find_station_info_ID
                0x00032504                station_info_remove
                0x00032570                station_info_is_member
                0x000325ac                station_info_update_rate
                0x00032604                station_info_add

.text           0x00000050    0x1d5dc
 *(.text)
 .text          0x00000050       0x34 c:/xilinx/14.4/ise_ds/edk/gnu/microblaze/nt64/bin/../lib/gcc/microblaze-xilinx-elf/4.6.2/../../../../microblaze-xilinx-elf/lib/bs/m/le/crt0.o
                0x00000050                _start1
                0x00000080                _exit
 .text          0x00000084        0x0 c:/xilinx/14.4/ise_ds/edk/gnu/microblaze/nt64/bin/../lib/gcc/microblaze-xilinx-elf/4.6.2/bs/m/le/crti.o
 .text          0x00000084      0x118 c:/xilinx/14.4/ise_ds/edk/gnu/microblaze/nt64/bin/../lib/gcc/microblaze-xilinx-elf/4.6.2/bs/m/le/crtbegin.o
 .text          0x0000019c       0xb0 c:/xilinx/14.4/ise_ds/edk/gnu/microblaze/nt64/bin/../lib/gcc/microblaze-xilinx-elf/4.6.2/../../../../microblaze-xilinx-elf/lib/bs/m/le/crtinit.o
                0x0000019c                _crtinit
 .text          0x0000024c      0x174 ./wlan_mac_common/wlan_mac_common.o
                0x0000024c                wlan_null_callback
                0x00000254                wlan_verify_channel
                0x0000027c                cpu_error_halt
                0x000002e0                init_mac_hw_info
                0x00000390                get_mac_hw_info
                0x000003a0                get_mac_hw_addr_wlan
                0x000003b0                get_mac_hw_addr_wlan_exp
 .text          0x000003c0      0x3b0 ./wlan_mac_common/wlan_mac_mailbox_util.o
                0x000003c0                mailbox_int_handler
                0x00000444                init_mailbox
                0x00000490                setup_mailbox_interrupt
                0x00000538                set_mailbox_rx_callback
                0x00000548                write_mailbox_msg
                0x000005f8                send_msg
                0x00000628                ipc_mailbox_read_isempty
                0x00000650                read_mailbox_msg
 .text          0x00000770      0x328 ./wlan_mac_common/wlan_mac_pkt_buf_util.o
                0x00000770                lock_tx_pkt_buf
                0x000007bc                lock_rx_pkt_buf
                0x00000808                unlock_tx_pkt_buf
                0x00000878                force_lock_tx_pkt_buf
                0x000008d4                unlock_rx_pkt_buf
                0x00000920                force_lock_rx_pkt_buf
                0x00000980                init_pkt_buf
                0x00000a00                get_tx_pkt_buf_status
                0x00000a4c                get_rx_pkt_buf_status
 .text          0x00000a98       0xcc ./wlan_mac_common/wlan_mac_sysmon_util.o
                0x00000a98                init_sysmon
                0x00000b34                get_current_temp
                0x00000b44                get_min_temp
                0x00000b54                get_max_temp
 .text          0x00000b64      0x1ac ./wlan_mac_common/wlan_mac_time_util.o
                0x00000b64                get_mac_time_usec
                0x00000bbc                get_system_time_usec
                0x00000c14                set_mac_time_usec
                0x00000c60                apply_mac_time_delta_usec
                0x00000cb0                usleep
 .text          0x00000d10      0x4a0 ./wlan_mac_common/wlan_mac_userio_util.o
                0x00000d10                hex_to_seven_segment
                0x00000d30                enable_hex_pwm
                0x00000d50                disable_hex_pwm
                0x00000d70                set_hex_pwm_period
                0x00000d98                set_hex_pwm_min_max
                0x00000de8                write_hex_display
                0x00000ed4                write_hex_display_with_pwm
                0x00000fe8                set_hex_display_error_status
                0x00001038                blink_hex_display
                0x00001160                set_hex_display_right_dp
                0x00001188                set_hex_display_left_dp
 .text          0x000011b0      0xd24 ./src/wlan_exp_node_ap.o
                0x000011b0                wlan_exp_process_node_cmd
 .text          0x00001ed4     0x2470 ./src/wlan_mac_ap.o
                0x00001ed4                up_button
                0x00001edc                active_bss_info_getter
                0x00001eec                purge_all_data_tx_queue
                0x00001f6c                handle_cpu_low_reboot
                0x00001fa0                configure_bss
                0x000025c8                mpdu_dequeue
                0x00002650                ethernet_receive
                0x00002834                ltg_event
                0x00002adc                poll_tx_queues
                0x00002cf8                beacon_transmit_done
                0x00002d48                send_probe_req
                0x00002e1c                wlan_exp_process_user_cmd
                0x00002e80                process_scan_state_change
                0x00002ef4                update_tim_tag_all
                0x000031dc                mpdu_rx_process
                0x00003d70                set_power_save_configuration
                0x00003de8                get_power_save_configuration
                0x00003df8                update_tim_tag_aid
                0x00003f64                queue_state_change
                0x00003fd8                deauthenticate_station
                0x00004144                remove_inactive_station_infos
                0x0000427c                deauthenticate_all_stations
                0x000042fc                get_bss_member_list
                0x00004314                get_wlan_mac_addr
                0x00004324                ap_update_hex_display
 .text          0x00004344      0xd10 ./src/wlan_mac_ap_uart_menu.o
                0x00004344                scan_traffic
                0x0000437c                chan_util
                0x00004400                print_station_status
                0x00004594                print_main_menu
                0x000046c0                print_queue_status
                0x000047e0                stop_periodic_print
                0x00004820                start_periodic_print
                0x0000487c                stop_periodic_util
                0x000048bc                start_periodic_util
                0x00004938                stop_periodic_channel_sweep
                0x000049b0                start_periodic_channel_sweep
                0x00004a0c                uart_rx
 .text          0x00005054     0x14d8 ./src/wlan_mac_chan_util.o
                0x00005054                wlan_mac_high_init_mpdu_info
                0x0000505c                wlan_mac_high_init_chan_info
                0x000050b8                wlan_mac_high_init_chan_data
                0x000050f0                wlan_mac_high_init_chan_util
                0x0000515c                wlan_mac_high_init_chan_state
                0x00005174                wlan_mac_high_reset_chan_info
                0x000051a8                wlan_mac_high_refresh_chan_info
                0x000051f0                wlan_calc_num_payload_syms
                0x00005274                wlan_calc_ofdm_mpdu_txtime
                0x000052e0                wlan_calc_dsss_mpdu_txtime
                0x00005310                set_mac_chan_state
                0x00005378                is_known_mac
                0x00005400                set_mac_chan_info
                0x00005590                copy_user_entry
                0x00005620                remove_user_at_index
                0x0000571c                remove_inactive_users
                0x0000579c                get_tot_mpdu
                0x000057b4                sort_users
                0x000059c8                get_avg_mpdu
                0x00005a24                get_avg_duration
                0x00005a80                print_chan_data
                0x00005b90                print_chan_util
                0x00005f90                get_mac_chan_util
                0x0000608c                get_mac_channel_index
                0x000060c8                get_channel_band
                0x00006110                extract_mpdu_info
                0x000062bc                set_mac_chan_data
                0x00006318                capture_mpdu
                0x000063c0                wlan_mac_high_refresh_chan_data
                0x000063f4                scan_traffic_sweep
 .text          0x0000652c      0x604 ../../wlan_bsp_cpu_high/mb_high/lib\libxil.a(xil_printf.o)
                0x00006718                xil_printf
 .text          0x00006b30        0x8 ../../wlan_bsp_cpu_high/mb_high/lib\libxil.a(_exception_handler.o)
                0x00006b30                _exception_handler
 .text          0x00006b38        0x8 ../../wlan_bsp_cpu_high/mb_high/lib\libxil.a(_program_clean.o)
                0x00006b38                _program_clean
 .text          0x00006b40        0x8 ../../wlan_bsp_cpu_high/mb_high/lib\libxil.a(_program_init.o)
                0x00006b40                _program_init
 *fill*         0x00006b48        0x8 00
 .text          0x00006b50      0x480 ../../wlan_bsp_cpu_high/mb_high/lib\libxil.a(hw_exception_handler.o)
                0x00006b50                _hw_exception_handler
 .text          0x00006fd0       0xb8 ../../wlan_bsp_cpu_high/mb_high/lib\libxil.a(microblaze_interrupt_handler.o)
                0x00006fd0                _interrupt_handler
                0x00006fd0                __interrupt_handler
                0x00007074                microblaze_register_handler
 .text          0x00007088        0x0 ../../wlan_bsp_cpu_high/mb_high/lib\libxil.a(microblaze_interrupts_g.o)
 .text          0x00007088       0x2c ../../wlan_bsp_cpu_high/mb_high/lib\libxil.a(outbyte.o)
                0x00007088                outbyte
 .text          0x000070b4       0xe8 ../../wlan_bsp_cpu_high/mb_high/lib\libxil.a(xil_exception.o)
                0x000070bc                Xil_ExceptionInit
                0x000070c4                Xil_ExceptionEnable
                0x000070f0                Xil_ExceptionDisable
                0x0000711c                Xil_ExceptionRegisterHandler
                0x00007154                Xil_ExceptionRemoveHandler
 .text          0x0000719c      0x118 ../../wlan_bsp_cpu_high/mb_high/lib\libxil.a(xil_io.o)
                0x0000719c                Xil_EndianSwap16
                0x000071b8                Xil_EndianSwap32
                0x000071f0                Xil_In16BE
                0x00007218                Xil_In32BE
                0x00007254                Xil_Out16BE
                0x00007274                Xil_Out32BE
 .text          0x000072b4      0x190 ../../wlan_bsp_cpu_high/mb_high/lib\libxil.a(WARP_ip_udp_init.o)
                0x000072b4                eth_init_global_structures
                0x00007338                socket_init_sockets
                0x00007384                arp_init_cache
                0x000073c8                warp_ip_udp_init
 .text          0x00007444     0x1734 ../../wlan_bsp_cpu_high/mb_high/lib\libxil.a(WARP_ip_udp_eth.o)
                0x00007444                eth_null_interrupt_callback
                0x0000744c                eth_set_interrupt_enable_callback
                0x0000745c                eth_set_interrupt_disable_callback
                0x0000746c                eth_get_num_tx_descriptors
                0x00007474                eth_init_header
                0x000074a0                eth_update_header
                0x000074f4                eth_not_in_memory_range
                0x0000755c                eth_print_err_msg
                0x000076a4                eth_check_dma
                0x0000779c                eth_check_device
                0x0000782c                eth_get_ip_addr
                0x00007894                eth_set_ip_addr
                0x000078f8                eth_get_hw_addr
                0x00007960                eth_set_hw_addr
                0x000079c4                eth_set_mac_operating_speed
                0x00007a20                eth_write_phy_reg
                0x00007a9c                eth_read_phy_reg
                0x00007b18                eth_free_recv_buffers
                0x00007c6c                eth_recv_frame
                0x00007ea0                eth_process_tx_descriptors
                0x00007fd8                eth_start_device
                0x00008074                eth_init_device
                0x00008178                eth_init_dma
                0x0000845c                eth_init
                0x000085f8                eth_send_frame
 .text          0x00008b78      0xd1c ../../wlan_bsp_cpu_high/mb_high/lib\libxil.a(WARP_ip_udp_ip_udp.o)
                0x00008b78                ipv4_init
                0x00008b88                ipv4_init_header
                0x00008bd0                ipv4_compute_checksum
                0x00008c34                ipv4_update_header
                0x00008ccc                udp_process_packet
                0x00008d3c                udp_init_header
                0x00008d6c                udp_update_header
                0x00008da4                arp_reply
                0x00008f7c                arp_request
                0x0000913c                arp_send_announcement
                0x0000917c                arp_get_hw_addr
                0x00009258                arp_update_cache
                0x000093bc                arp_process_packet
                0x000094b4                imcp_echo_reply
                0x00009704                imcp_process_packet
                0x00009744                ipv4_process_packet
 .text          0x00009894      0x6f0 ../../wlan_bsp_cpu_high/mb_high/lib\libxil.a(WARP_ip_udp_socket.o)
                0x00009894                socket_socket
                0x00009904                socket_bind_eth
                0x000099fc                socket_close
                0x00009a38                socket_sendto
                0x00009b94                socket_sendto_raw
                0x00009bf8                socket_recvfrom_eth
                0x00009d1c                socket_alloc_send_buffer
                0x00009dc0                socket_free_send_buffer
                0x00009de4                socket_free_recv_buffer
                0x00009e38                socket_find_index_by_eth
                0x00009e94                socket_get_eth_dev_num
                0x00009ecc                socket_get_warp_ip_udp_header
                0x00009f00                socket_alloc_socket
                0x00009f40                socket_get_socket
                0x00009f74                socket_check_socket
 .text          0x00009f84      0x570 ../../wlan_bsp_cpu_high/mb_high/lib\libxil.a(xaxicdma.o)
                0x00009f84                XAxiCdma_GetError
                0x00009f94                XAxiCdma_Reset
                0x00009fbc                XAxiCdma_ResetIsDone
                0x00009fd4                XAxiCdma_CfgInitialize
                0x0000a0b4                XAxiCdma_IsBusy
                0x0000a0cc                XAxiCdma_IsSimpleMode
                0x0000a0e4                XAxiCdma_SwitchMode
                0x0000a1f0                XAxiCdma_SimpleTransfer
                0x0000a34c                XAxiCdma_SetCoalesce
                0x0000a3e0                XAxiCdma_GetCoalesce
                0x0000a418                XAxiCdma_DumpRegisters
 .text          0x0000a4f4      0xab8 ../../wlan_bsp_cpu_high/mb_high/lib\libxil.a(xaxicdma_bdring.o)
                0x0000a4f4                XAxiCdma_BdRingCntCalc
                0x0000a530                XAxiCdma_BdRingMemCalc
                0x0000a544                XAxiCdma_BdRingGetCnt
                0x0000a54c                XAxiCdma_BdRingGetFreeCnt
                0x0000a554                XAxiCdma_BdRingSnapShotCurrBd
                0x0000a5a4                XAxiCdma_BdRingGetCurrBd
                0x0000a5b4                XAxiCdma_BdRingNext
                0x0000a5fc                XAxiCdma_BdRingPrev
                0x0000a644                XAxiCdma_BdRingCreate
                0x0000a888                XAxiCdma_BdRingClone
                0x0000a950                XAxiCdma_BdRingAlloc
                0x0000a9b8                XAxiCdma_BdRingUnAlloc
                0x0000aa40                XAxiCdma_BdRingToHw
                0x0000acc0                XAxiCdma_BdRingFromHw
                0x0000ae18                XAxiCdma_BdRingFree
                0x0000aef8                XAxiCdma_BdRingStartTransfer
 .text          0x0000afac      0x194 ../../wlan_bsp_cpu_high/mb_high/lib\libxil.a(xaxicdma_intr.o)
                0x0000afac                XAxiCdma_IntrEnable
                0x0000afc8                XAxiCdma_IntrGetEnabled
                0x0000afd8                XAxiCdma_IntrDisable
                0x0000aff8                XAxiCdma_IntrHandler
 .text          0x0000b140       0x24 ../../wlan_bsp_cpu_high/mb_high/lib\libxil.a(xaxicdma_sinit.o)
                0x0000b140                XAxiCdma_LookupConfig
 .text          0x0000b164      0x758 ../../wlan_bsp_cpu_high/mb_high/lib\libxil.a(xaxidma.o)
                0x0000b164                XAxiDma_Reset
                0x0000b274                XAxiDma_ResetIsDone
                0x0000b2b8                XAxiDma_CfgInitialize
                0x0000b498                XAxiDma_Pause
                0x0000b52c                XAxiDma_Resume
                0x0000b740                XAxiDma_Busy
                0x0000b760                XAxiDma_SelectKeyHole
                0x0000b790                XAxiDma_SimpleTransfer
 .text          0x0000b8bc      0x280 ../../wlan_bsp_cpu_high/mb_high/lib\libxil.a(xaxidma_bd.o)
                0x0000b8bc                XAxiDma_BdSetLength
                0x0000b8f0                XAxiDma_BdSetBufAddr
                0x0000b950                XAxiDma_BdSetAppWord
                0x0000b984                XAxiDma_BdGetAppWord
                0x0000b9bc                XAxiDma_BdSetCtrl
                0x0000b9dc                XAxiDma_DumpBd
 .text          0x0000bb3c      0xd48 ../../wlan_bsp_cpu_high/mb_high/lib\libxil.a(xaxidma_bdring.o)
                0x0000bb3c                XAxiDma_UpdateBdRingCDesc
                0x0000bc2c                XAxiDma_BdRingCreate
                0x0000be04                XAxiDma_BdRingClone
                0x0000bedc                XAxiDma_StartBdRingHw
                0x0000bfe0                XAxiDma_BdRingStart
                0x0000c014                XAxiDma_BdRingSetCoalesce
                0x0000c080                XAxiDma_BdRingGetCoalesce
                0x0000c0a4                XAxiDma_BdRingAlloc
                0x0000c11c                XAxiDma_BdRingUnAlloc
                0x0000c1c0                XAxiDma_BdRingToHw
                0x0000c3f0                XAxiDma_BdRingFromHw
                0x0000c574                XAxiDma_BdRingFree
                0x0000c5f0                XAxiDma_BdRingCheck
                0x0000c760                XAxiDma_BdRingDumpRegs
 .text          0x0000c884       0x40 ../../wlan_bsp_cpu_high/mb_high/lib\libxil.a(xaxidma_sinit.o)
                0x0000c884                XAxiDma_LookupConfig
 .text          0x0000c8c4     0x135c ../../wlan_bsp_cpu_high/mb_high/lib\libxil.a(xaxiethernet.o)
                0x0000c9a8                XAxiEthernet_Start
                0x0000caa4                XAxiEthernet_Stop
                0x0000cb6c                XAxiEthernet_SetMacAddress
                0x0000ccec                XAxiEthernet_GetMacAddress
                0x0000ce20                XAxiEthernet_SetOptions
                0x0000d0d0                XAxiEthernet_ClearOptions
                0x0000d378                XAxiEthernet_GetOptions
                0x0000d414                XAxiEthernet_GetOperatingSpeed
                0x0000d4f8                XAxiEthernet_SetOperatingSpeed
                0x0000d678                XAxiEthernet_SetBadFrmRcvOption
                0x0000d690                XAxiEthernet_ClearBadFrmRcvOption
                0x0000d6a8                XAxiEthernet_DisableControlFrameLenCheck
                0x0000d6c4                XAxiEthernet_EnableControlFrameLenCheck
                0x0000d6e0                XAxiEthernet_PhySetMdioDivisor
                0x0000d7a8                XAxiEthernet_Reset
                0x0000d94c                XAxiEthernet_CfgInitialize
                0x0000da0c                XAxiEthernet_PhyRead
                0x0000db18                XAxiEthernet_PhyWrite
 .text          0x0000dc20       0x40 ../../wlan_bsp_cpu_high/mb_high/lib\libxil.a(xaxiethernet_sinit.o)
                0x0000dc20                XAxiEthernet_LookupConfig
 .text          0x0000dc60      0xc18 ../../wlan_bsp_cpu_high/mb_high/lib\libxil.a(xintc.o)
                0x0000dcb8                XIntc_Initialize
                0x0000de48                XIntc_Start
                0x0000df38                XIntc_Stop
                0x0000dfc8                XIntc_Connect
                0x0000e0d8                XIntc_Disconnect
                0x0000e1dc                XIntc_Enable
                0x0000e2b8                XIntc_Disable
                0x0000e398                XIntc_Acknowledge
                0x0000e46c                XIntc_LookupConfig
                0x0000e490                XIntc_ConnectFastHandler
                0x0000e694                XIntc_SetNormalIntrMode
 .text          0x0000e878        0x0 ../../wlan_bsp_cpu_high/mb_high/lib\libxil.a(xintc_g.o)
 .text          0x0000e878      0x1e8 ../../wlan_bsp_cpu_high/mb_high/lib\libxil.a(xintc_l.o)
                0x0000e878                XIntc_DeviceInterruptHandler
                0x0000e970                XIntc_LowLevelInterruptHandler
                0x0000e98c                XIntc_SetIntrSvcOption
                0x0000e9b4                XIntc_RegisterHandler
                0x0000e9e8                XIntc_RegisterFastHandler
 .text          0x0000ea60      0x41c ../../wlan_bsp_cpu_high/mb_high/lib\libxil.a(xgpio.o)
                0x0000ea60                XGpio_CfgInitialize
                0x0000ead4                XGpio_SetDataDirection
                0x0000ebb0                XGpio_GetDataDirection
                0x0000eca8                XGpio_DiscreteRead
                0x0000eda0                XGpio_DiscreteWrite
 .text          0x0000ee7c      0x5d8 ../../wlan_bsp_cpu_high/mb_high/lib\libxil.a(xgpio_intr.o)
                0x0000ee7c                XGpio_InterruptGlobalEnable
                0x0000ef48                XGpio_InterruptGlobalDisable
                0x0000f00c                XGpio_InterruptEnable
                0x0000f0d8                XGpio_InterruptDisable
                0x0000f1a8                XGpio_InterruptClear
                0x0000f274                XGpio_InterruptGetEnabled
                0x0000f364                XGpio_InterruptGetStatus
 .text          0x0000f454       0xb4 ../../wlan_bsp_cpu_high/mb_high/lib\libxil.a(xgpio_sinit.o)
                0x0000f454                XGpio_LookupConfig
                0x0000f478                XGpio_Initialize
 .text          0x0000f508      0x7cc ../../wlan_bsp_cpu_high/mb_high/lib\libxil.a(xtmrctr.o)
                0x0000f508                XTmrCtr_Initialize
                0x0000f640                XTmrCtr_Start
                0x0000f730                XTmrCtr_Stop
                0x0000f80c                XTmrCtr_GetValue
                0x0000f900                XTmrCtr_SetResetValue
                0x0000f9d8                XTmrCtr_GetCaptureValue
                0x0000facc                XTmrCtr_Reset
                0x0000fbb8                XTmrCtr_IsExpired
                0x0000fcb0                XTmrCtr_LookupConfig
 .text          0x0000fcd4        0x0 ../../wlan_bsp_cpu_high/mb_high/lib\libxil.a(xtmrctr_g.o)
 .text          0x0000fcd4      0x1c8 ../../wlan_bsp_cpu_high/mb_high/lib\libxil.a(xtmrctr_intr.o)
                0x0000fcd4                XTmrCtr_SetHandler
                0x0000fd8c                XTmrCtr_InterruptHandler
 .text          0x0000fe9c        0x0 ../../wlan_bsp_cpu_high/mb_high/lib\libxil.a(xtmrctr_l.o)
 .text          0x0000fe9c      0x240 ../../wlan_bsp_cpu_high/mb_high/lib\libxil.a(xtmrctr_options.o)
                0x0000fe9c                XTmrCtr_SetOptions
                0x0000ffbc                XTmrCtr_GetOptions
 .text          0x000100dc      0x5e8 ../../wlan_bsp_cpu_high/mb_high/lib\libxil.a(xuartlite.o)
                0x00010110                XUartLite_CfgInitialize
                0x000101ac                XUartLite_ResetFifos
                0x00010244                XUartLite_IsSending
                0x000102b8                XUartLite_SendBuffer
                0x00010360                XUartLite_Send
                0x000104ac                XUartLite_ReceiveBuffer
                0x00010578                XUartLite_Recv
 .text          0x000106c4      0x384 ../../wlan_bsp_cpu_high/mb_high/lib\libxil.a(xuartlite_intr.o)
                0x000106c4                XUartLite_SetRecvHandler
                0x0001077c                XUartLite_SetSendHandler
                0x00010834                XUartLite_InterruptHandler
                0x0001092c                XUartLite_DisableInterrupt
                0x000109b8                XUartLite_EnableInterrupt
 .text          0x00010a48       0x38 ../../wlan_bsp_cpu_high/mb_high/lib\libxil.a(xuartlite_l.o)
                0x00010a48                XUartLite_SendByte
                0x00010a64                XUartLite_RecvByte
 .text          0x00010a80       0xb0 ../../wlan_bsp_cpu_high/mb_high/lib\libxil.a(xuartlite_sinit.o)
                0x00010a80                XUartLite_LookupConfig
                0x00010aa4                XUartLite_Initialize
 .text          0x00010b30      0x188 ../../wlan_bsp_cpu_high/mb_high/lib\libxil.a(xuartlite_stats.o)
                0x00010b30                XUartLite_GetStats
                0x00010c18                XUartLite_ClearStats
 .text          0x00010cb8      0xd28 ../../wlan_bsp_cpu_high/mb_high/lib\libxil.a(xmbox.o)
                0x00010cb8                XMbox_CfgInitialize
                0x00010de8                XMbox_Read
                0x00010fe8                XMbox_ReadBlocking
                0x0001112c                XMbox_Write
                0x00011328                XMbox_WriteBlocking
                0x0001146c                XMbox_IsEmpty
                0x000114f0                XMbox_IsFull
                0x00011574                XMbox_Flush
                0x00011608                XMbox_SetInterruptEnable
                0x0001168c                XMbox_GetInterruptEnable
                0x00011724                XMbox_GetInterruptStatus
                0x000117bc                XMbox_ClearInterrupt
                0x00011840                XMbox_SetSendThreshold
                0x000118c4                XMbox_SetReceiveThreshold
                0x00011948                XMbox_GetStatus
 .text          0x000119e0       0x24 ../../wlan_bsp_cpu_high/mb_high/lib\libxil.a(xmbox_sinit.o)
                0x000119e0                XMbox_LookupConfig
 .text          0x00011a04      0x6ec ../../wlan_bsp_cpu_high/mb_high/lib\libxil.a(xmutex.o)
                0x00011a04                XMutex_CfgInitialize
                0x00011b54                XMutex_Lock
                0x00011bfc                XMutex_Trylock
                0x00011cc8                XMutex_Unlock
                0x00011d94                XMutex_IsLocked
                0x00011e38                XMutex_GetStatus
                0x00011f30                XMutex_GetUser
                0x0001202c                XMutex_SetUser
 .text          0x000120f0       0x24 ../../wlan_bsp_cpu_high/mb_high/lib\libxil.a(xmutex_sinit.o)
                0x000120f0                XMutex_LookupConfig
 .text          0x00012114      0x9c0 ../../wlan_bsp_cpu_high/mb_high/lib\libxil.a(w3_iic_eeprom.o)
                0x00012114                iic_eeprom_trylock
                0x0001212c                iic_eeprom_unlock
                0x00012138                w3_eeprom_read_serial_num
                0x0001217c                w3_eeprom_read_eth_addr
                0x00012218                w3_eeprom_read_fpga_dna
                0x00012270                iic_eeprom_write_byte_internal
                0x00012418                iic_eeprom_write_byte
                0x0001247c                iic_eeprom_read_byte_internal
                0x000125e0                iic_eeprom_read_fpga_dna
                0x000126d8                iic_eeprom_read_eth_addr
                0x0001286c                iic_eeprom_read_serial_num
                0x000128d4                iic_eeprom_init
                0x00012a4c                iic_eeprom_read_byte
                0x00012ab0                iic_eeprom_wait_for_rx_ack
 .text          0x00012ad4       0x54 ../../wlan_bsp_cpu_high/mb_high/lib\libxil.a(print.o)
                0x00012ad4                print
 .text          0x00012b28       0x50 ../../wlan_bsp_cpu_high/mb_high/lib\libxil.a(xbasic_types.o)
                0x00012b28                XAssert
                0x00012b60                XAssertSetCallback
                0x00012b70                XNullHandler
 .text          0x00012b78       0x14 ../../wlan_bsp_cpu_high/mb_high/lib\libxil.a(microblaze_disable_exceptions.o)
                0x00012b78                microblaze_disable_exceptions
 .text          0x00012b8c       0x20 ../../wlan_bsp_cpu_high/mb_high/lib\libxil.a(microblaze_disable_interrupts.o)
                0x00012b8c                microblaze_disable_interrupts
 .text          0x00012bac       0x14 ../../wlan_bsp_cpu_high/mb_high/lib\libxil.a(microblaze_enable_exceptions.o)
                0x00012bac                microblaze_enable_exceptions
 .text          0x00012bc0       0x20 ../../wlan_bsp_cpu_high/mb_high/lib\libxil.a(microblaze_enable_interrupts.o)
                0x00012bc0                microblaze_enable_interrupts
 .text          0x00012be0       0x30 ../../wlan_bsp_cpu_high/mb_high/lib\libxil.a(microblaze_invalidate_dcache_range.o)
                0x00012be0                microblaze_invalidate_dcache_range
 .text          0x00012c10       0x48 ../../wlan_bsp_cpu_high/mb_high/lib\libxil.a(xil_assert.o)
                0x00012c10                Xil_Assert
                0x00012c48                Xil_AssertSetCallback
 .text          0x00012c58      0x1d0 ../../wlan_bsp_cpu_high/mb_high/lib\libxil.a(WARP_ip_udp_config.o)
                0x00012c58                eth_init_device_info
 .text          0x00012e28      0x2fc ../../wlan_bsp_cpu_high/mb_high/lib\libxil.a(xaxicdma_bd.o)
                0x00012e28                XAxiCdma_BdClear
                0x00012e50                XAxiCdma_BdClone
                0x00012f1c                XAxiCdma_BdGetNextPtr
                0x00012f24                XAxiCdma_BdSetNextPtr
                0x00012f2c                XAxiCdma_BdGetSts
                0x00012f40                XAxiCdma_BdClearSts
                0x00012f48                XAxiCdma_BdSetSrcBufAddr
                0x00012f78                XAxiCdma_BdGetSrcBufAddr
                0x00012f80                XAxiCdma_BdSetDstBufAddr
                0x00012fb0                XAxiCdma_BdGetDstBufAddr
                0x00012fb8                XAxiCdma_BdSetLength
                0x00012fe4                XAxiCdma_BdGetLength
                0x00012fec                XAxiCdma_BdSetPhysAddr
                0x00012ff4                XAxiCdma_BdSetIsLite
                0x00012ffc                XAxiCdma_BdSetHasDRE
                0x00013004                XAxiCdma_BdSetWordLen
                0x0001300c                XAxiCdma_BdSetMaxLen
                0x00013014                XAxiCdma_BdGetPhysAddr
                0x0001301c                XAxiCdma_DumpBd
 .text          0x00013124        0x0 ../../wlan_bsp_cpu_high/mb_high/lib\libxil.a(xaxicdma_g.o)
 .text          0x00013124        0x0 ../../wlan_bsp_cpu_high/mb_high/lib\libxil.a(xaxidma_g.o)
 .text          0x00013124        0x0 ../../wlan_bsp_cpu_high/mb_high/lib\libxil.a(xaxiethernet_g.o)
 .text          0x00013124        0x0 ../../wlan_bsp_cpu_high/mb_high/lib\libxil.a(xgpio_g.o)
 .text          0x00013124        0x0 ../../wlan_bsp_cpu_high/mb_high/lib\libxil.a(xuartlite_g.o)
 .text          0x00013124        0x0 ../../wlan_bsp_cpu_high/mb_high/lib\libxil.a(xmbox_g.o)
 .text          0x00013124        0x0 ../../wlan_bsp_cpu_high/mb_high/lib\libxil.a(xmutex_g.o)
 .text          0x00013124       0x88 c:/xilinx/14.4/ise_ds/edk/gnu/microblaze/nt64/bin/../lib/gcc/microblaze-xilinx-elf/4.6.2/bs/m/le\libgcc.a(_fixunssfsi.o)
                0x00013124                __fixunssfsi
 .text          0x000131ac       0xf4 c:/xilinx/14.4/ise_ds/edk/gnu/microblaze/nt64/bin/../lib/gcc/microblaze-xilinx-elf/4.6.2/bs/m/le\libgcc.a(_floatundisf.o)
                0x000131ac                __floatundisf
 .text          0x000132a0      0x6d8 c:/xilinx/14.4/ise_ds/edk/gnu/microblaze/nt64/bin/../lib/gcc/microblaze-xilinx-elf/4.6.2/bs/m/le\libgcc.a(_udivdi3.o)
                0x000132a0                __udivdi3
 .text          0x00013978      0x2e8 c:/xilinx/14.4/ise_ds/edk/gnu/microblaze/nt64/bin/../lib/gcc/microblaze-xilinx-elf/4.6.2/bs/m/le\libgcc.a(_addsub_sf.o)
                0x00013ba4                __addsf3
                0x00013bfc                __subsf3
 .text          0x00013c60      0x200 c:/xilinx/14.4/ise_ds/edk/gnu/microblaze/nt64/bin/../lib/gcc/microblaze-xilinx-elf/4.6.2/bs/m/le\libgcc.a(_mul_sf.o)
                0x00013c60                __mulsf3
 .text          0x00013e60      0x18c c:/xilinx/14.4/ise_ds/edk/gnu/microblaze/nt64/bin/../lib/gcc/microblaze-xilinx-elf/4.6.2/bs/m/le\libgcc.a(_div_sf.o)
                0x00013e60                __divsf3
 .text          0x00013fec       0x6c c:/xilinx/14.4/ise_ds/edk/gnu/microblaze/nt64/bin/../lib/gcc/microblaze-xilinx-elf/4.6.2/bs/m/le\libgcc.a(_ge_sf.o)
                0x00013fec                __gesf2
 .text          0x00014058       0xb0 c:/xilinx/14.4/ise_ds/edk/gnu/microblaze/nt64/bin/../lib/gcc/microblaze-xilinx-elf/4.6.2/bs/m/le\libgcc.a(_sf_to_si.o)
                0x00014058                __fixsfsi
 .text          0x00014108        0x0 c:/xilinx/14.4/ise_ds/edk/gnu/microblaze/nt64/bin/../lib/gcc/microblaze-xilinx-elf/4.6.2/bs/m/le\libgcc.a(_thenan_sf.o)
 .text          0x00014108       0xe8 c:/xilinx/14.4/ise_ds/edk/gnu/microblaze/nt64/bin/../lib/gcc/microblaze-xilinx-elf/4.6.2/bs/m/le\libgcc.a(_usi_to_sf.o)
                0x00014108                __floatunsisf
 .text          0x000141f0      0x51c c:/xilinx/14.4/ise_ds/edk/gnu/microblaze/nt64/bin/../lib/gcc/microblaze-xilinx-elf/4.6.2/bs/m/le\libgcc.a(_addsub_df.o)
                0x00014620                __adddf3
                0x00014690                __subdf3
 .text          0x0001470c      0x41c c:/xilinx/14.4/ise_ds/edk/gnu/microblaze/nt64/bin/../lib/gcc/microblaze-xilinx-elf/4.6.2/bs/m/le\libgcc.a(_mul_df.o)
                0x0001470c                __muldf3
 .text          0x00014b28       0x7c c:/xilinx/14.4/ise_ds/edk/gnu/microblaze/nt64/bin/../lib/gcc/microblaze-xilinx-elf/4.6.2/bs/m/le\libgcc.a(_df_to_sf.o)
                0x00014b28                __truncdfsf2
 .text          0x00014ba4        0x0 c:/xilinx/14.4/ise_ds/edk/gnu/microblaze/nt64/bin/../lib/gcc/microblaze-xilinx-elf/4.6.2/bs/m/le\libgcc.a(_thenan_df.o)
 .text          0x00014ba4      0x188 c:/xilinx/14.4/ise_ds/edk/gnu/microblaze/nt64/bin/../lib/gcc/microblaze-xilinx-elf/4.6.2/bs/m/le\libgcc.a(_usi_to_df.o)
                0x00014ba4                __floatunsidf
 .text          0x00014d2c       0x9c c:/xilinx/14.4/ise_ds/edk/gnu/microblaze/nt64/bin/../lib/gcc/microblaze-xilinx-elf/4.6.2/bs/m/le\libgcc.a(modsi3.o)
                0x00014d2c                __modsi3
 .text          0x00014dc8       0xa8 c:/xilinx/14.4/ise_ds/edk/gnu/microblaze/nt64/bin/../lib/gcc/microblaze-xilinx-elf/4.6.2/bs/m/le\libgcc.a(udivsi3.o)
                0x00014dc8                __udivsi3
 .text          0x00014e70       0xbc c:/xilinx/14.4/ise_ds/edk/gnu/microblaze/nt64/bin/../lib/gcc/microblaze-xilinx-elf/4.6.2/bs/m/le\libgcc.a(umodsi3.o)
                0x00014e70                __umodsi3
 .text          0x00014f2c       0x70 c:/xilinx/14.4/ise_ds/edk/gnu/microblaze/nt64/bin/../lib/gcc/microblaze-xilinx-elf/4.6.2/bs/m/le\libgcc.a(_muldi3.o)
                0x00014f2c                __muldi3
 .text          0x00014f9c        0x0 c:/xilinx/14.4/ise_ds/edk/gnu/microblaze/nt64/bin/../lib/gcc/microblaze-xilinx-elf/4.6.2/bs/m/le\libgcc.a(_clz.o)
 .text          0x00014f9c       0x9c c:/xilinx/14.4/ise_ds/edk/gnu/microblaze/nt64/bin/../lib/gcc/microblaze-xilinx-elf/4.6.2/bs/m/le\libgcc.a(_clzsi2.o)
                0x00014f9c                __clzsi2
 .text          0x00015038      0x184 c:/xilinx/14.4/ise_ds/edk/gnu/microblaze/nt64/bin/../lib/gcc/microblaze-xilinx-elf/4.6.2/bs/m/le\libgcc.a(_pack_sf.o)
                0x00015038                __pack_f
 .text          0x000151bc       0xc0 c:/xilinx/14.4/ise_ds/edk/gnu/microblaze/nt64/bin/../lib/gcc/microblaze-xilinx-elf/4.6.2/bs/m/le\libgcc.a(_unpack_sf.o)
                0x000151bc                __unpack_f
 .text          0x0001527c      0x100 c:/xilinx/14.4/ise_ds/edk/gnu/microblaze/nt64/bin/../lib/gcc/microblaze-xilinx-elf/4.6.2/bs/m/le\libgcc.a(_fpcmp_parts_sf.o)
                0x0001527c                __fpcmp_parts_f
 .text          0x0001537c       0x30 c:/xilinx/14.4/ise_ds/edk/gnu/microblaze/nt64/bin/../lib/gcc/microblaze-xilinx-elf/4.6.2/bs/m/le\libgcc.a(_make_sf.o)
                0x0001537c                __make_fp
 .text          0x000153ac      0x308 c:/xilinx/14.4/ise_ds/edk/gnu/microblaze/nt64/bin/../lib/gcc/microblaze-xilinx-elf/4.6.2/bs/m/le\libgcc.a(_pack_df.o)
                0x000153ac                __pack_d
 .text          0x000156b4      0x130 c:/xilinx/14.4/ise_ds/edk/gnu/microblaze/nt64/bin/../lib/gcc/microblaze-xilinx-elf/4.6.2/bs/m/le\libgcc.a(_unpack_df.o)
                0x000156b4                __unpack_d
 .text          0x000157e4       0x48 c:/xilinx/14.4/ise_ds/edk/gnu/microblaze/nt64/bin/../lib/gcc/microblaze-xilinx-elf/4.6.2/bs/m/le\libgcc.a(_lshrdi3.o)
                0x000157e4                __lshrdi3
 .text          0x0001582c       0x48 c:/xilinx/14.4/ise_ds/edk/gnu/microblaze/nt64/bin/../lib/gcc/microblaze-xilinx-elf/4.6.2/bs/m/le\libgcc.a(_ashldi3.o)
                0x0001582c                __ashldi3
 .text          0x00015874        0x0 ../../wlan_bsp_cpu_high/mb_high/lib\libc.a(lib_a-ctype_.o)
 .text          0x00015874       0x40 ../../wlan_bsp_cpu_high/mb_high/lib\libc.a(lib_a-exit.o)
                0x00015874                exit
 .text          0x000158b4        0x0 ../../wlan_bsp_cpu_high/mb_high/lib\libc.a(lib_a-impure.o)
 .text          0x000158b4       0x58 ../../wlan_bsp_cpu_high/mb_high/lib\libc.a(lib_a-malloc.o)
                0x000158b4                malloc
                0x000158e0                free
 .text          0x0001590c      0x8b0 ../../wlan_bsp_cpu_high/mb_high/lib\libc.a(lib_a-mallocr.o)
                0x0001590c                _malloc_r
 .text          0x000161bc       0xa0 ../../wlan_bsp_cpu_high/mb_high/lib\libc.a(lib_a-memcmp.o)
                0x000161bc                memcmp
 .text          0x0001625c      0x1bc ../../wlan_bsp_cpu_high/mb_high/lib\libc.a(lib_a-memcpy.o)
                0x0001625c                memcpy
 .text          0x00016418      0x20c ../../wlan_bsp_cpu_high/mb_high/lib\libc.a(lib_a-memmove.o)
                0x00016418                memmove
 .text          0x00016624      0x1e4 ../../wlan_bsp_cpu_high/mb_high/lib\libc.a(lib_a-memset.o)
                0x00016624                memset
 .text          0x00016808       0x10 ../../wlan_bsp_cpu_high/mb_high/lib\libc.a(lib_a-mlock.o)
                0x00016808                __malloc_lock
                0x00016810                __malloc_unlock
 .text          0x00016818      0x154 ../../wlan_bsp_cpu_high/mb_high/lib\libc.a(lib_a-mstats.o)
                0x00016818                mallinfo
                0x0001684c                malloc_stats
                0x00016874                mallopt
                0x000168a4                _mstats_r
                0x00016904                mstats
 .text          0x0001696c      0x1dc ../../wlan_bsp_cpu_high/mb_high/lib\libc.a(lib_a-rand.o)
                0x0001696c                srand
                0x00016a2c                rand
 .text          0x00016b48       0x30 ../../wlan_bsp_cpu_high/mb_high/lib\libc.a(lib_a-realloc.o)
                0x00016b48                realloc
 .text          0x00016b78      0x67c ../../wlan_bsp_cpu_high/mb_high/lib\libc.a(lib_a-reallocr.o)
                0x00016b78                _realloc_r
 .text          0x000171f4       0x5c ../../wlan_bsp_cpu_high/mb_high/lib\libc.a(lib_a-sbrkr.o)
                0x000171f4                _sbrk_r
 .text          0x00017250       0xb0 ../../wlan_bsp_cpu_high/mb_high/lib\libc.a(lib_a-strcmp.o)
                0x00017250                strcmp
 .text          0x00017300       0x90 ../../wlan_bsp_cpu_high/mb_high/lib\libc.a(lib_a-strcpy.o)
                0x00017300                strcpy
 .text          0x00017390       0x5c ../../wlan_bsp_cpu_high/mb_high/lib\libc.a(lib_a-strlen.o)
                0x00017390                strlen
 .text          0x000173ec      0x148 ../../wlan_bsp_cpu_high/mb_high/lib\libc.a(lib_a-strncmp.o)
                0x000173ec                strncmp
 .text          0x00017534      0x150 ../../wlan_bsp_cpu_high/mb_high/lib\libc.a(lib_a-strncpy.o)
                0x00017534                strncpy
 .text          0x00017684       0x30 ../../wlan_bsp_cpu_high/mb_high/lib\libc.a(lib_a-strndup.o)
                0x00017684                strndup
 .text          0x000176b4       0xb0 ../../wlan_bsp_cpu_high/mb_high/lib\libc.a(lib_a-strndup_r.o)
                0x000176b4                _strndup_r
 .text          0x00017764       0x50 ../../wlan_bsp_cpu_high/mb_high/lib\libc.a(lib_a-strnlen.o)
                0x00017764                strnlen
 .text          0x000177b4       0x80 ../../wlan_bsp_cpu_high/mb_high/lib\libc.a(lib_a-strrchr.o)
                0x000177b4                strrchr
 .text          0x00017834      0x2e4 ../../wlan_bsp_cpu_high/mb_high/lib\libc.a(lib_a-__call_atexit.o)
                0x00017834                __call_exitprocs
 .text          0x00017b18      0x48c ../../wlan_bsp_cpu_high/mb_high/lib\libc.a(lib_a-findfp.o)
                0x00017b28                _cleanup_r
                0x00017b50                __sfmoreglue
                0x00017bc0                _cleanup
                0x00017bf0                __sinit
                0x00017dd4                __sfp
                0x00017f24                __sfp_lock_acquire
                0x00017f2c                __sfp_lock_release
                0x00017f34                __sinit_lock_acquire
                0x00017f3c                __sinit_lock_release
                0x00017f44                __fp_lock_all
                0x00017f74                __fp_unlock_all
 .text          0x00017fa4       0x78 ../../wlan_bsp_cpu_high/mb_high/lib\libc.a(lib_a-fiprintf.o)
                0x00017fa4                _fiprintf_r
                0x00017fd4                fiprintf
 .text          0x0001801c      0x430 ../../wlan_bsp_cpu_high/mb_high/lib\libc.a(lib_a-freer.o)
                0x0001801c                _malloc_trim_r
                0x00018168                _free_r
 .text          0x0001844c      0x190 ../../wlan_bsp_cpu_high/mb_high/lib\libc.a(lib_a-fwalk.o)
                0x0001844c                _fwalk
                0x0001850c                _fwalk_reent
 .text          0x000185dc      0x1c4 ../../wlan_bsp_cpu_high/mb_high/lib\libc.a(lib_a-mallinfor.o)
                0x000185dc                __malloc_update_mallinfo
                0x00018674                _mallinfo_r
 .text          0x000187a0      0x12c ../../wlan_bsp_cpu_high/mb_high/lib\libc.a(lib_a-malloptr.o)
                0x000187a0                _mallopt_r
 .text          0x000188cc       0xd4 ../../wlan_bsp_cpu_high/mb_high/lib\libc.a(lib_a-mallstatsr.o)
                0x000188cc                _malloc_stats_r
 .text          0x000189a0      0x374 ../../wlan_bsp_cpu_high/mb_high/lib\libc.a(lib_a-reent.o)
                0x000189a0                cleanup_glue
                0x00018aec                _reclaim_reent
                0x00018c8c                _wrapup_reent
 .text          0x00018d14      0x184 ../../wlan_bsp_cpu_high/mb_high/lib\libc.a(lib_a-stdio.o)
                0x00018d14                __sread
                0x00018d70                __seofread
                0x00018d78                __swrite
                0x00018e10                __sseek
                0x00018e74                __sclose
 .text          0x00018e98      0x1cc ../../wlan_bsp_cpu_high/mb_high/lib\libc.a(lib_a-strchr.o)
                0x00018e98                strchr
 .text          0x00019064     0x1c94 ../../wlan_bsp_cpu_high/mb_high/lib\libc.a(lib_a-vfiprintf.o)
                0x00019064                __sprint_r
                0x00019160                _vfiprintf_r
                0x0001acc4                vfiprintf
 .text          0x0001acf8       0x64 ../../wlan_bsp_cpu_high/mb_high/lib\libc.a(lib_a-writer.o)
                0x0001acf8                _write_r
 .text          0x0001ad5c      0x1e4 ../../wlan_bsp_cpu_high/mb_high/lib\libc.a(lib_a-wsetup.o)
                0x0001ad5c                __swsetup_r
 .text          0x0001af40       0x5c ../../wlan_bsp_cpu_high/mb_high/lib\libc.a(lib_a-closer.o)
                0x0001af40                _close_r
 .text          0x0001af9c      0x1ac ../../wlan_bsp_cpu_high/mb_high/lib\libc.a(lib_a-fclose.o)
                0x0001af9c                _fclose_r
                0x0001b120                fclose
 .text          0x0001b148      0x448 ../../wlan_bsp_cpu_high/mb_high/lib\libc.a(lib_a-fflush.o)
                0x0001b148                __sflush_r
                0x0001b3ac                _fflush_r
                0x0001b460                fflush
 .text          0x0001b590      0x2b8 ../../wlan_bsp_cpu_high/mb_high/lib\libc.a(lib_a-fputwc.o)
                0x0001b72c                _fputwc_r
                0x0001b76c                fputwc
 .text          0x0001b848      0x568 ../../wlan_bsp_cpu_high/mb_high/lib\libc.a(lib_a-fvwrite.o)
                0x0001b848                __sfvwrite_r
 .text          0x0001bdb0      0x184 ../../wlan_bsp_cpu_high/mb_high/lib\libc.a(lib_a-locale.o)
                0x0001bdb0                _setlocale_r
                0x0001be44                __locale_charset
                0x0001be54                __locale_mb_cur_max
                0x0001be64                __locale_msgcharset
                0x0001be74                __locale_cjk_lang
                0x0001be7c                _localeconv_r
                0x0001be8c                setlocale
                0x0001bf24                localeconv
 .text          0x0001bf34       0x64 ../../wlan_bsp_cpu_high/mb_high/lib\libc.a(lib_a-lseekr.o)
                0x0001bf34                _lseek_r
 .text          0x0001bf98      0x1e4 ../../wlan_bsp_cpu_high/mb_high/lib\libc.a(lib_a-makebuf.o)
                0x0001bf98                __smakebuf_r
 .text          0x0001c17c       0xf8 ../../wlan_bsp_cpu_high/mb_high/lib\libc.a(lib_a-memchr.o)
                0x0001c17c                memchr
 .text          0x0001c274       0x64 ../../wlan_bsp_cpu_high/mb_high/lib\libc.a(lib_a-readr.o)
                0x0001c274                _read_r
 .text          0x0001c2d8      0x208 ../../wlan_bsp_cpu_high/mb_high/lib\libc.a(lib_a-wbuf.o)
                0x0001c2d8                __swbuf_r
                0x0001c4b4                __swbuf
 .text          0x0001c4e0      0x198 ../../wlan_bsp_cpu_high/mb_high/lib\libc.a(lib_a-wcrtomb.o)
                0x0001c4e0                _wcrtomb_r
                0x0001c598                wcrtomb
 .text          0x0001c678       0x90 ../../wlan_bsp_cpu_high/mb_high/lib\libc.a(lib_a-wctomb_r.o)
                0x0001c678                __ascii_wctomb
                0x0001c6ac                _wctomb_r
 .text          0x0001c708       0x60 ../../wlan_bsp_cpu_high/mb_high/lib\libc.a(lib_a-fstatr.o)
                0x0001c708                _fstat_r
 .text          0x0001c768       0x5c ../../wlan_bsp_cpu_high/mb_high/lib\libc.a(lib_a-isattyr.o)
                0x0001c768                _isatty_r
 .text          0x0001c7c4       0x14 ../../wlan_bsp_cpu_high/mb_high/lib\libxil.a(fstat.o)
                0x0001c7c4                fstat
 .text          0x0001c7d8        0x8 ../../wlan_bsp_cpu_high/mb_high/lib\libxil.a(isatty.o)
                0x0001c7d8                isatty
 .text          0x0001c7e0       0x2c ../../wlan_bsp_cpu_high/mb_high/lib\libxil.a(lseek.o)
                0x0001c7e0                lseek
 .text          0x0001c80c       0x64 ../../wlan_bsp_cpu_high/mb_high/lib\libxil.a(sbrk.o)
                0x0001c80c                sbrk
 .text          0x0001c870       0x94 ../../wlan_bsp_cpu_high/mb_high/lib\libxil.a(write.o)
                0x0001c870                write
 .text          0x0001c904       0x8c ../../wlan_bsp_cpu_high/mb_high/lib\libxil.a(read.o)
                0x0001c904                read
 .text          0x0001c990        0x8 ../../wlan_bsp_cpu_high/mb_high/lib\libxil.a(close.o)
                0x0001c990                close
 .text          0x0001c998       0x10 ../../wlan_bsp_cpu_high/mb_high/lib\libxil.a(errno.o)
                0x0001c998                __errno
 .text          0x0001c9a8       0x2c ../../wlan_bsp_cpu_high/mb_high/lib\libxil.a(inbyte.o)
                0x0001c9a8                inbyte
 .text          0x0001c9d4      0x69c c:/xilinx/14.4/ise_ds/edk/gnu/microblaze/nt64/bin/../lib/gcc/microblaze-xilinx-elf/4.6.2/bs/m/le\libgcc.a(_umoddi3.o)
                0x0001c9d4                __umoddi3
 .text          0x0001d070       0x4c c:/xilinx/14.4/ise_ds/edk/gnu/microblaze/nt64/bin/../lib/gcc/microblaze-xilinx-elf/4.6.2/bs/m/le/crtend.o
 .text          0x0001d0bc        0x0 c:/xilinx/14.4/ise_ds/edk/gnu/microblaze/nt64/bin/../lib/gcc/microblaze-xilinx-elf/4.6.2/bs/m/le/crtn.o
 *(.text.*)
 .text.startup  0x0001d0bc      0x570 ./src/wlan_mac_ap.o
                0x0001d0bc                main
 *wlan_mac_common*(.text)
 *(.gnu.linkonce.t.*)

.cpu_high_ddr_linker_data
                0xc0000000     0xb8c0
                0xc0000000                __cpu_high_ddr_linker_data_start = .
 *(.eth_data)
 .eth_data      0xc0000000      0x400 ./wlan_mac_high_framework/wlan_exp_node.o
                0xc0000000                ETH_header_buffer
 .eth_data      0xc0000400     0x47c0 ../../wlan_bsp_cpu_high/mb_high/lib\libxil.a(WARP_ip_udp_init.o)
                0xc0000400                ETH_headers
                0xc0000500                ETH_dummy_frame
                0xc0000540                ETH_send_buffer
 .eth_data      0xc0004bc0     0x6d00 ../../wlan_bsp_cpu_high/mb_high/lib\libxil.a(WARP_ip_udp_config.o)
                0xc0004bc0                ETH_1_recv_buffer
                0xc000b580                ETH_1_tx_bd_space
                0xc000b800                ETH_1_rx_bd_space
                0xc000b8c0                __cpu_high_ddr_linker_data_end = .

.init           0x0001d62c       0x3c
 *(.init)
 .init          0x0001d62c       0x18 c:/xilinx/14.4/ise_ds/edk/gnu/microblaze/nt64/bin/../lib/gcc/microblaze-xilinx-elf/4.6.2/bs/m/le/crti.o
                0x0001d62c                __init
 .init          0x0001d644        0xc c:/xilinx/14.4/ise_ds/edk/gnu/microblaze/nt64/bin/../lib/gcc/microblaze-xilinx-elf/4.6.2/bs/m/le/crtbegin.o
 .init          0x0001d650        0xc c:/xilinx/14.4/ise_ds/edk/gnu/microblaze/nt64/bin/../lib/gcc/microblaze-xilinx-elf/4.6.2/bs/m/le/crtend.o
 .init          0x0001d65c        0xc c:/xilinx/14.4/ise_ds/edk/gnu/microblaze/nt64/bin/../lib/gcc/microblaze-xilinx-elf/4.6.2/bs/m/le/crtn.o

.fini           0x0001d668       0x20
 *(.fini)
 .fini          0x0001d668        0x8 c:/xilinx/14.4/ise_ds/edk/gnu/microblaze/nt64/bin/../lib/gcc/microblaze-xilinx-elf/4.6.2/bs/m/le/crti.o
                0x0001d668                __fini
 .fini          0x0001d670        0xc c:/xilinx/14.4/ise_ds/edk/gnu/microblaze/nt64/bin/../lib/gcc/microblaze-xilinx-elf/4.6.2/bs/m/le/crtbegin.o
 .fini          0x0001d67c        0xc c:/xilinx/14.4/ise_ds/edk/gnu/microblaze/nt64/bin/../lib/gcc/microblaze-xilinx-elf/4.6.2/bs/m/le/crtn.o

.ctors          0x000328c4        0x8
                0x000328c4                __CTOR_LIST__ = .
                0x000328c4                ___CTORS_LIST___ = .
 *crtbegin.o(.ctors)
 .ctors         0x000328c4        0x4 c:/xilinx/14.4/ise_ds/edk/gnu/microblaze/nt64/bin/../lib/gcc/microblaze-xilinx-elf/4.6.2/bs/m/le/crtbegin.o
 *(EXCLUDE_FILE(*crtend.o) .ctors)
 *(SORT(.ctors.*))
 *(.ctors)
 .ctors         0x000328c8        0x4 c:/xilinx/14.4/ise_ds/edk/gnu/microblaze/nt64/bin/../lib/gcc/microblaze-xilinx-elf/4.6.2/bs/m/le/crtend.o
                0x000328cc                __CTOR_END__ = .
                0x000328cc                ___CTORS_END___ = .

.dtors          0x000328cc        0x8
                0x000328cc                __DTOR_LIST__ = .
                0x000328cc                ___DTORS_LIST___ = .
 *crtbegin.o(.dtors)
 .dtors         0x000328cc        0x4 c:/xilinx/14.4/ise_ds/edk/gnu/microblaze/nt64/bin/../lib/gcc/microblaze-xilinx-elf/4.6.2/bs/m/le/crtbegin.o
 *(EXCLUDE_FILE(*crtend.o) .dtors)
 *(SORT(.dtors.*))
 *(.dtors)
 .dtors         0x000328d0        0x4 c:/xilinx/14.4/ise_ds/edk/gnu/microblaze/nt64/bin/../lib/gcc/microblaze-xilinx-elf/4.6.2/bs/m/le/crtend.o
                0x000328d0                __DTOR_END__
                0x000328d4                PROVIDE (__DTOR_END__, .)
                0x000328d4                PROVIDE (___DTORS_END___, .)

.rodata         0x000328d4     0x56fe
                0x000328d4                __rodata_start = .
 *(.rodata)
 .rodata        0x000328d4      0x1d5 ./wlan_mac_high_framework/wlan_exp_common.o
 *fill*         0x00032aa9        0x3 00
 .rodata        0x00032aac      0xf07 ./wlan_mac_high_framework/wlan_exp_node.o
 *fill*         0x000339b3        0x1 00
 .rodata        0x000339b4      0x4a2 ./wlan_mac_high_framework/wlan_exp_transport.o
 *fill*         0x00033e56        0x2 00
 .rodata        0x00033e58       0x2e ./wlan_mac_high_framework/wlan_mac_addr_filter.o
 *fill*         0x00033e86        0x2 00
 .rodata        0x00033e88      0x1b9 ./wlan_mac_high_framework/wlan_mac_bss_info.o
 *fill*         0x00034041        0x3 00
 .rodata        0x00034044      0x111 ./wlan_mac_high_framework/wlan_mac_dl_list.o
 *fill*         0x00034155        0x3 00
 .rodata        0x00034158      0x11a ./wlan_mac_high_framework/wlan_mac_entries.o
 *fill*         0x00034272        0x2 00
 .rodata        0x00034274      0x542 ./wlan_mac_high_framework/wlan_mac_eth_util.o
 *fill*         0x000347b6        0x2 00
 .rodata        0x000347b8      0x2ca ./wlan_mac_high_framework/wlan_mac_event_log.o
 *fill*         0x00034a82        0x2 00
 .rodata        0x00034a84      0xc6a ./wlan_mac_high_framework/wlan_mac_high.o
                0x000356e0                zero_addr
                0x000356e8                bcast_addr
 *fill*         0x000356ee        0x2 00
 .rodata        0x000356f0      0x2e5 ./wlan_mac_high_framework/wlan_mac_ltg.o
 *fill*         0x000359d5        0x3 00
 .rodata        0x000359d8      0x19e ./wlan_mac_high_framework/wlan_mac_queue.o
 *fill*         0x00035b76        0x2 00
 .rodata        0x00035b78        0x1 ./wlan_mac_high_framework/wlan_mac_scan.o
 *fill*         0x00035b79        0x3 00
 .rodata        0x00035b7c       0xeb ./wlan_mac_high_framework/wlan_mac_schedule.o
 *fill*         0x00035c67        0x1 00
 .rodata        0x00035c68      0x457 ./wlan_mac_high_framework/wlan_mac_station_info.o
 *fill*         0x000360bf        0x1 00
 .rodata        0x000360c0       0x60 ./wlan_mac_common/wlan_mac_common.o
 .rodata        0x00036120       0x10 ./wlan_mac_common/wlan_mac_userio_util.o
 .rodata        0x00036130      0x288 ./src/wlan_exp_node_ap.o
 .rodata        0x000363b8      0x3c1 ./src/wlan_mac_ap.o
 *fill*         0x00036779        0x3 00
 .rodata        0x0003677c      0x3a7 ./src/wlan_mac_ap_uart_menu.o
 *fill*         0x00036b23        0x1 00
 .rodata        0x00036b24      0x43d ./src/wlan_mac_chan_util.o
 *fill*         0x00036f61        0x3 00
 .rodata        0x00036f64      0x164 ../../wlan_bsp_cpu_high/mb_high/lib\libxil.a(xil_printf.o)
 .rodata        0x000370c8      0x1c9 ../../wlan_bsp_cpu_high/mb_high/lib\libxil.a(WARP_ip_udp_eth.o)
 *fill*         0x00037291        0x3 00
 .rodata        0x00037294      0x106 ../../wlan_bsp_cpu_high/mb_high/lib\libxil.a(WARP_ip_udp_ip_udp.o)
 *fill*         0x0003739a        0x2 00
 .rodata        0x0003739c       0x1d ../../wlan_bsp_cpu_high/mb_high/lib\libxil.a(WARP_ip_udp_socket.o)
 *fill*         0x000373b9        0x3 00
 .rodata        0x000373bc       0xc7 ../../wlan_bsp_cpu_high/mb_high/lib\libxil.a(xaxicdma.o)
 *fill*         0x00037483        0x1 00
 .rodata        0x00037484      0x12f ../../wlan_bsp_cpu_high/mb_high/lib\libxil.a(xaxidma_bd.o)
 *fill*         0x000375b3        0x1 00
 .rodata        0x000375b4       0x6b ../../wlan_bsp_cpu_high/mb_high/lib\libxil.a(xaxidma_bdring.o)
 *fill*         0x0003761f        0x1 00
 .rodata        0x00037620        0xf ../../wlan_bsp_cpu_high/mb_high/lib\libxil.a(xaxiethernet.o)
 *fill*         0x0003762f        0x1 00
 .rodata        0x00037630        0x8 ../../wlan_bsp_cpu_high/mb_high/lib\libxil.a(xintc.o)
 .rodata        0x00037638        0x8 ../../wlan_bsp_cpu_high/mb_high/lib\libxil.a(xgpio.o)
 .rodata        0x00037640        0xd ../../wlan_bsp_cpu_high/mb_high/lib\libxil.a(xgpio_intr.o)
 *fill*         0x0003764d        0x3 00
 .rodata        0x00037650        0xe ../../wlan_bsp_cpu_high/mb_high/lib\libxil.a(xgpio_sinit.o)
 *fill*         0x0003765e        0x2 00
 .rodata        0x00037660        0xa ../../wlan_bsp_cpu_high/mb_high/lib\libxil.a(xtmrctr.o)
 *fill*         0x0003766a        0x2 00
 .rodata        0x0003766c        0xf ../../wlan_bsp_cpu_high/mb_high/lib\libxil.a(xtmrctr_intr.o)
 *fill*         0x0003767b        0x1 00
 .rodata        0x0003767c       0x4c ../../wlan_bsp_cpu_high/mb_high/lib\libxil.a(xtmrctr_options.o)
 .rodata        0x000376c8        0xc ../../wlan_bsp_cpu_high/mb_high/lib\libxil.a(xuartlite.o)
 .rodata        0x000376d4       0x11 ../../wlan_bsp_cpu_high/mb_high/lib\libxil.a(xuartlite_intr.o)
 *fill*         0x000376e5        0x3 00
 .rodata        0x000376e8       0x12 ../../wlan_bsp_cpu_high/mb_high/lib\libxil.a(xuartlite_sinit.o)
 *fill*         0x000376fa        0x2 00
 .rodata        0x000376fc       0x12 ../../wlan_bsp_cpu_high/mb_high/lib\libxil.a(xuartlite_stats.o)
 *fill*         0x0003770e        0x2 00
 .rodata        0x00037710        0x8 ../../wlan_bsp_cpu_high/mb_high/lib\libxil.a(xmbox.o)
 .rodata        0x00037718        0x9 ../../wlan_bsp_cpu_high/mb_high/lib\libxil.a(xmutex.o)
 *fill*         0x00037721        0x3 00
 .rodata        0x00037724      0x133 ../../wlan_bsp_cpu_high/mb_high/lib\libxil.a(w3_iic_eeprom.o)
 *fill*         0x00037857        0x1 00
 .rodata        0x00037858       0x3e ../../wlan_bsp_cpu_high/mb_high/lib\libxil.a(WARP_ip_udp_config.o)
 *fill*         0x00037896        0x2 00
 .rodata        0x00037898       0xeb ../../wlan_bsp_cpu_high/mb_high/lib\libxil.a(xaxicdma_bd.o)
 *fill*         0x00037983        0x1 00
 .rodata        0x00037984       0x10 c:/xilinx/14.4/ise_ds/edk/gnu/microblaze/nt64/bin/../lib/gcc/microblaze-xilinx-elf/4.6.2/bs/m/le\libgcc.a(_thenan_sf.o)
                0x00037984                __thenan_sf
 .rodata        0x00037994       0x14 c:/xilinx/14.4/ise_ds/edk/gnu/microblaze/nt64/bin/../lib/gcc/microblaze-xilinx-elf/4.6.2/bs/m/le\libgcc.a(_thenan_df.o)
                0x00037994                __thenan_df
 .rodata        0x000379a8      0x100 c:/xilinx/14.4/ise_ds/edk/gnu/microblaze/nt64/bin/../lib/gcc/microblaze-xilinx-elf/4.6.2/bs/m/le\libgcc.a(_clz.o)
                0x000379a8                __clz_tab
 .rodata        0x00037aa8      0x284 ../../wlan_bsp_cpu_high/mb_high/lib\libc.a(lib_a-ctype_.o)
                0x00037aa8                _ctype_
 .rodata        0x00037d2c        0x6 ../../wlan_bsp_cpu_high/mb_high/lib\libc.a(lib_a-impure.o)
                0x00037d2c                _global_impure_ptr
 *fill*         0x00037d32        0x2 00
 .rodata        0x00037d34       0x21 ../../wlan_bsp_cpu_high/mb_high/lib\libc.a(lib_a-mstats.o)
 *fill*         0x00037d55        0x3 00
 .rodata        0x00037d58       0x60 ../../wlan_bsp_cpu_high/mb_high/lib\libc.a(lib_a-findfp.o)
                0x00037d58                __sf_fake_stderr
                0x00037d78                __sf_fake_stdout
                0x00037d98                __sf_fake_stdin
 .rodata        0x00037db8       0x51 ../../wlan_bsp_cpu_high/mb_high/lib\libc.a(lib_a-mallstatsr.o)
 *fill*         0x00037e09        0x3 00
 .rodata        0x00037e0c      0x1b4 ../../wlan_bsp_cpu_high/mb_high/lib\libc.a(lib_a-vfiprintf.o)
 .rodata        0x00037fc0       0x12 ../../wlan_bsp_cpu_high/mb_high/lib\libc.a(lib_a-locale.o)
 *(.rodata.*)
 *(.gnu.linkonce.r.*)
                0x00037fd2                __rodata_end = .

.rela.dyn       0x00037fd4        0x0
 .rela.text     0x00000000        0x0 c:/xilinx/14.4/ise_ds/edk/gnu/microblaze/nt64/bin/../lib/gcc/microblaze-xilinx-elf/4.6.2/../../../../microblaze-xilinx-elf/lib/bs/m/le/crt0.o
 .rela.vectors.sw_exception
                0x00000000        0x0 c:/xilinx/14.4/ise_ds/edk/gnu/microblaze/nt64/bin/../lib/gcc/microblaze-xilinx-elf/4.6.2/../../../../microblaze-xilinx-elf/lib/bs/m/le/crt0.o
 .rela.vectors.interrupt
                0x00000000        0x0 c:/xilinx/14.4/ise_ds/edk/gnu/microblaze/nt64/bin/../lib/gcc/microblaze-xilinx-elf/4.6.2/../../../../microblaze-xilinx-elf/lib/bs/m/le/crt0.o
 .rela.vectors.hw_exception
                0x00000000        0x0 c:/xilinx/14.4/ise_ds/edk/gnu/microblaze/nt64/bin/../lib/gcc/microblaze-xilinx-elf/4.6.2/../../../../microblaze-xilinx-elf/lib/bs/m/le/crt0.o
 .rela.text.startup
                0x00000000        0x0 c:/xilinx/14.4/ise_ds/edk/gnu/microblaze/nt64/bin/../lib/gcc/microblaze-xilinx-elf/4.6.2/../../../../microblaze-xilinx-elf/lib/bs/m/le/crt0.o
 .rela.data     0x00000000        0x0 c:/xilinx/14.4/ise_ds/edk/gnu/microblaze/nt64/bin/../lib/gcc/microblaze-xilinx-elf/4.6.2/../../../../microblaze-xilinx-elf/lib/bs/m/le/crt0.o

.sdata2         0x00037fd2        0x6
                0x00037fd8                . = ALIGN (0x8)
 *fill*         0x00037fd2        0x6 00
                0x00037fd8                __sdata2_start = .
 *(.sdata2)
 *(.sdata2.*)
 *(.gnu.linkonce.s2.*)
                0x00037fd8                . = ALIGN (0x8)
                0x00037fd8                __sdata2_end = .

.sbss2          0x00037fd8        0x0
                0x00037fd8                __sbss2_start = .
 *(.sbss2)
 *(.sbss2.*)
 *(.gnu.linkonce.sb2.*)
                0x00037fd8                __sbss2_end = .

.data           0x00037fd8      0x7d8
                0x00037fd8                . = ALIGN (0x4)
                0x00037fd8                __data_start = .
 *(.data)
 .data          0x00037fd8        0x0 c:/xilinx/14.4/ise_ds/edk/gnu/microblaze/nt64/bin/../lib/gcc/microblaze-xilinx-elf/4.6.2/../../../../microblaze-xilinx-elf/lib/bs/m/le/crt0.o
 .data          0x00037fd8        0x0 c:/xilinx/14.4/ise_ds/edk/gnu/microblaze/nt64/bin/../lib/gcc/microblaze-xilinx-elf/4.6.2/bs/m/le/crti.o
 .data          0x00037fd8        0x8 c:/xilinx/14.4/ise_ds/edk/gnu/microblaze/nt64/bin/../lib/gcc/microblaze-xilinx-elf/4.6.2/bs/m/le/crtbegin.o
                0x00037fdc                __dso_handle
 .data          0x00037fe0        0x0 c:/xilinx/14.4/ise_ds/edk/gnu/microblaze/nt64/bin/../lib/gcc/microblaze-xilinx-elf/4.6.2/../../../../microblaze-xilinx-elf/lib/bs/m/le/crtinit.o
 .data          0x00037fe0       0x19 ./wlan_mac_high_framework/wlan_exp_common.o
                0x00037fe0                print_type_queue
                0x00037fe4                print_type_ltg
                0x00037fe8                print_type_counts
                0x00037fec                print_type_event_log
                0x00037ff0                print_type_transport
                0x00037ff4                print_type_node
                0x00037ff8                wlan_exp_print_level
 *fill*         0x00037ff9        0x3 00
 .data          0x00037ffc       0x1c ./wlan_mac_high_framework/wlan_exp_node.o
                0x00037ffc                wlan_exp_active_bss_info_getter_callback
                0x00038000                wlan_exp_process_config_bss_callback
                0x00038004                wlan_exp_beacon_ts_update_mode_callback
                0x00038008                wlan_exp_process_user_cmd_callback
                0x0003800c                wlan_exp_tx_cmd_add_association_callback
                0x00038010                wlan_exp_purge_all_data_tx_queue_callback
 .data          0x00038018        0x0 ./wlan_mac_high_framework/wlan_exp_transport.o
 .data          0x00038018        0x0 ./wlan_mac_high_framework/wlan_exp_user.o
 .data          0x00038018        0xe ./wlan_mac_high_framework/wlan_mac_addr_filter.o
 .data          0x00038026        0x0 ./wlan_mac_high_framework/wlan_mac_bss_info.o
 .data          0x00038026        0x0 ./wlan_mac_high_framework/wlan_mac_dl_list.o
 *fill*         0x00038026        0x2 00
 .data          0x00038028        0x4 ./wlan_mac_high_framework/wlan_mac_entries.o
                0x00038028                mac_payload_log_len
 .data          0x0003802c        0x0 ./wlan_mac_high_framework/wlan_mac_eth_util.o
 .data          0x0003802c        0x0 ./wlan_mac_high_framework/wlan_mac_event_log.o
 .data          0x0003802c        0x4 ./wlan_mac_high_framework/wlan_mac_high.o
                0x0003802c                right_shift_test
 .data          0x00038030        0x0 ./wlan_mac_high_framework/wlan_mac_ltg.o
 .data          0x00038030        0x0 ./wlan_mac_high_framework/wlan_mac_packet_types.o
 .data          0x00038030        0x0 ./wlan_mac_high_framework/wlan_mac_queue.o
 .data          0x00038030        0xf ./wlan_mac_high_framework/wlan_mac_scan.o
                0x00038030                default_channel_selections
 .data          0x0003803f        0x0 ./wlan_mac_high_framework/wlan_mac_schedule.o
 .data          0x0003803f        0x0 ./wlan_mac_high_framework/wlan_mac_station_info.o
 .data          0x0003803f        0x0 ./wlan_mac_common/wlan_mac_common.o
 .data          0x0003803f        0x0 ./wlan_mac_common/wlan_mac_mailbox_util.o
 .data          0x0003803f        0x0 ./wlan_mac_common/wlan_mac_pkt_buf_util.o
 .data          0x0003803f        0x0 ./wlan_mac_common/wlan_mac_sysmon_util.o
 .data          0x0003803f        0x0 ./wlan_mac_common/wlan_mac_time_util.o
 .data          0x0003803f        0x0 ./wlan_mac_common/wlan_mac_userio_util.o
 .data          0x0003803f        0x0 ./src/wlan_exp_node_ap.o
 *fill*         0x0003803f        0x1 00
 .data          0x00038040        0xb ./src/wlan_mac_ap.o
 *fill*         0x0003804b        0x1 00
 .data          0x0003804c        0x4 ./src/wlan_mac_ap_uart_menu.o
 .data          0x00038050        0x0 ./src/wlan_mac_chan_util.o
 .data          0x00038050        0x0 ../../wlan_bsp_cpu_high/mb_high/lib\libxil.a(xil_printf.o)
 .data          0x00038050        0x0 ../../wlan_bsp_cpu_high/mb_high/lib\libxil.a(_exception_handler.o)
 .data          0x00038050        0x0 ../../wlan_bsp_cpu_high/mb_high/lib\libxil.a(_program_clean.o)
 .data          0x00038050        0x0 ../../wlan_bsp_cpu_high/mb_high/lib\libxil.a(_program_init.o)
 .data          0x00038050       0x4c ../../wlan_bsp_cpu_high/mb_high/lib\libxil.a(hw_exception_handler.o)
                0x0003805c                MB_ExceptionVectorTable
 .data          0x0003809c        0x0 ../../wlan_bsp_cpu_high/mb_high/lib\libxil.a(microblaze_interrupt_handler.o)
 .data          0x0003809c        0x8 ../../wlan_bsp_cpu_high/mb_high/lib\libxil.a(microblaze_interrupts_g.o)
                0x0003809c                MB_InterruptVectorTable
 .data          0x000380a4        0x0 ../../wlan_bsp_cpu_high/mb_high/lib\libxil.a(outbyte.o)
 .data          0x000380a4        0x0 ../../wlan_bsp_cpu_high/mb_high/lib\libxil.a(xil_exception.o)
 .data          0x000380a4        0x0 ../../wlan_bsp_cpu_high/mb_high/lib\libxil.a(xil_io.o)
 .data          0x000380a4        0x0 ../../wlan_bsp_cpu_high/mb_high/lib\libxil.a(WARP_ip_udp_init.o)
 .data          0x000380a4        0x0 ../../wlan_bsp_cpu_high/mb_high/lib\libxil.a(WARP_ip_udp_eth.o)
 .data          0x000380a4        0x0 ../../wlan_bsp_cpu_high/mb_high/lib\libxil.a(WARP_ip_udp_ip_udp.o)
 .data          0x000380a4        0x0 ../../wlan_bsp_cpu_high/mb_high/lib\libxil.a(WARP_ip_udp_socket.o)
 .data          0x000380a4        0x0 ../../wlan_bsp_cpu_high/mb_high/lib\libxil.a(xaxicdma.o)
 .data          0x000380a4        0x0 ../../wlan_bsp_cpu_high/mb_high/lib\libxil.a(xaxicdma_bdring.o)
 .data          0x000380a4        0x0 ../../wlan_bsp_cpu_high/mb_high/lib\libxil.a(xaxicdma_intr.o)